Component: Arm Compiler for Embedded 6.23 Tool: armlink [5f102400]

==============================================================================

Section Cross References

    startup_stm32f103xb.o(RESET) refers to startup_stm32f103xb.o(STACK) for __initial_sp
    startup_stm32f103xb.o(RESET) refers to startup_stm32f103xb.o(.text) for Reset_Handler
    startup_stm32f103xb.o(RESET) refers to stm32f1xx_it.o(.text.NMI_Handler) for NMI_Handler
    startup_stm32f103xb.o(RESET) refers to stm32f1xx_it.o(.text.HardFault_Handler) for HardFault_Handler
    startup_stm32f103xb.o(RESET) refers to stm32f1xx_it.o(.text.MemManage_Handler) for MemManage_Handler
    startup_stm32f103xb.o(RESET) refers to stm32f1xx_it.o(.text.BusFault_Handler) for BusFault_Handler
    startup_stm32f103xb.o(RESET) refers to stm32f1xx_it.o(.text.UsageFault_Handler) for UsageFault_Handler
    startup_stm32f103xb.o(RESET) refers to stm32f1xx_it.o(.text.SVC_Handler) for SVC_Handler
    startup_stm32f103xb.o(RESET) refers to stm32f1xx_it.o(.text.DebugMon_Handler) for DebugMon_Handler
    startup_stm32f103xb.o(RESET) refers to stm32f1xx_it.o(.text.PendSV_Handler) for PendSV_Handler
    startup_stm32f103xb.o(RESET) refers to stm32f1xx_it.o(.text.SysTick_Handler) for SysTick_Handler
    startup_stm32f103xb.o(RESET) refers to stm32f1xx_it.o(.text.EXTI0_IRQHandler) for EXTI0_IRQHandler
    startup_stm32f103xb.o(RESET) refers to stm32f1xx_it.o(.text.TIM1_UP_IRQHandler) for TIM1_UP_IRQHandler
    startup_stm32f103xb.o(RESET) refers to stm32f1xx_it.o(.text.TIM2_IRQHandler) for TIM2_IRQHandler
    startup_stm32f103xb.o(RESET) refers to stm32f1xx_it.o(.text.TIM3_IRQHandler) for TIM3_IRQHandler
    startup_stm32f103xb.o(RESET) refers to stm32f1xx_it.o(.text.USART1_IRQHandler) for USART1_IRQHandler
    startup_stm32f103xb.o(RESET) refers to stm32f1xx_it.o(.text.USART2_IRQHandler) for USART2_IRQHandler
    startup_stm32f103xb.o(.text) refers to system_stm32f1xx.o(.text.SystemInit) for SystemInit
    startup_stm32f103xb.o(.text) refers to entry.o(.ARM.Collect$$$$00000000) for __main
    main.o(.text.main) refers to oled.o(.text.OLED_ShowString) for OLED_ShowString
    main.o(.text.main) refers to stm32f1xx_hal.o(.text.HAL_Init) for HAL_Init
    main.o(.text.main) refers to stm32f1xx_hal_rcc.o(.text.HAL_RCC_OscConfig) for HAL_RCC_OscConfig
    main.o(.text.main) refers to stm32f1xx_hal_rcc.o(.text.HAL_RCC_ClockConfig) for HAL_RCC_ClockConfig
    main.o(.text.main) refers to stm32f1xx_hal_rcc_ex.o(.text.HAL_RCCEx_PeriphCLKConfig) for HAL_RCCEx_PeriphCLKConfig
    main.o(.text.main) refers to gpio.o(.text.MX_GPIO_Init) for MX_GPIO_Init
    main.o(.text.main) refers to tim.o(.text.MX_TIM1_Init) for MX_TIM1_Init
    main.o(.text.main) refers to tim.o(.text.MX_TIM2_Init) for MX_TIM2_Init
    main.o(.text.main) refers to tim.o(.text.MX_TIM3_Init) for MX_TIM3_Init
    main.o(.text.main) refers to usart.o(.text.MX_USART1_UART_Init) for MX_USART1_UART_Init
    main.o(.text.main) refers to tim.o(.text.MX_TIM4_Init) for MX_TIM4_Init
    main.o(.text.main) refers to usart.o(.text.MX_USART2_UART_Init) for MX_USART2_UART_Init
    main.o(.text.main) refers to adc.o(.text.MX_ADC1_Init) for MX_ADC1_Init
    main.o(.text.main) refers to delay.o(.text.delay_init) for delay_init
    main.o(.text.main) refers to stm32f1xx_hal_cortex.o(.text.HAL_NVIC_DisableIRQ) for HAL_NVIC_DisableIRQ
    main.o(.text.main) refers to tim.o(.bss.htim4) for htim4
    main.o(.text.main) refers to stm32f1xx_hal_tim.o(.text.HAL_TIM_PWM_Init) for HAL_TIM_PWM_Init
    main.o(.text.main) refers to stm32f1xx_hal_tim.o(.text.HAL_TIM_PWM_Start) for HAL_TIM_PWM_Start
    main.o(.text.main) refers to oled.o(.text.OLED_Init) for OLED_Init
    main.o(.text.main) refers to moto.o(.text.MOTO_init) for MOTO_init
    main.o(.text.main) refers to tim.o(.bss.htim2) for htim2
    main.o(.text.main) refers to stm32f1xx_hal_tim.o(.text.HAL_TIM_Encoder_Start) for HAL_TIM_Encoder_Start
    main.o(.text.main) refers to tim.o(.bss.htim3) for htim3
    main.o(.text.main) refers to tim.o(.bss.htim1) for htim1
    main.o(.text.main) refers to stm32f1xx_hal_tim.o(.text.HAL_TIM_Base_Start_IT) for HAL_TIM_Base_Start_IT
    main.o(.text.main) refers to pid.o(.bss.encoder_speed) for encoder_speed
    main.o(.text.main) refers to main.o(.data..L_MergedGlobals) for .L_MergedGlobals
    main.o(.text.main) refers to main.o(.bss..L_MergedGlobals.2) for .L_MergedGlobals.2
    main.o(.text.main) refers to pid.o(.bss.bal) for bal
    main.o(.text.main) refers to pid.o(.text.pid_init) for pid_init
    main.o(.text.main) refers to pid.o(.bss..L_MergedGlobals.1) for velo
    main.o(.text.main) refers to moto.o(.text.Moto_SetPwm) for Moto_SetPwm
    main.o(.text.main) refers to mpu6050.o(.text.MPU6050_initialize) for MPU6050_initialize
    main.o(.text.main) refers to delay.o(.text.delay_ms) for delay_ms
    main.o(.text.main) refers to mpu6050.o(.text.DMP_Init) for DMP_Init
[...]
    oled.o(.text.OLED_ShowChar) refers to filter.o(.rodata.asc2_2412) for asc2_2412
    oled.o(.text.OLED_ShowChar) refers to gray.o(.rodata.asc2_2412) for asc2_2412
    oled.o(.text.OLED_ShowChar) refers to proc.o(.rodata.asc2_2412) for asc2_2412
    oled.o(.text.OLED_ShowChar) refers to inv_mpu.o(.rodata.asc2_2412) for asc2_2412
    oled.o(.text.OLED_ShowChar) refers to inv_mpu_dmp_motion_driver.o(.rodata.asc2_2412) for asc2_2412
    oled.o(.text.OLED_ShowChar) refers to ioi2c.o(.rodata.asc2_2412) for asc2_2412
    oled.o(.text.OLED_ShowChar) refers to mpu6050.o(.rodata.asc2_2412) for asc2_2412
    oled.o(.ARM.exidx.text.OLED_ShowChar) refers to oled.o(.text.OLED_ShowChar) for [Anonymous Symbol]
    oled.o(.text.OLED_ShowString) refers to oled.o(.text.OLED_ShowChar) for OLED_ShowChar
    oled.o(.ARM.exidx.text.OLED_ShowString) refers to oled.o(.text.OLED_ShowString) for [Anonymous Symbol]
    oled.o(.ARM.exidx.text.OLED_Pow) refers to oled.o(.text.OLED_Pow) for [Anonymous Symbol]
    oled.o(.text.OLED_ShowNum) refers to oled.o(.text.OLED_ShowChar) for OLED_ShowChar
    oled.o(.ARM.exidx.text.OLED_ShowNum) refers to oled.o(.text.OLED_ShowNum) for [Anonymous Symbol]
    oled.o(.text.OLED_ShowChinese) refers to main.o(.rodata.Hzk1) for Hzk1
    oled.o(.text.OLED_ShowChinese) refers to gpio.o(.rodata.Hzk1) for Hzk1
    oled.o(.text.OLED_ShowChinese) refers to adc.o(.rodata.Hzk1) for Hzk1
    oled.o(.text.OLED_ShowChinese) refers to tim.o(.rodata.Hzk1) for Hzk1
    oled.o(.text.OLED_ShowChinese) refers to usart.o(.rodata.Hzk1) for Hzk1
    oled.o(.text.OLED_ShowChinese) refers to stm32f1xx_it.o(.rodata.Hzk1) for Hzk1
    oled.o(.text.OLED_ShowChinese) refers to stm32f1xx_hal_msp.o(.rodata.Hzk1) for Hzk1
    oled.o(.text.OLED_ShowChinese) refers to decoder.o(.rodata.Hzk1) for Hzk1
    oled.o(.text.OLED_ShowChinese) refers to delay.o(.rodata.Hzk1) for Hzk1
    oled.o(.text.OLED_ShowChinese) refers to moto.o(.rodata.Hzk1) for Hzk1
    oled.o(.text.OLED_ShowChinese) refers to myadc.o(.rodata.Hzk1) for Hzk1
    oled.o(.text.OLED_ShowChinese) refers to oled.o(.rodata.Hzk1) for Hzk1
    oled.o(.text.OLED_ShowChinese) refers to pid.o(.rodata.Hzk1) for Hzk1
    oled.o(.text.OLED_ShowChinese) refers to interrupt.o(.rodata.Hzk1) for Hzk1
    oled.o(.text.OLED_ShowChinese) refers to fun.o(.rodata.Hzk1) for Hzk1
    oled.o(.text.OLED_ShowChinese) refers to filter.o(.rodata.Hzk1) for Hzk1
    oled.o(.text.OLED_ShowChinese) refers to gray.o(.rodata.Hzk1) for Hzk1
    oled.o(.text.OLED_ShowChinese) refers to proc.o(.rodata.Hzk1) for Hzk1
    oled.o(.text.OLED_ShowChinese) refers to inv_mpu.o(.rodata.Hzk1) for Hzk1
    oled.o(.text.OLED_ShowChinese) refers to inv_mpu_dmp_motion_driver.o(.rodata.Hzk1) for Hzk1
    oled.o(.text.OLED_ShowChinese) refers to ioi2c.o(.rodata.Hzk1) for Hzk1
    oled.o(.text.OLED_ShowChinese) refers to mpu6050.o(.rodata.Hzk1) for Hzk1
    oled.o(.text.OLED_ShowChinese) refers to main.o(.rodata.Hzk2) for Hzk2
    oled.o(.text.OLED_ShowChinese) refers to gpio.o(.rodata.Hzk2) for Hzk2
    oled.o(.text.OLED_ShowChinese) refers to adc.o(.rodata.Hzk2) for Hzk2
    oled.o(.text.OLED_ShowChinese) refers to tim.o(.rodata.Hzk2) for Hzk2
    oled.o(.text.OLED_ShowChinese) refers to usart.o(.rodata.Hzk2) for Hzk2
    oled.o(.text.OLED_ShowChinese) refers to stm32f1xx_it.o(.rodata.Hzk2) for Hzk2
    oled.o(.text.OLED_ShowChinese) refers to stm32f1xx_hal_msp.o(.rodata.Hzk2) for Hzk2
    oled.o(.text.OLED_ShowChinese) refers to decoder.o(.rodata.Hzk2) for Hzk2
    oled.o(.text.OLED_ShowChinese) refers to delay.o(.rodata.Hzk2) for Hzk2
    oled.o(.text.OLED_ShowChinese) refers to moto.o(.rodata.Hzk2) for Hzk2
    oled.o(.text.OLED_ShowChinese) refers to myadc.o(.rodata.Hzk2) for Hzk2
    oled.o(.text.OLED_ShowChinese) refers to oled.o(.rodata.Hzk2) for Hzk2
    oled.o(.text.OLED_ShowChinese) refers to pid.o(.rodata.Hzk2) for Hzk2
    oled.o(.text.OLED_ShowChinese) refers to interrupt.o(.rodata.Hzk2) for Hzk2
    oled.o(.text.OLED_ShowChinese) refers to fun.o(.rodata.Hzk2) for Hzk2
    oled.o(.text.OLED_ShowChinese) refers to filter.o(.rodata.Hzk2) for Hzk2
    oled.o(.text.OLED_ShowChinese) refers to gray.o(.rodata.Hzk2) for Hzk2
    oled.o(.text.OLED_ShowChinese) refers to proc.o(.rodata.Hzk2) for Hzk2
    oled.o(.text.OLED_ShowChinese) refers to inv_mpu.o(.rodata.Hzk2) for Hzk2
    oled.o(.text.OLED_ShowChinese) refers to inv_mpu_dmp_motion_driver.o(.rodata.Hzk2) for Hzk2
    oled.o(.text.OLED_ShowChinese) refers to ioi2c.o(.rodata.Hzk2) for Hzk2
    oled.o(.text.OLED_ShowChinese) refers to mpu6050.o(.rodata.Hzk2) for Hzk2
    oled.o(.text.OLED_ShowChinese) refers to oled.o(.bss.OLED_GRAM) for OLED_GRAM
    oled.o(.text.OLED_ShowChinese) refers to main.o(.rodata.Hzk4) for Hzk4
    oled.o(.text.OLED_ShowChinese) refers to gpio.o(.rodata.Hzk4) for Hzk4
    oled.o(.text.OLED_ShowChinese) refers to adc.o(.rodata.Hzk4) for Hzk4
    oled.o(.text.OLED_ShowChinese) refers to tim.o(.rodata.Hzk4) for Hzk4
    oled.o(.text.OLED_ShowChinese) refers to usart.o(.rodata.Hzk4) for Hzk4
    oled.o(.text.OLED_ShowChinese) refers to stm32f1xx_it.o(.rodata.Hzk4) for Hzk4
    oled.o(.text.OLED_ShowChinese) refers to stm32f1xx_hal_msp.o(.rodata.Hzk4) for Hzk4
    oled.o(.text.OLED_ShowChinese) refers to decoder.o(.rodata.Hzk4) for Hzk4
    oled.o(.text.OLED_ShowChinese) refers to delay.o(.rodata.Hzk4) for Hzk4
    oled.o(.text.OLED_ShowChinese) refers to moto.o(.rodata.Hzk4) for Hzk4
    oled.o(.text.OLED_ShowChinese) refers to myadc.o(.rodata.Hzk4) for Hzk4
    oled.o(.text.OLED_ShowChinese) refers to oled.o(.rodata.Hzk4) for Hzk4
    oled.o(.text.OLED_ShowChinese) refers to pid.o(.rodata.Hzk4) for Hzk4
    oled.o(.text.OLED_ShowChinese) refers to interrupt.o(.rodata.Hzk4) for Hzk4
    oled.o(.text.OLED_ShowChinese) refers to fun.o(.rodata.Hzk4) for Hzk4
    oled.o(.text.OLED_ShowChinese) refers to filter.o(.rodata.Hzk4) for Hzk4
    oled.o(.text.OLED_ShowChinese) refers to gray.o(.rodata.Hzk4) for Hzk4
    oled.o(.text.OLED_ShowChinese) refers to proc.o(.rodata.Hzk4) for Hzk4
    oled.o(.text.OLED_ShowChinese) refers to inv_mpu.o(.rodata.Hzk4) for Hzk4
    oled.o(.text.OLED_ShowChinese) refers to inv_mpu_dmp_motion_driver.o(.rodata.Hzk4) for Hzk4
    oled.o(.text.OLED_ShowChinese) refers to ioi2c.o(.rodata.Hzk4) for Hzk4
    oled.o(.text.OLED_ShowChinese) refers to mpu6050.o(.rodata.Hzk4) for Hzk4
    oled.o(.text.OLED_ShowChinese) refers to main.o(.rodata.Hzk3) for Hzk3
    oled.o(.text.OLED_ShowChinese) refers to gpio.o(.rodata.Hzk3) for Hzk3
    oled.o(.text.OLED_ShowChinese) refers to adc.o(.rodata.Hzk3) for Hzk3
    oled.o(.text.OLED_ShowChinese) refers to tim.o(.rodata.Hzk3) for Hzk3
    oled.o(.text.OLED_ShowChinese) refers to usart.o(.rodata.Hzk3) for Hzk3
    oled.o(.text.OLED_ShowChinese) refers to stm32f1xx_it.o(.rodata.Hzk3) for Hzk3
    oled.o(.text.OLED_ShowChinese) refers to stm32f1xx_hal_msp.o(.rodata.Hzk3) for Hzk3
    oled.o(.text.OLED_ShowChinese) refers to decoder.o(.rodata.Hzk3) for Hzk3
    oled.o(.text.OLED_ShowChinese) refers to delay.o(.rodata.Hzk3) for Hzk3
    oled.o(.text.OLED_ShowChinese) refers to moto.o(.rodata.Hzk3) for Hzk3
    oled.o(.text.OLED_ShowChinese) refers to myadc.o(.rodata.Hzk3) for Hzk3
    oled.o(.text.OLED_ShowChinese) refers to oled.o(.rodata.Hzk3) for Hzk3
    oled.o(.text.OLED_ShowChinese) refers to pid.o(.rodata.Hzk3) for Hzk3
    oled.o(.text.OLED_ShowChinese) refers to interrupt.o(.rodata.Hzk3) for Hzk3
    oled.o(.text.OLED_ShowChinese) refers to fun.o(.rodata.Hzk3) for Hzk3
    oled.o(.text.OLED_ShowChinese) refers to filter.o(.rodata.Hzk3) for Hzk3
    oled.o(.text.OLED_ShowChinese) refers to gray.o(.rodata.Hzk3) for Hzk3
    oled.o(.text.OLED_ShowChinese) refers to proc.o(.rodata.Hzk3) for Hzk3
    oled.o(.text.OLED_ShowChinese) refers to inv_mpu.o(.rodata.Hzk3) for Hzk3
    oled.o(.text.OLED_ShowChinese) refers to inv_mpu_dmp_motion_driver.o(.rodata.Hzk3) for Hzk3
    oled.o(.text.OLED_ShowChinese) refers to ioi2c.o(.rodata.Hzk3) for Hzk3
    oled.o(.text.OLED_ShowChinese) refers to mpu6050.o(.rodata.Hzk3) for Hzk3
    oled.o(.ARM.exidx.text.OLED_ShowChinese) refers to oled.o(.text.OLED_ShowChinese) for [Anonymous Symbol]
    oled.o(.text.OLED_ScrollDisplay) refers to oled.o(.bss.OLED_GRAM) for OLED_GRAM
    oled.o(.text.OLED_ScrollDisplay) refers to oled.o(.text.OLED_Refresh) for OLED_Refresh
    oled.o(.text.OLED_ScrollDisplay) refers to oled.o(.text.OLED_ShowChinese) for OLED_ShowChinese
    oled.o(.ARM.exidx.text.OLED_ScrollDisplay) refers to oled.o(.text.OLED_ScrollDisplay) for [Anonymous Symbol]
    oled.o(.text.OLED_ShowPicture) refers to oled.o(.bss.OLED_GRAM) for OLED_GRAM
    oled.o(.ARM.exidx.text.OLED_ShowPicture) refers to oled.o(.text.OLED_ShowPicture) for [Anonymous Symbol]
    oled.o(.text.OLED_Init) refers to oled.o(.text.OLED_WR_Byte) for OLED_WR_Byte
    oled.o(.text.OLED_Init) refers to oled.o(.bss.OLED_GRAM) for OLED_GRAM
    oled.o(.text.OLED_Init) refers to oled.o(.text.OLED_Refresh) for OLED_Refresh
    oled.o(.ARM.exidx.text.OLED_Init) refers to oled.o(.text.OLED_Init) for [Anonymous Symbol]
    pid.o(.text.pid_init) refers to ffixi.o(.text) for __aeabi_f2iz
    pid.o(.ARM.exidx.text.pid_init) refers to pid.o(.text.pid_init) for [Anonymous Symbol]
    pid.o(.ARM.exidx.text.clear_pid) refers to pid.o(.text.clear_pid) for [Anonymous Symbol]
    pid.o(.text.balance) refers to main.o(.data.ZhongZhi) for ZhongZhi
    pid.o(.text.balance) refers to fadd.o(.text) for __aeabi_fsub
    pid.o(.text.balance) refers to pid.o(.bss.bal) for bal
    pid.o(.text.balance) refers to fflti.o(.text) for __aeabi_i2f
    pid.o(.text.balance) refers to fmul.o(.text) for __aeabi_fmul
    pid.o(.text.balance) refers to ffixi.o(.text) for __aeabi_f2iz
    pid.o(.ARM.exidx.text.balance) refers to pid.o(.text.balance) for [Anonymous Symbol]
    pid.o(.text.velocity) refers to pid.o(.bss..L_MergedGlobals.1) for .L_MergedGlobals.1
    pid.o(.text.velocity) refers to pid.o(.data..L_MergedGlobals) for .L_MergedGlobals
    pid.o(.text.velocity) refers to ffltui.o(.text) for __aeabi_ui2f
    pid.o(.text.velocity) refers to fdiv.o(.text) for __aeabi_fdiv
    pid.o(.text.velocity) refers to fflti.o(.text) for __aeabi_i2f
    pid.o(.text.velocity) refers to fadd.o(.text) for __aeabi_fsub
    pid.o(.text.velocity) refers to f2d.o(.text) for __aeabi_f2d
    pid.o(.text.velocity) refers to dmul.o(.text) for __aeabi_dmul
    pid.o(.text.velocity) refers to d2f.o(.text) for __aeabi_d2f
    pid.o(.text.velocity) refers to dadd.o(.text) for __aeabi_dadd
    pid.o(.text.velocity) refers to fcmpgt.o(.text) for __aeabi_fcmpgt
    pid.o(.text.velocity) refers to fcmplt.o(.text) for __aeabi_fcmplt
    pid.o(.text.velocity) refers to fmul.o(.text) for __aeabi_fmul
    pid.o(.text.velocity) refers to ffixi.o(.text) for __aeabi_f2iz
    pid.o(.ARM.exidx.text.velocity) refers to pid.o(.text.velocity) for [Anonymous Symbol]
    pid.o(.text.velocitydir2) refers to pid.o(.bss..L_MergedGlobals.1) for .L_MergedGlobals.1
    pid.o(.text.velocitydir2) refers to dflti.o(.text) for __aeabi_i2d
    pid.o(.text.velocitydir2) refers to dmul.o(.text) for __aeabi_dmul
    pid.o(.text.velocitydir2) refers to dfixi.o(.text) for __aeabi_d2iz
    pid.o(.text.velocitydir2) refers to dadd.o(.text) for __aeabi_dadd
    pid.o(.text.velocitydir2) refers to fflti.o(.text) for __aeabi_i2f
    pid.o(.text.velocitydir2) refers to fadd.o(.text) for __aeabi_fsub
    pid.o(.text.velocitydir2) refers to ffixi.o(.text) for __aeabi_f2iz
    pid.o(.text.velocitydir2) refers to fmul.o(.text) for __aeabi_fmul
    pid.o(.ARM.exidx.text.velocitydir2) refers to pid.o(.text.velocitydir2) for [Anonymous Symbol]
    pid.o(.text.turn_encode) refers to pid.o(.data..L_MergedGlobals) for .L_MergedGlobals
    pid.o(.text.turn_encode) refers to ffltui.o(.text) for __aeabi_ui2f
    pid.o(.text.turn_encode) refers to pid.o(.bss..L_MergedGlobals.1) for .L_MergedGlobals.1
    pid.o(.text.turn_encode) refers to fadd.o(.text) for __aeabi_fadd
    pid.o(.text.turn_encode) refers to fcmpeq.o(.text) for __aeabi_fcmpeq
    pid.o(.text.turn_encode) refers to fun.o(.text.ABS_int) for ABS_int
    pid.o(.text.turn_encode) refers to fflti.o(.text) for __aeabi_i2f
    pid.o(.text.turn_encode) refers to fdiv.o(.text) for __aeabi_fdiv
    pid.o(.text.turn_encode) refers to f2d.o(.text) for __aeabi_f2d
    pid.o(.text.turn_encode) refers to dcmplt.o(.text) for __aeabi_dcmplt
    pid.o(.text.turn_encode) refers to fcmple.o(.text) for __aeabi_fcmple
    pid.o(.text.turn_encode) refers to fcmplt.o(.text) for __aeabi_fcmplt
    pid.o(.text.turn_encode) refers to fmul.o(.text) for __aeabi_fmul
    pid.o(.text.turn_encode) refers to ffixi.o(.text) for __aeabi_f2iz
    pid.o(.ARM.exidx.text.turn_encode) refers to pid.o(.text.turn_encode) for [Anonymous Symbol]
    pid.o(.text.TurnAgle) refers to fflti.o(.text) for __aeabi_i2f
    pid.o(.text.TurnAgle) refers to main.o(.data.turn_kp) for turn_kp
    pid.o(.text.TurnAgle) refers to main.o(.data.turn_kd) for turn_kd
    pid.o(.text.TurnAgle) refers to fmul.o(.text) for __aeabi_fmul
    pid.o(.text.TurnAgle) refers to fadd.o(.text) for __aeabi_fsub
    pid.o(.text.TurnAgle) refers to ffixi.o(.text) for __aeabi_f2iz
    pid.o(.ARM.exidx.text.TurnAgle) refers to pid.o(.text.TurnAgle) for [Anonymous Symbol]
    pid.o(.text.turn_pwm) refers to fflti.o(.text) for __aeabi_i2f
    pid.o(.text.turn_pwm) refers to main.o(.data.turn_kp) for turn_kp
    pid.o(.text.turn_pwm) refers to main.o(.data.turn_kd) for turn_kd
    pid.o(.text.turn_pwm) refers to fmul.o(.text) for __aeabi_fmul
    pid.o(.text.turn_pwm) refers to fadd.o(.text) for __aeabi_fsub
    pid.o(.text.turn_pwm) refers to ffixi.o(.text) for __aeabi_f2iz
    pid.o(.ARM.exidx.text.turn_pwm) refers to pid.o(.text.turn_pwm) for [Anonymous Symbol]
    pid.o(.text.stop_move) refers to pid.o(.bss..L_MergedGlobals.1) for .L_MergedGlobals.1
    pid.o(.ARM.exidx.text.stop_move) refers to pid.o(.text.stop_move) for [Anonymous Symbol]
    pid.o(.text.cf_Motor_PID) refers to fflti.o(.text) for __aeabi_i2f
    pid.o(.text.cf_Motor_PID) refers to fadd.o(.text) for __aeabi_fadd
    pid.o(.text.cf_Motor_PID) refers to fcmpgt.o(.text) for __aeabi_fcmpgt
    pid.o(.text.cf_Motor_PID) refers to fcmpge.o(.text) for __aeabi_fcmpge
    pid.o(.text.cf_Motor_PID) refers to fmul.o(.text) for __aeabi_fmul
    pid.o(.text.cf_Motor_PID) refers to ffixi.o(.text) for __aeabi_f2iz
    pid.o(.ARM.exidx.text.cf_Motor_PID) refers to pid.o(.text.cf_Motor_PID) for [Anonymous Symbol]
    pid.o(.text.cf_PID) refers to fadd.o(.text) for __aeabi_fsub
    pid.o(.text.cf_PID) refers to fcmpgt.o(.text) for __aeabi_fcmpgt
    pid.o(.text.cf_PID) refers to fcmpge.o(.text) for __aeabi_fcmpge
    pid.o(.text.cf_PID) refers to fflti.o(.text) for __aeabi_i2f
    pid.o(.text.cf_PID) refers to fmul.o(.text) for __aeabi_fmul
    pid.o(.text.cf_PID) refers to ffixi.o(.text) for __aeabi_f2iz
    pid.o(.ARM.exidx.text.cf_PID) refers to pid.o(.text.cf_PID) for [Anonymous Symbol]
    pid.o(.text.cf_pid_ddz) refers to fflti.o(.text) for __aeabi_i2f
    pid.o(.text.cf_pid_ddz) refers to fadd.o(.text) for __aeabi_fadd
    pid.o(.text.cf_pid_ddz) refers to fmul.o(.text) for __aeabi_fmul
    pid.o(.text.cf_pid_ddz) refers to ffixi.o(.text) for __aeabi_f2iz
    pid.o(.ARM.exidx.text.cf_pid_ddz) refers to pid.o(.text.cf_pid_ddz) for [Anonymous Symbol]
    printf.o(.ARM.exidx.text._sys_exit) refers to printf.o(.text._sys_exit) for [Anonymous Symbol]
    interrupt.o(.text.HAL_GPIO_EXTI_Callback) refers to interrupt.o(.bss..L_MergedGlobals) for .L_MergedGlobals
    interrupt.o(.text.HAL_GPIO_EXTI_Callback) refers to filter.o(.text.Get_Angle) for Get_Angle
    interrupt.o(.text.HAL_GPIO_EXTI_Callback) refers to filter.o(.bss..L_MergedGlobals.1) for angle
    interrupt.o(.text.HAL_GPIO_EXTI_Callback) refers to fun.o(.text.ABS_float) for ABS_float
    interrupt.o(.text.HAL_GPIO_EXTI_Callback) refers to fcmple.o(.text) for __aeabi_fcmple
    interrupt.o(.text.HAL_GPIO_EXTI_Callback) refers to moto.o(.bss..L_MergedGlobals) for moto_lock_flag
    interrupt.o(.text.HAL_GPIO_EXTI_Callback) refers to decoder.o(.bss..L_MergedGlobals) for k1
    interrupt.o(.text.HAL_GPIO_EXTI_Callback) refers to decoder.o(.text.Read_Velocity_L) for Read_Velocity_L
    interrupt.o(.text.HAL_GPIO_EXTI_Callback) refers to decoder.o(.text.Read_Velocity_R) for Read_Velocity_R
    interrupt.o(.text.HAL_GPIO_EXTI_Callback) refers to main.o(.bss.Angle_Balance) for Angle_Balance
    interrupt.o(.text.HAL_GPIO_EXTI_Callback) refers to main.o(.bss.Gyro_Balance) for Gyro_Balance
    interrupt.o(.text.HAL_GPIO_EXTI_Callback) refers to pid.o(.text.balance) for balance
    interrupt.o(.text.HAL_GPIO_EXTI_Callback) refers to pid.o(.text.velocitydir2) for velocitydir2
    interrupt.o(.text.HAL_GPIO_EXTI_Callback) refers to interrupt.o(.data.turn_mode) for turn_mode
    interrupt.o(.text.HAL_GPIO_EXTI_Callback) refers to main.o(.bss.moto_pwm_l) for moto_pwm_l
    interrupt.o(.text.HAL_GPIO_EXTI_Callback) refers to main.o(.bss.moto_pwm_r) for moto_pwm_r
    interrupt.o(.text.HAL_GPIO_EXTI_Callback) refers to gray.o(.text.gray_calc_error) for gray_calc_error
    interrupt.o(.text.HAL_GPIO_EXTI_Callback) refers to pid.o(.text.turn_pwm) for turn_pwm
    interrupt.o(.text.HAL_GPIO_EXTI_Callback) refers to moto.o(.text.Xianfu_pwm) for Xianfu_pwm
    interrupt.o(.text.HAL_GPIO_EXTI_Callback) refers to moto.o(.text.Moto_SetPwm) for Moto_SetPwm
    interrupt.o(.ARM.exidx.text.HAL_GPIO_EXTI_Callback) refers to interrupt.o(.text.HAL_GPIO_EXTI_Callback) for [Anonymous Symbol]
    interrupt.o(.text.HAL_UART_RxCpltCallback) refers to interrupt.o(.bss..L_MergedGlobals) for .L_MergedGlobals
    interrupt.o(.text.HAL_UART_RxCpltCallback) refers to usart.o(.bss.huart2) for huart2
    interrupt.o(.text.HAL_UART_RxCpltCallback) refers to stm32f1xx_hal_uart.o(.text.HAL_UART_Receive_IT) for HAL_UART_Receive_IT
    interrupt.o(.text.HAL_UART_RxCpltCallback) refers to usart.o(.bss.huart1) for huart1
    interrupt.o(.ARM.exidx.text.HAL_UART_RxCpltCallback) refers to interrupt.o(.text.HAL_UART_RxCpltCallback) for [Anonymous Symbol]
    fun.o(.ARM.exidx.text.ABS_int) refers to fun.o(.text.ABS_int) for [Anonymous Symbol]
    fun.o(.ARM.exidx.text.ABS_float) refers to fun.o(.text.ABS_float) for [Anonymous Symbol]
    fun.o(.ARM.exidx.text.Threshold_int) refers to fun.o(.text.Threshold_int) for [Anonymous Symbol]
    filter.o(.text.Kalman_Filter) refers to filter.o(.bss..L_MergedGlobals.1) for .L_MergedGlobals.1
    filter.o(.text.Kalman_Filter) refers to fadd.o(.text) for __aeabi_fsub
    filter.o(.text.Kalman_Filter) refers to filter.o(.data..L_MergedGlobals) for .L_MergedGlobals
    filter.o(.text.Kalman_Filter) refers to fmul.o(.text) for __aeabi_fmul
    filter.o(.text.Kalman_Filter) refers to ffltui.o(.text) for __aeabi_ui2f
    filter.o(.text.Kalman_Filter) refers to fdiv.o(.text) for __aeabi_fdiv
    filter.o(.ARM.exidx.text.Kalman_Filter) refers to filter.o(.text.Kalman_Filter) for [Anonymous Symbol]
    filter.o(.text.Yijielvbo) refers to filter.o(.data.K1) for K1
    filter.o(.text.Yijielvbo) refers to fmul.o(.text) for __aeabi_fmul
    filter.o(.text.Yijielvbo) refers to f2d.o(.text) for __aeabi_f2d
    filter.o(.text.Yijielvbo) refers to fadd.o(.text) for __aeabi_fsub
    filter.o(.text.Yijielvbo) refers to filter.o(.bss..L_MergedGlobals.1) for .L_MergedGlobals.1
    filter.o(.text.Yijielvbo) refers to dmul.o(.text) for __aeabi_dmul
    filter.o(.text.Yijielvbo) refers to dadd.o(.text) for __aeabi_dadd
    filter.o(.text.Yijielvbo) refers to d2f.o(.text) for __aeabi_d2f
    filter.o(.ARM.exidx.text.Yijielvbo) refers to filter.o(.text.Yijielvbo) for [Anonymous Symbol]
    filter.o(.text.Get_Angle) refers to mpu6050.o(.text.Read_Temperature) for Read_Temperature
    filter.o(.text.Get_Angle) refers to main.o(.bss.temp) for temp
    filter.o(.text.Get_Angle) refers to mpu6050.o(.text.Read_DMP) for Read_DMP
    filter.o(.text.Get_Angle) refers to mpu6050.o(.bss..L_MergedGlobals) for Pitch
    filter.o(.text.Get_Angle) refers to main.o(.bss.Angle_Balance) for Angle_Balance
    filter.o(.text.Get_Angle) refers to fflti.o(.text) for __aeabi_i2f
    filter.o(.text.Get_Angle) refers to main.o(.bss.Gyro_Balance) for Gyro_Balance
    filter.o(.text.Get_Angle) refers to main.o(.bss.Gyro_Turn) for Gyro_Turn
    filter.o(.text.Get_Angle) refers to ioi2c.o(.text.I2C_ReadOneByte) for I2C_ReadOneByte
    filter.o(.text.Get_Angle) refers to ffltui.o(.text) for __aeabi_ui2f
    filter.o(.text.Get_Angle) refers to filter.o(.bss..L_MergedGlobals.1) for .L_MergedGlobals.1
    filter.o(.text.Get_Angle) refers to fcmpgt.o(.text) for __aeabi_fcmpgt
    filter.o(.text.Get_Angle) refers to fadd.o(.text) for __aeabi_fadd
    filter.o(.text.Get_Angle) refers to f2d.o(.text) for __aeabi_f2d
    filter.o(.text.Get_Angle) refers to atan2.o(i.atan2) for atan2
    filter.o(.text.Get_Angle) refers to dmul.o(.text) for __aeabi_dmul
    filter.o(.text.Get_Angle) refers to ddiv.o(.text) for __aeabi_ddiv
    filter.o(.text.Get_Angle) refers to d2f.o(.text) for __aeabi_d2f
    filter.o(.text.Get_Angle) refers to filter.o(.text.Kalman_Filter) for Kalman_Filter
    filter.o(.text.Get_Angle) refers to filter.o(.data.K1) for K1
    filter.o(.text.Get_Angle) refers to fmul.o(.text) for __aeabi_fmul
    filter.o(.text.Get_Angle) refers to dadd.o(.text) for __aeabi_dadd
    filter.o(.text.Get_Angle) refers to main.o(.bss.Acceleration_Z) for Acceleration_Z
    filter.o(.ARM.exidx.text.Get_Angle) refers to filter.o(.text.Get_Angle) for [Anonymous Symbol]
    gray.o(.text.read_infrared_sensor) refers to stm32f1xx_hal_gpio.o(.text.HAL_GPIO_ReadPin) for HAL_GPIO_ReadPin
    gray.o(.ARM.exidx.text.read_infrared_sensor) refers to gray.o(.text.read_infrared_sensor) for [Anonymous Symbol]
    gray.o(.text.show_gray_value) refers to stm32f1xx_hal_gpio.o(.text.HAL_GPIO_ReadPin) for HAL_GPIO_ReadPin
    gray.o(.text.show_gray_value) refers to printfa.o(i.__0printf) for __2printf
    gray.o(.ARM.exidx.text.show_gray_value) refers to gray.o(.text.show_gray_value) for [Anonymous Symbol]
    gray.o(.text.gray_calc_error) refers to stm32f1xx_hal_gpio.o(.text.HAL_GPIO_ReadPin) for HAL_GPIO_ReadPin
    gray.o(.text.gray_calc_error) refers to gray.o(.bss.Stop_flag) for Stop_flag
    gray.o(.text.gray_calc_error) refers to pid.o(.text.stop_move) for stop_move
    gray.o(.ARM.exidx.text.gray_calc_error) refers to gray.o(.text.gray_calc_error) for [Anonymous Symbol]
    proc.o(.text) refers (Special) to _scanf_int.o(.text) for _scanf_int
    proc.o(.text) refers (Special) to scanf_fp.o(.text) for _scanf_real
    proc.o(.text.rx2_proc) refers (Special) to _scanf_int.o(.text) for _scanf_int
    proc.o(.text.rx2_proc) refers (Special) to scanf_fp.o(.text) for _scanf_real
    proc.o(.text.rx2_proc) refers to interrupt.o(.bss..L_MergedGlobals) for rx2_pointer
    proc.o(.text.rx2_proc) refers to strlen.o(.text) for strlen
    proc.o(.text.rx2_proc) refers to usart.o(.bss.huart1) for huart1
    proc.o(.text.rx2_proc) refers to stm32f1xx_hal_uart.o(.text.HAL_UART_Transmit) for HAL_UART_Transmit
    proc.o(.ARM.exidx.text.rx2_proc) refers (Special) to _scanf_int.o(.text) for _scanf_int
    proc.o(.ARM.exidx.text.rx2_proc) refers (Special) to scanf_fp.o(.text) for _scanf_real
    proc.o(.ARM.exidx.text.rx2_proc) refers to proc.o(.text.rx2_proc) for [Anonymous Symbol]
    proc.o(.text.rx1_proc) refers (Special) to _scanf_int.o(.text) for _scanf_int
    proc.o(.text.rx1_proc) refers (Special) to scanf_fp.o(.text) for _scanf_real
    proc.o(.text.rx1_proc) refers to interrupt.o(.bss..L_MergedGlobals) for rx1_pointer
    proc.o(.text.rx1_proc) refers to main.o(.data.ZhongZhi) for ZhongZhi
    proc.o(.text.rx1_proc) refers to __0sscanf.o(.text) for __0sscanf
    proc.o(.text.rx1_proc) refers to moto.o(.text.Moto_SetPwm) for Moto_SetPwm
    proc.o(.text.rx1_proc) refers to decoder.o(.bss..L_MergedGlobals) for k1
    proc.o(.text.rx1_proc) refers to pid.o(.bss.bal) for bal
    proc.o(.text.rx1_proc) refers to pid.o(.text.pid_init) for pid_init
    proc.o(.text.rx1_proc) refers to main.o(.data..L_MergedGlobals) for velo_kp
    proc.o(.text.rx1_proc) refers to main.o(.bss..L_MergedGlobals.2) for velo_kd
    proc.o(.text.rx1_proc) refers to pid.o(.bss..L_MergedGlobals.1) for velo
    proc.o(.text.rx1_proc) refers to f2d.o(.text) for __aeabi_f2d
    proc.o(.text.rx1_proc) refers to proc.o(.rodata.str1.1) for .L.str.1
    proc.o(.text.rx1_proc) refers to ffixi.o(.text) for __aeabi_f2iz
    proc.o(.text.rx1_proc) refers to moto.o(.bss..L_MergedGlobals) for moto_dead_zone
    proc.o(.text.rx1_proc) refers to printfa.o(i.__0printf) for __2printf
    proc.o(.text.rx1_proc) refers to pid.o(.bss.encoder_speed) for encoder_speed
    proc.o(.text.rx1_proc) refers to main.o(.bss.moto_pwm_l) for moto_pwm_l
    proc.o(.text.rx1_proc) refers to main.o(.bss.moto_pwm_r) for moto_pwm_r
    proc.o(.text.rx1_proc) refers to main.o(.data.turn_kp) for turn_kp
    proc.o(.text.rx1_proc) refers to main.o(.data.turn_kd) for turn_kd
    proc.o(.ARM.exidx.text.rx1_proc) refers (Special) to _scanf_int.o(.text) for _scanf_int
    proc.o(.ARM.exidx.text.rx1_proc) refers (Special) to scanf_fp.o(.text) for _scanf_real
    proc.o(.ARM.exidx.text.rx1_proc) refers to proc.o(.text.rx1_proc) for [Anonymous Symbol]
    proc.o(.text.key_proc) refers (Special) to _scanf_int.o(.text) for _scanf_int
    proc.o(.text.key_proc) refers (Special) to scanf_fp.o(.text) for _scanf_real
    proc.o(.text.key_proc) refers to decoder.o(.bss..L_MergedGlobals) for k1
    proc.o(.text.key_proc) refers to pid.o(.bss.Qina_flag) for Qina_flag
    proc.o(.text.key_proc) refers to pid.o(.bss..L_MergedGlobals.1) for Movement
    proc.o(.text.key_proc) refers to interrupt.o(.data.turn_mode) for turn_mode
    proc.o(.text.key_proc) refers to puts.o(i.puts) for puts
    proc.o(.ARM.exidx.text.key_proc) refers (Special) to _scanf_int.o(.text) for _scanf_int
    proc.o(.ARM.exidx.text.key_proc) refers (Special) to scanf_fp.o(.text) for _scanf_real
    proc.o(.ARM.exidx.text.key_proc) refers to proc.o(.text.key_proc) for [Anonymous Symbol]
    proc.o(.text.Detect_Pick_Up) refers (Special) to _scanf_int.o(.text) for _scanf_int
    proc.o(.text.Detect_Pick_Up) refers (Special) to scanf_fp.o(.text) for _scanf_real
    proc.o(.text.Detect_Pick_Up) refers to proc.o(.bss..L_MergedGlobals) for .L_MergedGlobals
    proc.o(.text.Detect_Pick_Up) refers to fun.o(.text.ABS_int) for ABS_int
    proc.o(.text.Detect_Pick_Up) refers to fcmple.o(.text) for __aeabi_fcmple
    proc.o(.text.Detect_Pick_Up) refers to main.o(.data.ZhongZhi) for ZhongZhi
    proc.o(.text.Detect_Pick_Up) refers to fadd.o(.text) for __aeabi_fadd
    proc.o(.text.Detect_Pick_Up) refers to fcmpge.o(.text) for __aeabi_fcmpge
    proc.o(.ARM.exidx.text.Detect_Pick_Up) refers (Special) to _scanf_int.o(.text) for _scanf_int
    proc.o(.ARM.exidx.text.Detect_Pick_Up) refers (Special) to scanf_fp.o(.text) for _scanf_real
    proc.o(.ARM.exidx.text.Detect_Pick_Up) refers to proc.o(.text.Detect_Pick_Up) for [Anonymous Symbol]
    proc.o(.rodata.asc2_0806) refers (Special) to _scanf_int.o(.text) for _scanf_int
    proc.o(.rodata.asc2_0806) refers (Special) to scanf_fp.o(.text) for _scanf_real
    proc.o(.rodata.asc2_1206) refers (Special) to _scanf_int.o(.text) for _scanf_int
    proc.o(.rodata.asc2_1206) refers (Special) to scanf_fp.o(.text) for _scanf_real
    proc.o(.rodata.asc2_1608) refers (Special) to _scanf_int.o(.text) for _scanf_int
    proc.o(.rodata.asc2_1608) refers (Special) to scanf_fp.o(.text) for _scanf_real
    proc.o(.rodata.asc2_2412) refers (Special) to _scanf_int.o(.text) for _scanf_int
    proc.o(.rodata.asc2_2412) refers (Special) to scanf_fp.o(.text) for _scanf_real
    proc.o(.rodata.Hzk1) refers (Special) to _scanf_int.o(.text) for _scanf_int
    proc.o(.rodata.Hzk1) refers (Special) to scanf_fp.o(.text) for _scanf_real
    proc.o(.rodata.Hzk2) refers (Special) to _scanf_int.o(.text) for _scanf_int
    proc.o(.rodata.Hzk2) refers (Special) to scanf_fp.o(.text) for _scanf_real
    proc.o(.rodata.Hzk3) refers (Special) to _scanf_int.o(.text) for _scanf_int
    proc.o(.rodata.Hzk3) refers (Special) to scanf_fp.o(.text) for _scanf_real
    proc.o(.rodata.Hzk4) refers (Special) to _scanf_int.o(.text) for _scanf_int
    proc.o(.rodata.Hzk4) refers (Special) to scanf_fp.o(.text) for _scanf_real
    proc.o(.rodata.str1.1) refers (Special) to _scanf_int.o(.text) for _scanf_int
    proc.o(.rodata.str1.1) refers (Special) to scanf_fp.o(.text) for _scanf_real
    proc.o(.bss..L_MergedGlobals) refers (Special) to _scanf_int.o(.text) for _scanf_int
    proc.o(.bss..L_MergedGlobals) refers (Special) to scanf_fp.o(.text) for _scanf_real
    inv_mpu.o(.text.mpu_reg_dump) refers to inv_mpu.o(.data.st) for st
    inv_mpu.o(.text.mpu_reg_dump) refers to ioi2c.o(.text.i2cRead) for i2cRead
    inv_mpu.o(.ARM.exidx.text.mpu_reg_dump) refers to inv_mpu.o(.text.mpu_reg_dump) for [Anonymous Symbol]
    inv_mpu.o(.text.mpu_read_reg) refers to inv_mpu.o(.data.st) for st
    inv_mpu.o(.text.mpu_read_reg) refers to ioi2c.o(.text.i2cRead) for i2cRead
    inv_mpu.o(.ARM.exidx.text.mpu_read_reg) refers to inv_mpu.o(.text.mpu_read_reg) for [Anonymous Symbol]
    inv_mpu.o(.text.mpu_init) refers to inv_mpu.o(.data.st) for st
    inv_mpu.o(.text.mpu_init) refers to ioi2c.o(.text.i2cWrite) for i2cWrite
    inv_mpu.o(.text.mpu_init) refers to delay.o(.text.delay_ms) for delay_ms
    inv_mpu.o(.text.mpu_init) refers to ioi2c.o(.text.i2cRead) for i2cRead
    inv_mpu.o(.text.mpu_init) refers to inv_mpu.o(.rodata.str1.1) for .Lstr
    inv_mpu.o(.text.mpu_init) refers to puts.o(i.puts) for puts
    inv_mpu.o(.text.mpu_init) refers to printfa.o(i.__0printf) for __2printf
    inv_mpu.o(.text.mpu_init) refers to inv_mpu.o(.text.mpu_set_accel_fsr) for mpu_set_accel_fsr
    inv_mpu.o(.text.mpu_init) refers to inv_mpu.o(.text.mpu_set_lpf) for mpu_set_lpf
    inv_mpu.o(.text.mpu_init) refers to inv_mpu.o(.text.mpu_set_sample_rate) for mpu_set_sample_rate
    inv_mpu.o(.text.mpu_init) refers to inv_mpu.o(.text.mpu_configure_fifo) for mpu_configure_fifo
    inv_mpu.o(.text.mpu_init) refers to inv_mpu.o(.text.mpu_set_bypass) for mpu_set_bypass
    inv_mpu.o(.text.mpu_init) refers to inv_mpu.o(.text.mpu_set_sensors) for mpu_set_sensors
    inv_mpu.o(.ARM.exidx.text.mpu_init) refers to inv_mpu.o(.text.mpu_init) for [Anonymous Symbol]
    inv_mpu.o(.text.mpu_set_gyro_fsr) refers to inv_mpu.o(.data.st) for st
    inv_mpu.o(.text.mpu_set_gyro_fsr) refers to ioi2c.o(.text.i2cWrite) for i2cWrite
    inv_mpu.o(.ARM.exidx.text.mpu_set_gyro_fsr) refers to inv_mpu.o(.text.mpu_set_gyro_fsr) for [Anonymous Symbol]
    inv_mpu.o(.text.mpu_set_accel_fsr) refers to inv_mpu.o(.data.st) for st
    inv_mpu.o(.text.mpu_set_accel_fsr) refers to inv_mpu.o(.rodata.cst8) for .Lswitch.table.mpu_lp_motion_interrupt.12
    inv_mpu.o(.text.mpu_set_accel_fsr) refers to ioi2c.o(.text.i2cWrite) for i2cWrite
    inv_mpu.o(.ARM.exidx.text.mpu_set_accel_fsr) refers to inv_mpu.o(.text.mpu_set_accel_fsr) for [Anonymous Symbol]
    inv_mpu.o(.text.mpu_set_lpf) refers to inv_mpu.o(.data.st) for st
    inv_mpu.o(.text.mpu_set_lpf) refers to ioi2c.o(.text.i2cWrite) for i2cWrite
    inv_mpu.o(.ARM.exidx.text.mpu_set_lpf) refers to inv_mpu.o(.text.mpu_set_lpf) for [Anonymous Symbol]
    inv_mpu.o(.text.mpu_set_sample_rate) refers to inv_mpu.o(.data.st) for st
    inv_mpu.o(.text.mpu_set_sample_rate) refers to inv_mpu.o(.text.mpu_lp_accel_mode) for mpu_lp_accel_mode
    inv_mpu.o(.text.mpu_set_sample_rate) refers to ioi2c.o(.text.i2cWrite) for i2cWrite
    inv_mpu.o(.ARM.exidx.text.mpu_set_sample_rate) refers to inv_mpu.o(.text.mpu_set_sample_rate) for [Anonymous Symbol]
    inv_mpu.o(.text.mpu_configure_fifo) refers to inv_mpu.o(.data.st) for st
    inv_mpu.o(.text.mpu_configure_fifo) refers to ioi2c.o(.text.i2cWrite) for i2cWrite
    inv_mpu.o(.text.mpu_configure_fifo) refers to inv_mpu.o(.text.mpu_reset_fifo) for mpu_reset_fifo
    inv_mpu.o(.ARM.exidx.text.mpu_configure_fifo) refers to inv_mpu.o(.text.mpu_configure_fifo) for [Anonymous Symbol]
    inv_mpu.o(.text.mpu_set_bypass) refers to inv_mpu.o(.data.st) for st
    inv_mpu.o(.text.mpu_set_bypass) refers to ioi2c.o(.text.i2cRead) for i2cRead
    inv_mpu.o(.text.mpu_set_bypass) refers to ioi2c.o(.text.i2cWrite) for i2cWrite
    inv_mpu.o(.text.mpu_set_bypass) refers to delay.o(.text.delay_ms) for delay_ms
    inv_mpu.o(.ARM.exidx.text.mpu_set_bypass) refers to inv_mpu.o(.text.mpu_set_bypass) for [Anonymous Symbol]
    inv_mpu.o(.text.mpu_set_sensors) refers to inv_mpu.o(.data.st) for st
    inv_mpu.o(.text.mpu_set_sensors) refers to ioi2c.o(.text.i2cWrite) for i2cWrite
    inv_mpu.o(.text.mpu_set_sensors) refers to delay.o(.text.delay_ms) for delay_ms
    inv_mpu.o(.ARM.exidx.text.mpu_set_sensors) refers to inv_mpu.o(.text.mpu_set_sensors) for [Anonymous Symbol]
    inv_mpu.o(.text.mpu_lp_accel_mode) refers to inv_mpu.o(.data.st) for st
    inv_mpu.o(.text.mpu_lp_accel_mode) refers to ioi2c.o(.text.i2cWrite) for i2cWrite
    inv_mpu.o(.ARM.exidx.text.mpu_lp_accel_mode) refers to inv_mpu.o(.text.mpu_lp_accel_mode) for [Anonymous Symbol]
    inv_mpu.o(.text.mpu_set_int_latched) refers to inv_mpu.o(.data.st) for st
    inv_mpu.o(.text.mpu_set_int_latched) refers to ioi2c.o(.text.i2cWrite) for i2cWrite
    inv_mpu.o(.ARM.exidx.text.mpu_set_int_latched) refers to inv_mpu.o(.text.mpu_set_int_latched) for [Anonymous Symbol]
    inv_mpu.o(.text.mpu_get_gyro_reg) refers to inv_mpu.o(.data.st) for st
    inv_mpu.o(.text.mpu_get_gyro_reg) refers to ioi2c.o(.text.i2cRead) for i2cRead
    inv_mpu.o(.ARM.exidx.text.mpu_get_gyro_reg) refers to inv_mpu.o(.text.mpu_get_gyro_reg) for [Anonymous Symbol]
    inv_mpu.o(.ARM.exidx.text.myget_ms) refers to inv_mpu.o(.text.myget_ms) for [Anonymous Symbol]
    inv_mpu.o(.text.mpu_get_accel_reg) refers to inv_mpu.o(.data.st) for st
    inv_mpu.o(.text.mpu_get_accel_reg) refers to ioi2c.o(.text.i2cRead) for i2cRead
    inv_mpu.o(.ARM.exidx.text.mpu_get_accel_reg) refers to inv_mpu.o(.text.mpu_get_accel_reg) for [Anonymous Symbol]
    inv_mpu.o(.text.mpu_get_temperature) refers to inv_mpu.o(.data.st) for st
    inv_mpu.o(.text.mpu_get_temperature) refers to ioi2c.o(.text.i2cRead) for i2cRead
    inv_mpu.o(.text.mpu_get_temperature) refers to fflti.o(.text) for __aeabi_i2f
    inv_mpu.o(.text.mpu_get_temperature) refers to fadd.o(.text) for __aeabi_fsub
    inv_mpu.o(.text.mpu_get_temperature) refers to ffltui.o(.text) for __aeabi_ui2f
    inv_mpu.o(.text.mpu_get_temperature) refers to fdiv.o(.text) for __aeabi_fdiv
    inv_mpu.o(.text.mpu_get_temperature) refers to fmul.o(.text) for __aeabi_fmul
    inv_mpu.o(.text.mpu_get_temperature) refers to ffixi.o(.text) for __aeabi_f2iz
    inv_mpu.o(.ARM.exidx.text.mpu_get_temperature) refers to inv_mpu.o(.text.mpu_get_temperature) for [Anonymous Symbol]
    inv_mpu.o(.text.mpu_set_accel_bias) refers to inv_mpu.o(.data.st) for st
    inv_mpu.o(.text.mpu_set_accel_bias) refers to ioi2c.o(.text.i2cRead) for i2cRead
    inv_mpu.o(.text.mpu_set_accel_bias) refers to ioi2c.o(.text.i2cWrite) for i2cWrite
    inv_mpu.o(.ARM.exidx.text.mpu_set_accel_bias) refers to inv_mpu.o(.text.mpu_set_accel_bias) for [Anonymous Symbol]
    inv_mpu.o(.text.mpu_reset_fifo) refers to inv_mpu.o(.data.st) for st
    inv_mpu.o(.text.mpu_reset_fifo) refers to ioi2c.o(.text.i2cWrite) for i2cWrite
    inv_mpu.o(.ARM.exidx.text.mpu_reset_fifo) refers to inv_mpu.o(.text.mpu_reset_fifo) for [Anonymous Symbol]
    inv_mpu.o(.text.mpu_get_gyro_fsr) refers to inv_mpu.o(.data.st) for st
    inv_mpu.o(.text.mpu_get_gyro_fsr) refers to inv_mpu.o(.rodata.cst8) for .Lswitch.table.mpu_lp_motion_interrupt
    inv_mpu.o(.ARM.exidx.text.mpu_get_gyro_fsr) refers to inv_mpu.o(.text.mpu_get_gyro_fsr) for [Anonymous Symbol]
    inv_mpu.o(.text.mpu_get_accel_fsr) refers to inv_mpu.o(.data.st) for st
    inv_mpu.o(.ARM.exidx.text.mpu_get_accel_fsr) refers to inv_mpu.o(.text.mpu_get_accel_fsr) for [Anonymous Symbol]
    inv_mpu.o(.text.mpu_get_lpf) refers to inv_mpu.o(.data.st) for st
    inv_mpu.o(.text.mpu_get_lpf) refers to inv_mpu.o(.rodata..Lswitch.table.mpu_lp_motion_interrupt.10) for .Lswitch.table.mpu_lp_motion_interrupt.10
    inv_mpu.o(.ARM.exidx.text.mpu_get_lpf) refers to inv_mpu.o(.text.mpu_get_lpf) for [Anonymous Symbol]
    inv_mpu.o(.text.mpu_get_sample_rate) refers to inv_mpu.o(.data.st) for st
    inv_mpu.o(.ARM.exidx.text.mpu_get_sample_rate) refers to inv_mpu.o(.text.mpu_get_sample_rate) for [Anonymous Symbol]
    inv_mpu.o(.ARM.exidx.text.mpu_get_compass_sample_rate) refers to inv_mpu.o(.text.mpu_get_compass_sample_rate) for [Anonymous Symbol]
    inv_mpu.o(.ARM.exidx.text.mpu_set_compass_sample_rate) refers to inv_mpu.o(.text.mpu_set_compass_sample_rate) for [Anonymous Symbol]
    inv_mpu.o(.text.mpu_get_gyro_sens) refers to inv_mpu.o(.data.st) for st
    inv_mpu.o(.ARM.exidx.text.mpu_get_gyro_sens) refers to inv_mpu.o(.text.mpu_get_gyro_sens) for [Anonymous Symbol]
    inv_mpu.o(.text.mpu_get_accel_sens) refers to inv_mpu.o(.data.st) for st
    inv_mpu.o(.ARM.exidx.text.mpu_get_accel_sens) refers to inv_mpu.o(.text.mpu_get_accel_sens) for [Anonymous Symbol]
    inv_mpu.o(.text.mpu_get_fifo_config) refers to inv_mpu.o(.data.st) for st
    inv_mpu.o(.ARM.exidx.text.mpu_get_fifo_config) refers to inv_mpu.o(.text.mpu_get_fifo_config) for [Anonymous Symbol]
    inv_mpu.o(.text.mpu_get_power_state) refers to inv_mpu.o(.data.st) for st
    inv_mpu.o(.ARM.exidx.text.mpu_get_power_state) refers to inv_mpu.o(.text.mpu_get_power_state) for [Anonymous Symbol]
    inv_mpu.o(.text.mpu_get_int_status) refers to inv_mpu.o(.data.st) for st
    inv_mpu.o(.text.mpu_get_int_status) refers to ioi2c.o(.text.i2cRead) for i2cRead
    inv_mpu.o(.ARM.exidx.text.mpu_get_int_status) refers to inv_mpu.o(.text.mpu_get_int_status) for [Anonymous Symbol]
    inv_mpu.o(.text.mpu_read_fifo) refers to inv_mpu.o(.data.st) for st
    inv_mpu.o(.text.mpu_read_fifo) refers to ioi2c.o(.text.i2cRead) for i2cRead
    inv_mpu.o(.text.mpu_read_fifo) refers to inv_mpu.o(.text.mpu_reset_fifo) for mpu_reset_fifo
    inv_mpu.o(.ARM.exidx.text.mpu_read_fifo) refers to inv_mpu.o(.text.mpu_read_fifo) for [Anonymous Symbol]
    inv_mpu.o(.text.mpu_read_fifo_stream) refers to inv_mpu.o(.data.st) for st
    inv_mpu.o(.text.mpu_read_fifo_stream) refers to ioi2c.o(.text.i2cRead) for i2cRead
    inv_mpu.o(.text.mpu_read_fifo_stream) refers to inv_mpu.o(.text.mpu_reset_fifo) for mpu_reset_fifo
    inv_mpu.o(.ARM.exidx.text.mpu_read_fifo_stream) refers to inv_mpu.o(.text.mpu_read_fifo_stream) for [Anonymous Symbol]
    inv_mpu.o(.text.mpu_set_int_level) refers to inv_mpu.o(.data.st) for st
    inv_mpu.o(.ARM.exidx.text.mpu_set_int_level) refers to inv_mpu.o(.text.mpu_set_int_level) for [Anonymous Symbol]
    inv_mpu.o(.text.mpu_run_self_test) refers to inv_mpu.o(.data.st) for st
    inv_mpu.o(.text.mpu_run_self_test) refers to inv_mpu.o(.text.mpu_set_dmp_state) for mpu_set_dmp_state
    inv_mpu.o(.text.mpu_run_self_test) refers to inv_mpu.o(.rodata.cst8) for .Lswitch.table.mpu_lp_motion_interrupt
    inv_mpu.o(.text.mpu_run_self_test) refers to inv_mpu.o(.text.get_st_biases) for get_st_biases
    inv_mpu.o(.text.mpu_run_self_test) refers to ioi2c.o(.text.i2cRead) for i2cRead
    inv_mpu.o(.text.mpu_run_self_test) refers to ffltui.o(.text) for __aeabi_ui2f
    inv_mpu.o(.text.mpu_run_self_test) refers to fmul.o(.text) for __aeabi_fmul
    inv_mpu.o(.text.mpu_run_self_test) refers to fcmpeq.o(.text) for __aeabi_fcmpeq
    inv_mpu.o(.text.mpu_run_self_test) refers to fdiv.o(.text) for __aeabi_fdiv
    inv_mpu.o(.text.mpu_run_self_test) refers to fadd.o(.text) for __aeabi_fadd
    inv_mpu.o(.text.mpu_run_self_test) refers to fcmple.o(.text) for __aeabi_fcmple
    inv_mpu.o(.text.mpu_run_self_test) refers to fcmplt.o(.text) for __aeabi_fcmplt
    inv_mpu.o(.text.mpu_run_self_test) refers to fcmpgt.o(.text) for __aeabi_fcmpgt
    inv_mpu.o(.text.mpu_run_self_test) refers to ioi2c.o(.text.i2cWrite) for i2cWrite
    inv_mpu.o(.text.mpu_run_self_test) refers to inv_mpu.o(.text.mpu_set_sample_rate) for mpu_set_sample_rate
    inv_mpu.o(.text.mpu_run_self_test) refers to inv_mpu.o(.text.mpu_set_sensors) for mpu_set_sensors
    inv_mpu.o(.text.mpu_run_self_test) refers to inv_mpu.o(.text.mpu_configure_fifo) for mpu_configure_fifo
    inv_mpu.o(.ARM.exidx.text.mpu_run_self_test) refers to inv_mpu.o(.text.mpu_run_self_test) for [Anonymous Symbol]
    inv_mpu.o(.text.mpu_set_dmp_state) refers to inv_mpu.o(.data.st) for st
    inv_mpu.o(.text.mpu_set_dmp_state) refers to ioi2c.o(.text.i2cWrite) for i2cWrite
    inv_mpu.o(.text.mpu_set_dmp_state) refers to inv_mpu.o(.text.mpu_set_bypass) for mpu_set_bypass
    inv_mpu.o(.text.mpu_set_dmp_state) refers to inv_mpu.o(.text.mpu_set_sample_rate) for mpu_set_sample_rate
    inv_mpu.o(.text.mpu_set_dmp_state) refers to inv_mpu.o(.text.mpu_reset_fifo) for mpu_reset_fifo
    inv_mpu.o(.ARM.exidx.text.mpu_set_dmp_state) refers to inv_mpu.o(.text.mpu_set_dmp_state) for [Anonymous Symbol]
    inv_mpu.o(.text.get_st_biases) refers to inv_mpu.o(.data.st) for st
    inv_mpu.o(.text.get_st_biases) refers to ioi2c.o(.text.i2cWrite) for i2cWrite
    inv_mpu.o(.text.get_st_biases) refers to delay.o(.text.delay_ms) for delay_ms
    inv_mpu.o(.text.get_st_biases) refers to ioi2c.o(.text.i2cRead) for i2cRead
    inv_mpu.o(.text.get_st_biases) refers to ldiv.o(.text) for __aeabi_ldivmod
    inv_mpu.o(.ARM.exidx.text.get_st_biases) refers to inv_mpu.o(.text.get_st_biases) for [Anonymous Symbol]
    inv_mpu.o(.text.mpu_write_mem) refers to inv_mpu.o(.data.st) for st
    inv_mpu.o(.text.mpu_write_mem) refers to ioi2c.o(.text.i2cWrite) for i2cWrite
    inv_mpu.o(.ARM.exidx.text.mpu_write_mem) refers to inv_mpu.o(.text.mpu_write_mem) for [Anonymous Symbol]
    inv_mpu.o(.text.mpu_read_mem) refers to inv_mpu.o(.data.st) for st
    inv_mpu.o(.text.mpu_read_mem) refers to ioi2c.o(.text.i2cWrite) for i2cWrite
    inv_mpu.o(.text.mpu_read_mem) refers to ioi2c.o(.text.i2cRead) for i2cRead
    inv_mpu.o(.ARM.exidx.text.mpu_read_mem) refers to inv_mpu.o(.text.mpu_read_mem) for [Anonymous Symbol]
    inv_mpu.o(.text.mpu_load_firmware) refers to inv_mpu.o(.data.st) for st
    inv_mpu.o(.text.mpu_load_firmware) refers to ioi2c.o(.text.i2cWrite) for i2cWrite
    inv_mpu.o(.text.mpu_load_firmware) refers to ioi2c.o(.text.i2cRead) for i2cRead
    inv_mpu.o(.text.mpu_load_firmware) refers to memcmp.o(.text) for memcmp
    inv_mpu.o(.ARM.exidx.text.mpu_load_firmware) refers to inv_mpu.o(.text.mpu_load_firmware) for [Anonymous Symbol]
    inv_mpu.o(.text.mpu_get_dmp_state) refers to inv_mpu.o(.data.st) for st
    inv_mpu.o(.ARM.exidx.text.mpu_get_dmp_state) refers to inv_mpu.o(.text.mpu_get_dmp_state) for [Anonymous Symbol]
    inv_mpu.o(.ARM.exidx.text.mpu_get_compass_reg) refers to inv_mpu.o(.text.mpu_get_compass_reg) for [Anonymous Symbol]
    inv_mpu.o(.ARM.exidx.text.mpu_get_compass_fsr) refers to inv_mpu.o(.text.mpu_get_compass_fsr) for [Anonymous Symbol]
    inv_mpu.o(.text.mpu_lp_motion_interrupt) refers to inv_mpu.o(.data.st) for st
    inv_mpu.o(.text.mpu_lp_motion_interrupt) refers to inv_mpu.o(.text.mpu_set_dmp_state) for mpu_set_dmp_state
    inv_mpu.o(.text.mpu_lp_motion_interrupt) refers to inv_mpu.o(.rodata.cst8) for .Lswitch.table.mpu_lp_motion_interrupt
    inv_mpu.o(.text.mpu_lp_motion_interrupt) refers to inv_mpu.o(.rodata..Lswitch.table.mpu_lp_motion_interrupt.10) for .Lswitch.table.mpu_lp_motion_interrupt.10
    inv_mpu.o(.text.mpu_lp_motion_interrupt) refers to ioi2c.o(.text.i2cWrite) for i2cWrite
    inv_mpu.o(.text.mpu_lp_motion_interrupt) refers to delay.o(.text.delay_ms) for delay_ms
    inv_mpu.o(.text.mpu_lp_motion_interrupt) refers to inv_mpu.o(.text.mpu_set_sensors) for mpu_set_sensors
    inv_mpu.o(.text.mpu_lp_motion_interrupt) refers to inv_mpu.o(.text.mpu_set_sample_rate) for mpu_set_sample_rate
    inv_mpu.o(.text.mpu_lp_motion_interrupt) refers to inv_mpu.o(.text.mpu_configure_fifo) for mpu_configure_fifo
    inv_mpu.o(.ARM.exidx.text.mpu_lp_motion_interrupt) refers to inv_mpu.o(.text.mpu_lp_motion_interrupt) for [Anonymous Symbol]
    inv_mpu.o(.data.st) refers to inv_mpu.o(.rodata.reg) for reg
    inv_mpu.o(.data.st) refers to inv_mpu.o(.rodata.hw) for hw
    inv_mpu.o(.data.st) refers to inv_mpu.o(.rodata.test) for test
    inv_mpu_dmp_motion_driver.o(.text.dmp_load_motion_driver_firmware) refers to inv_mpu_dmp_motion_driver.o(.rodata.dmp_memory) for dmp_memory
    inv_mpu_dmp_motion_driver.o(.text.dmp_load_motion_driver_firmware) refers to inv_mpu.o(.text.mpu_load_firmware) for mpu_load_firmware
    inv_mpu_dmp_motion_driver.o(.ARM.exidx.text.dmp_load_motion_driver_firmware) refers to inv_mpu_dmp_motion_driver.o(.text.dmp_load_motion_driver_firmware) for [Anonymous Symbol]
    inv_mpu_dmp_motion_driver.o(.text.dmp_set_orientation) refers to inv_mpu_dmp_motion_driver.o(.rodata..L__const.dmp_set_orientation.gyro_axes) for .L__const.dmp_set_orientation.gyro_axes
    inv_mpu_dmp_motion_driver.o(.text.dmp_set_orientation) refers to inv_mpu_dmp_motion_driver.o(.rodata..L__const.dmp_set_orientation.accel_axes) for .L__const.dmp_set_orientation.accel_axes
    inv_mpu_dmp_motion_driver.o(.text.dmp_set_orientation) refers to inv_mpu.o(.text.mpu_write_mem) for mpu_write_mem
    inv_mpu_dmp_motion_driver.o(.text.dmp_set_orientation) refers to inv_mpu_dmp_motion_driver.o(.bss.dmp.2) for dmp.2
    inv_mpu_dmp_motion_driver.o(.ARM.exidx.text.dmp_set_orientation) refers to inv_mpu_dmp_motion_driver.o(.text.dmp_set_orientation) for [Anonymous Symbol]
    inv_mpu_dmp_motion_driver.o(.text.dmp_set_gyro_bias) refers to inv_mpu_dmp_motion_driver.o(.bss.dmp.2) for dmp.2
    inv_mpu_dmp_motion_driver.o(.text.dmp_set_gyro_bias) refers to inv_mpu.o(.text.mpu_write_mem) for mpu_write_mem
    inv_mpu_dmp_motion_driver.o(.ARM.exidx.text.dmp_set_gyro_bias) refers to inv_mpu_dmp_motion_driver.o(.text.dmp_set_gyro_bias) for [Anonymous Symbol]
    inv_mpu_dmp_motion_driver.o(.text.dmp_set_accel_bias) refers to inv_mpu.o(.text.mpu_get_accel_sens) for mpu_get_accel_sens
    inv_mpu_dmp_motion_driver.o(.text.dmp_set_accel_bias) refers to inv_mpu_dmp_motion_driver.o(.bss.dmp.2) for dmp.2
    inv_mpu_dmp_motion_driver.o(.text.dmp_set_accel_bias) refers to inv_mpu.o(.text.mpu_write_mem) for mpu_write_mem
    inv_mpu_dmp_motion_driver.o(.ARM.exidx.text.dmp_set_accel_bias) refers to inv_mpu_dmp_motion_driver.o(.text.dmp_set_accel_bias) for [Anonymous Symbol]
    inv_mpu_dmp_motion_driver.o(.text.dmp_set_fifo_rate) refers to inv_mpu.o(.text.mpu_write_mem) for mpu_write_mem
    inv_mpu_dmp_motion_driver.o(.text.dmp_set_fifo_rate) refers to inv_mpu_dmp_motion_driver.o(.bss.dmp.4) for dmp.4
    inv_mpu_dmp_motion_driver.o(.ARM.exidx.text.dmp_set_fifo_rate) refers to inv_mpu_dmp_motion_driver.o(.text.dmp_set_fifo_rate) for [Anonymous Symbol]
    inv_mpu_dmp_motion_driver.o(.text.dmp_get_fifo_rate) refers to inv_mpu_dmp_motion_driver.o(.bss.dmp.4) for dmp.4
    inv_mpu_dmp_motion_driver.o(.ARM.exidx.text.dmp_get_fifo_rate) refers to inv_mpu_dmp_motion_driver.o(.text.dmp_get_fifo_rate) for [Anonymous Symbol]
    inv_mpu_dmp_motion_driver.o(.text.dmp_set_tap_thresh) refers to ffltui.o(.text) for __aeabi_ui2f
    inv_mpu_dmp_motion_driver.o(.text.dmp_set_tap_thresh) refers to fdiv.o(.text) for __aeabi_fdiv
    inv_mpu_dmp_motion_driver.o(.text.dmp_set_tap_thresh) refers to inv_mpu.o(.text.mpu_get_accel_fsr) for mpu_get_accel_fsr
    inv_mpu_dmp_motion_driver.o(.text.dmp_set_tap_thresh) refers to fmul.o(.text) for __aeabi_fmul
    inv_mpu_dmp_motion_driver.o(.text.dmp_set_tap_thresh) refers to ffixi.o(.text) for __aeabi_f2iz
    inv_mpu_dmp_motion_driver.o(.text.dmp_set_tap_thresh) refers to inv_mpu.o(.text.mpu_write_mem) for mpu_write_mem
    inv_mpu_dmp_motion_driver.o(.ARM.exidx.text.dmp_set_tap_thresh) refers to inv_mpu_dmp_motion_driver.o(.text.dmp_set_tap_thresh) for [Anonymous Symbol]
    inv_mpu_dmp_motion_driver.o(.text.dmp_set_tap_axes) refers to inv_mpu.o(.text.mpu_write_mem) for mpu_write_mem
    inv_mpu_dmp_motion_driver.o(.ARM.exidx.text.dmp_set_tap_axes) refers to inv_mpu_dmp_motion_driver.o(.text.dmp_set_tap_axes) for [Anonymous Symbol]
    inv_mpu_dmp_motion_driver.o(.text.dmp_set_tap_count) refers to inv_mpu.o(.text.mpu_write_mem) for mpu_write_mem
    inv_mpu_dmp_motion_driver.o(.ARM.exidx.text.dmp_set_tap_count) refers to inv_mpu_dmp_motion_driver.o(.text.dmp_set_tap_count) for [Anonymous Symbol]
    inv_mpu_dmp_motion_driver.o(.text.dmp_set_tap_time) refers to inv_mpu.o(.text.mpu_write_mem) for mpu_write_mem
    inv_mpu_dmp_motion_driver.o(.ARM.exidx.text.dmp_set_tap_time) refers to inv_mpu_dmp_motion_driver.o(.text.dmp_set_tap_time) for [Anonymous Symbol]
    inv_mpu_dmp_motion_driver.o(.text.dmp_set_tap_time_multi) refers to inv_mpu.o(.text.mpu_write_mem) for mpu_write_mem
    inv_mpu_dmp_motion_driver.o(.ARM.exidx.text.dmp_set_tap_time_multi) refers to inv_mpu_dmp_motion_driver.o(.text.dmp_set_tap_time_multi) for [Anonymous Symbol]
    inv_mpu_dmp_motion_driver.o(.text.dmp_set_shake_reject_thresh) refers to inv_mpu.o(.text.mpu_write_mem) for mpu_write_mem
    inv_mpu_dmp_motion_driver.o(.ARM.exidx.text.dmp_set_shake_reject_thresh) refers to inv_mpu_dmp_motion_driver.o(.text.dmp_set_shake_reject_thresh) for [Anonymous Symbol]
    inv_mpu_dmp_motion_driver.o(.text.dmp_set_shake_reject_time) refers to inv_mpu.o(.text.mpu_write_mem) for mpu_write_mem
    inv_mpu_dmp_motion_driver.o(.ARM.exidx.text.dmp_set_shake_reject_time) refers to inv_mpu_dmp_motion_driver.o(.text.dmp_set_shake_reject_time) for [Anonymous Symbol]
    inv_mpu_dmp_motion_driver.o(.text.dmp_set_shake_reject_timeout) refers to inv_mpu.o(.text.mpu_write_mem) for mpu_write_mem
    inv_mpu_dmp_motion_driver.o(.ARM.exidx.text.dmp_set_shake_reject_timeout) refers to inv_mpu_dmp_motion_driver.o(.text.dmp_set_shake_reject_timeout) for [Anonymous Symbol]
    inv_mpu_dmp_motion_driver.o(.text.dmp_get_pedometer_step_count) refers to inv_mpu.o(.text.mpu_read_mem) for mpu_read_mem
    inv_mpu_dmp_motion_driver.o(.ARM.exidx.text.dmp_get_pedometer_step_count) refers to inv_mpu_dmp_motion_driver.o(.text.dmp_get_pedometer_step_count) for [Anonymous Symbol]
    inv_mpu_dmp_motion_driver.o(.text.dmp_set_pedometer_step_count) refers to inv_mpu.o(.text.mpu_write_mem) for mpu_write_mem
    inv_mpu_dmp_motion_driver.o(.ARM.exidx.text.dmp_set_pedometer_step_count) refers to inv_mpu_dmp_motion_driver.o(.text.dmp_set_pedometer_step_count) for [Anonymous Symbol]
    inv_mpu_dmp_motion_driver.o(.text.dmp_get_pedometer_walk_time) refers to inv_mpu.o(.text.mpu_read_mem) for mpu_read_mem
    inv_mpu_dmp_motion_driver.o(.ARM.exidx.text.dmp_get_pedometer_walk_time) refers to inv_mpu_dmp_motion_driver.o(.text.dmp_get_pedometer_walk_time) for [Anonymous Symbol]
    inv_mpu_dmp_motion_driver.o(.text.dmp_set_pedometer_walk_time) refers to inv_mpu.o(.text.mpu_write_mem) for mpu_write_mem
    inv_mpu_dmp_motion_driver.o(.ARM.exidx.text.dmp_set_pedometer_walk_time) refers to inv_mpu_dmp_motion_driver.o(.text.dmp_set_pedometer_walk_time) for [Anonymous Symbol]
    inv_mpu_dmp_motion_driver.o(.text.dmp_enable_feature) refers to inv_mpu.o(.text.mpu_write_mem) for mpu_write_mem
    inv_mpu_dmp_motion_driver.o(.text.dmp_enable_feature) refers to inv_mpu_dmp_motion_driver.o(.text.dmp_set_tap_thresh) for dmp_set_tap_thresh
    inv_mpu_dmp_motion_driver.o(.text.dmp_enable_feature) refers to inv_mpu.o(.text.mpu_reset_fifo) for mpu_reset_fifo
    inv_mpu_dmp_motion_driver.o(.text.dmp_enable_feature) refers to inv_mpu_dmp_motion_driver.o(.bss..L_MergedGlobals) for .L_MergedGlobals
    inv_mpu_dmp_motion_driver.o(.ARM.exidx.text.dmp_enable_feature) refers to inv_mpu_dmp_motion_driver.o(.text.dmp_enable_feature) for [Anonymous Symbol]
    inv_mpu_dmp_motion_driver.o(.text.dmp_enable_gyro_cal) refers to inv_mpu.o(.text.mpu_write_mem) for mpu_write_mem
    inv_mpu_dmp_motion_driver.o(.ARM.exidx.text.dmp_enable_gyro_cal) refers to inv_mpu_dmp_motion_driver.o(.text.dmp_enable_gyro_cal) for [Anonymous Symbol]
    inv_mpu_dmp_motion_driver.o(.text.dmp_enable_lp_quat) refers to inv_mpu.o(.text.mpu_write_mem) for mpu_write_mem
    inv_mpu_dmp_motion_driver.o(.text.dmp_enable_lp_quat) refers to inv_mpu.o(.text.mpu_reset_fifo) for mpu_reset_fifo
    inv_mpu_dmp_motion_driver.o(.ARM.exidx.text.dmp_enable_lp_quat) refers to inv_mpu_dmp_motion_driver.o(.text.dmp_enable_lp_quat) for [Anonymous Symbol]
    inv_mpu_dmp_motion_driver.o(.text.dmp_enable_6x_lp_quat) refers to inv_mpu.o(.text.mpu_write_mem) for mpu_write_mem
    inv_mpu_dmp_motion_driver.o(.text.dmp_enable_6x_lp_quat) refers to inv_mpu.o(.text.mpu_reset_fifo) for mpu_reset_fifo
    inv_mpu_dmp_motion_driver.o(.ARM.exidx.text.dmp_enable_6x_lp_quat) refers to inv_mpu_dmp_motion_driver.o(.text.dmp_enable_6x_lp_quat) for [Anonymous Symbol]
    inv_mpu_dmp_motion_driver.o(.text.dmp_get_enabled_features) refers to inv_mpu_dmp_motion_driver.o(.bss..L_MergedGlobals) for .L_MergedGlobals
    inv_mpu_dmp_motion_driver.o(.ARM.exidx.text.dmp_get_enabled_features) refers to inv_mpu_dmp_motion_driver.o(.text.dmp_get_enabled_features) for [Anonymous Symbol]
    inv_mpu_dmp_motion_driver.o(.text.dmp_set_interrupt_mode) refers to inv_mpu.o(.text.mpu_write_mem) for mpu_write_mem
    inv_mpu_dmp_motion_driver.o(.ARM.exidx.text.dmp_set_interrupt_mode) refers to inv_mpu_dmp_motion_driver.o(.text.dmp_set_interrupt_mode) for [Anonymous Symbol]
    inv_mpu_dmp_motion_driver.o(.text.dmp_read_fifo) refers to inv_mpu_dmp_motion_driver.o(.bss..L_MergedGlobals) for .L_MergedGlobals
    inv_mpu_dmp_motion_driver.o(.text.dmp_read_fifo) refers to inv_mpu.o(.text.mpu_read_fifo_stream) for mpu_read_fifo_stream
    inv_mpu_dmp_motion_driver.o(.text.dmp_read_fifo) refers to inv_mpu.o(.text.myget_ms) for myget_ms
    inv_mpu_dmp_motion_driver.o(.text.dmp_read_fifo) refers to inv_mpu.o(.text.mpu_reset_fifo) for mpu_reset_fifo
    inv_mpu_dmp_motion_driver.o(.ARM.exidx.text.dmp_read_fifo) refers to inv_mpu_dmp_motion_driver.o(.text.dmp_read_fifo) for [Anonymous Symbol]
    inv_mpu_dmp_motion_driver.o(.text.dmp_register_tap_cb) refers to inv_mpu_dmp_motion_driver.o(.bss..L_MergedGlobals) for .L_MergedGlobals
    inv_mpu_dmp_motion_driver.o(.ARM.exidx.text.dmp_register_tap_cb) refers to inv_mpu_dmp_motion_driver.o(.text.dmp_register_tap_cb) for [Anonymous Symbol]
    inv_mpu_dmp_motion_driver.o(.text.dmp_register_android_orient_cb) refers to inv_mpu_dmp_motion_driver.o(.bss..L_MergedGlobals) for .L_MergedGlobals
    inv_mpu_dmp_motion_driver.o(.ARM.exidx.text.dmp_register_android_orient_cb) refers to inv_mpu_dmp_motion_driver.o(.text.dmp_register_android_orient_cb) for [Anonymous Symbol]
    ioi2c.o(.ARM.exidx.text.IIC_Init) refers to ioi2c.o(.text.IIC_Init) for [Anonymous Symbol]
    ioi2c.o(.text.IIC_Start) refers to delay.o(.text.delay_us) for delay_us
    ioi2c.o(.ARM.exidx.text.IIC_Start) refers to ioi2c.o(.text.IIC_Start) for [Anonymous Symbol]
    ioi2c.o(.text.IIC_Stop) refers to delay.o(.text.delay_us) for delay_us
    ioi2c.o(.ARM.exidx.text.IIC_Stop) refers to ioi2c.o(.text.IIC_Stop) for [Anonymous Symbol]
    ioi2c.o(.text.IIC_Wait_Ack) refers to delay.o(.text.delay_us) for delay_us
    ioi2c.o(.ARM.exidx.text.IIC_Wait_Ack) refers to ioi2c.o(.text.IIC_Wait_Ack) for [Anonymous Symbol]
    ioi2c.o(.text.IIC_Ack) refers to delay.o(.text.delay_us) for delay_us
    ioi2c.o(.ARM.exidx.text.IIC_Ack) refers to ioi2c.o(.text.IIC_Ack) for [Anonymous Symbol]
    ioi2c.o(.text.IIC_NAck) refers to delay.o(.text.delay_us) for delay_us
    ioi2c.o(.ARM.exidx.text.IIC_NAck) refers to ioi2c.o(.text.IIC_NAck) for [Anonymous Symbol]
    ioi2c.o(.text.IIC_Send_Byte) refers to delay.o(.text.delay_us) for delay_us
    ioi2c.o(.ARM.exidx.text.IIC_Send_Byte) refers to ioi2c.o(.text.IIC_Send_Byte) for [Anonymous Symbol]
    ioi2c.o(.text.i2cWrite) refers to delay.o(.text.delay_us) for delay_us
    ioi2c.o(.text.i2cWrite) refers to ioi2c.o(.text.IIC_Send_Byte) for IIC_Send_Byte
    ioi2c.o(.text.i2cWrite) refers to ioi2c.o(.text.IIC_Wait_Ack) for IIC_Wait_Ack
    ioi2c.o(.ARM.exidx.text.i2cWrite) refers to ioi2c.o(.text.i2cWrite) for [Anonymous Symbol]
    ioi2c.o(.text.i2cRead) refers to delay.o(.text.delay_us) for delay_us
    ioi2c.o(.text.i2cRead) refers to ioi2c.o(.text.IIC_Send_Byte) for IIC_Send_Byte
    ioi2c.o(.text.i2cRead) refers to ioi2c.o(.text.IIC_Wait_Ack) for IIC_Wait_Ack
    ioi2c.o(.text.i2cRead) refers to ioi2c.o(.text.IIC_Read_Byte) for IIC_Read_Byte
    ioi2c.o(.ARM.exidx.text.i2cRead) refers to ioi2c.o(.text.i2cRead) for [Anonymous Symbol]
    ioi2c.o(.text.IIC_Read_Byte) refers to delay.o(.text.delay_us) for delay_us
    ioi2c.o(.ARM.exidx.text.IIC_Read_Byte) refers to ioi2c.o(.text.IIC_Read_Byte) for [Anonymous Symbol]
    ioi2c.o(.text.I2C_ReadOneByte) refers to delay.o(.text.delay_us) for delay_us
    ioi2c.o(.text.I2C_ReadOneByte) refers to ioi2c.o(.text.IIC_Send_Byte) for IIC_Send_Byte
    ioi2c.o(.text.I2C_ReadOneByte) refers to ioi2c.o(.text.IIC_Wait_Ack) for IIC_Wait_Ack
    ioi2c.o(.text.I2C_ReadOneByte) refers to ioi2c.o(.text.IIC_Read_Byte) for IIC_Read_Byte
    ioi2c.o(.ARM.exidx.text.I2C_ReadOneByte) refers to ioi2c.o(.text.I2C_ReadOneByte) for [Anonymous Symbol]
    ioi2c.o(.text.IICreadBytes) refers to delay.o(.text.delay_us) for delay_us
    ioi2c.o(.text.IICreadBytes) refers to ioi2c.o(.text.IIC_Send_Byte) for IIC_Send_Byte
    ioi2c.o(.text.IICreadBytes) refers to ioi2c.o(.text.IIC_Wait_Ack) for IIC_Wait_Ack
    ioi2c.o(.text.IICreadBytes) refers to ioi2c.o(.text.IIC_Read_Byte) for IIC_Read_Byte
    ioi2c.o(.ARM.exidx.text.IICreadBytes) refers to ioi2c.o(.text.IICreadBytes) for [Anonymous Symbol]
    ioi2c.o(.text.IICwriteBytes) refers to delay.o(.text.delay_us) for delay_us
    ioi2c.o(.text.IICwriteBytes) refers to ioi2c.o(.text.IIC_Send_Byte) for IIC_Send_Byte
    ioi2c.o(.text.IICwriteBytes) refers to ioi2c.o(.text.IIC_Wait_Ack) for IIC_Wait_Ack
    ioi2c.o(.ARM.exidx.text.IICwriteBytes) refers to ioi2c.o(.text.IICwriteBytes) for [Anonymous Symbol]
    ioi2c.o(.text.IICreadByte) refers to ioi2c.o(.text.I2C_ReadOneByte) for I2C_ReadOneByte
    ioi2c.o(.ARM.exidx.text.IICreadByte) refers to ioi2c.o(.text.IICreadByte) for [Anonymous Symbol]
    ioi2c.o(.text.IICwriteByte) refers to ioi2c.o(.text.IICwriteBytes) for IICwriteBytes
    ioi2c.o(.ARM.exidx.text.IICwriteByte) refers to ioi2c.o(.text.IICwriteByte) for [Anonymous Symbol]
    ioi2c.o(.text.IICwriteBits) refers to ioi2c.o(.text.I2C_ReadOneByte) for I2C_ReadOneByte
    ioi2c.o(.text.IICwriteBits) refers to ioi2c.o(.text.IICwriteBytes) for IICwriteBytes
    ioi2c.o(.ARM.exidx.text.IICwriteBits) refers to ioi2c.o(.text.IICwriteBits) for [Anonymous Symbol]
    ioi2c.o(.text.IICwriteBit) refers to ioi2c.o(.text.I2C_ReadOneByte) for I2C_ReadOneByte
    ioi2c.o(.text.IICwriteBit) refers to ioi2c.o(.text.IICwriteBytes) for IICwriteBytes
    ioi2c.o(.ARM.exidx.text.IICwriteBit) refers to ioi2c.o(.text.IICwriteBit) for [Anonymous Symbol]
    mpu6050.o(.text.MPU6050_newValues) refers to mpu6050.o(.bss.MPU6050_FIFO) for MPU6050_FIFO
    mpu6050.o(.text.MPU6050_newValues) refers to memmovea.o(.text) for __aeabi_memmove
    mpu6050.o(.ARM.exidx.text.MPU6050_newValues) refers to mpu6050.o(.text.MPU6050_newValues) for [Anonymous Symbol]
    mpu6050.o(.text.MPU6050_setClockSource) refers to ioi2c.o(.text.IICwriteBits) for IICwriteBits
    mpu6050.o(.ARM.exidx.text.MPU6050_setClockSource) refers to mpu6050.o(.text.MPU6050_setClockSource) for [Anonymous Symbol]
    mpu6050.o(.text.MPU6050_setFullScaleGyroRange) refers to ioi2c.o(.text.IICwriteBits) for IICwriteBits
    mpu6050.o(.ARM.exidx.text.MPU6050_setFullScaleGyroRange) refers to mpu6050.o(.text.MPU6050_setFullScaleGyroRange) for [Anonymous Symbol]
    mpu6050.o(.text.MPU6050_setFullScaleAccelRange) refers to ioi2c.o(.text.IICwriteBits) for IICwriteBits
    mpu6050.o(.ARM.exidx.text.MPU6050_setFullScaleAccelRange) refers to mpu6050.o(.text.MPU6050_setFullScaleAccelRange) for [Anonymous Symbol]
    mpu6050.o(.text.MPU6050_setSleepEnabled) refers to ioi2c.o(.text.IICwriteBit) for IICwriteBit
    mpu6050.o(.ARM.exidx.text.MPU6050_setSleepEnabled) refers to mpu6050.o(.text.MPU6050_setSleepEnabled) for [Anonymous Symbol]
    mpu6050.o(.text.MPU6050_getDeviceID) refers to mpu6050.o(.bss.buffer) for buffer
    mpu6050.o(.text.MPU6050_getDeviceID) refers to ioi2c.o(.text.IICreadBytes) for IICreadBytes
    mpu6050.o(.ARM.exidx.text.MPU6050_getDeviceID) refers to mpu6050.o(.text.MPU6050_getDeviceID) for [Anonymous Symbol]
    mpu6050.o(.text.MPU6050_testConnection) refers to mpu6050.o(.bss.buffer) for buffer
    mpu6050.o(.text.MPU6050_testConnection) refers to ioi2c.o(.text.IICreadBytes) for IICreadBytes
    mpu6050.o(.ARM.exidx.text.MPU6050_testConnection) refers to mpu6050.o(.text.MPU6050_testConnection) for [Anonymous Symbol]
    mpu6050.o(.text.MPU6050_setI2CMasterModeEnabled) refers to ioi2c.o(.text.IICwriteBit) for IICwriteBit
    mpu6050.o(.ARM.exidx.text.MPU6050_setI2CMasterModeEnabled) refers to mpu6050.o(.text.MPU6050_setI2CMasterModeEnabled) for [Anonymous Symbol]
    mpu6050.o(.text.MPU6050_setI2CBypassEnabled) refers to ioi2c.o(.text.IICwriteBit) for IICwriteBit
    mpu6050.o(.ARM.exidx.text.MPU6050_setI2CBypassEnabled) refers to mpu6050.o(.text.MPU6050_setI2CBypassEnabled) for [Anonymous Symbol]
    mpu6050.o(.text.MPU6050_initialize) refers to ioi2c.o(.text.IICwriteBit) for IICwriteBit
    mpu6050.o(.text.MPU6050_initialize) refers to delay.o(.text.delay_ms) for delay_ms
    mpu6050.o(.text.MPU6050_initialize) refers to ioi2c.o(.text.IICwriteBits) for IICwriteBits
    mpu6050.o(.ARM.exidx.text.MPU6050_initialize) refers to mpu6050.o(.text.MPU6050_initialize) for [Anonymous Symbol]
    mpu6050.o(.text.DMP_Init) refers to ioi2c.o(.text.i2cRead) for i2cRead
    mpu6050.o(.text.DMP_Init) refers to mpu6050.o(.rodata.str1.1) for .Lstr.10
    mpu6050.o(.text.DMP_Init) refers to puts.o(i.puts) for puts
    mpu6050.o(.text.DMP_Init) refers to inv_mpu.o(.text.mpu_init) for mpu_init
    mpu6050.o(.text.DMP_Init) refers to inv_mpu.o(.text.mpu_set_sensors) for mpu_set_sensors
    mpu6050.o(.text.DMP_Init) refers to inv_mpu.o(.text.mpu_configure_fifo) for mpu_configure_fifo
    mpu6050.o(.text.DMP_Init) refers to inv_mpu.o(.text.mpu_set_sample_rate) for mpu_set_sample_rate
    mpu6050.o(.text.DMP_Init) refers to inv_mpu_dmp_motion_driver.o(.text.dmp_load_motion_driver_firmware) for dmp_load_motion_driver_firmware
    mpu6050.o(.text.DMP_Init) refers to inv_mpu_dmp_motion_driver.o(.text.dmp_set_orientation) for dmp_set_orientation
    mpu6050.o(.text.DMP_Init) refers to inv_mpu_dmp_motion_driver.o(.text.dmp_enable_feature) for dmp_enable_feature
    mpu6050.o(.text.DMP_Init) refers to inv_mpu_dmp_motion_driver.o(.text.dmp_set_fifo_rate) for dmp_set_fifo_rate
    mpu6050.o(.text.DMP_Init) refers to inv_mpu.o(.text.mpu_run_self_test) for mpu_run_self_test
    mpu6050.o(.text.DMP_Init) refers to inv_mpu.o(.text.mpu_get_gyro_sens) for mpu_get_gyro_sens
    mpu6050.o(.text.DMP_Init) refers to fflti.o(.text) for __aeabi_i2f
    mpu6050.o(.text.DMP_Init) refers to fmul.o(.text) for __aeabi_fmul
    mpu6050.o(.text.DMP_Init) refers to ffixi.o(.text) for __aeabi_f2iz
    mpu6050.o(.text.DMP_Init) refers to inv_mpu_dmp_motion_driver.o(.text.dmp_set_gyro_bias) for dmp_set_gyro_bias
    mpu6050.o(.text.DMP_Init) refers to inv_mpu.o(.text.mpu_get_accel_sens) for mpu_get_accel_sens
    mpu6050.o(.text.DMP_Init) refers to inv_mpu_dmp_motion_driver.o(.text.dmp_set_accel_bias) for dmp_set_accel_bias
    mpu6050.o(.text.DMP_Init) refers to inv_mpu.o(.text.mpu_set_dmp_state) for mpu_set_dmp_state
    mpu6050.o(.text.DMP_Init) refers to printfa.o(i.__0printf) for __2printf
    mpu6050.o(.text.DMP_Init) refers to mpu6050.o(.text.__NVIC_SystemReset) for __NVIC_SystemReset
    mpu6050.o(.ARM.exidx.text.DMP_Init) refers to mpu6050.o(.text.DMP_Init) for [Anonymous Symbol]
    mpu6050.o(.ARM.exidx.text.__NVIC_SystemReset) refers to mpu6050.o(.text.__NVIC_SystemReset) for [Anonymous Symbol]
    mpu6050.o(.text.Read_DMP) refers to mpu6050.o(.bss..L_MergedGlobals) for .L_MergedGlobals
    mpu6050.o(.text.Read_DMP) refers to inv_mpu_dmp_motion_driver.o(.text.dmp_read_fifo) for dmp_read_fifo
    mpu6050.o(.text.Read_DMP) refers to fflti.o(.text) for __aeabi_i2f
    mpu6050.o(.text.Read_DMP) refers to fmul.o(.text) for __aeabi_fmul
    mpu6050.o(.text.Read_DMP) refers to mpu6050.o(.data.q0) for q0
    mpu6050.o(.text.Read_DMP) refers to fadd.o(.text) for __aeabi_fadd
    mpu6050.o(.text.Read_DMP) refers to f2d.o(.text) for __aeabi_f2d
    mpu6050.o(.text.Read_DMP) refers to asin.o(i.asin) for asin
    mpu6050.o(.text.Read_DMP) refers to dmul.o(.text) for __aeabi_dmul
    mpu6050.o(.text.Read_DMP) refers to d2f.o(.text) for __aeabi_d2f
    mpu6050.o(.text.Read_DMP) refers to atan2.o(i.atan2) for atan2
    mpu6050.o(.ARM.exidx.text.Read_DMP) refers to mpu6050.o(.text.Read_DMP) for [Anonymous Symbol]
    mpu6050.o(.text.Read_Temperature) refers to ioi2c.o(.text.I2C_ReadOneByte) for I2C_ReadOneByte
    mpu6050.o(.text.Read_Temperature) refers to ffltui.o(.text) for __aeabi_ui2f
    mpu6050.o(.text.Read_Temperature) refers to fflti.o(.text) for __aeabi_i2f
    mpu6050.o(.text.Read_Temperature) refers to fdiv.o(.text) for __aeabi_fdiv
    mpu6050.o(.text.Read_Temperature) refers to f2d.o(.text) for __aeabi_f2d
    mpu6050.o(.text.Read_Temperature) refers to dadd.o(.text) for __aeabi_dadd
    mpu6050.o(.text.Read_Temperature) refers to dmul.o(.text) for __aeabi_dmul
    mpu6050.o(.text.Read_Temperature) refers to d2f.o(.text) for __aeabi_d2f
    mpu6050.o(.text.Read_Temperature) refers to ffixi.o(.text) for __aeabi_f2iz
    mpu6050.o(.ARM.exidx.text.Read_Temperature) refers to mpu6050.o(.text.Read_Temperature) for [Anonymous Symbol]
    asin.o(i.__softfp_asin) refers (Special) to iusefp.o(.text) for __I$use$fp
    asin.o(i.__softfp_asin) refers to asin.o(i.asin) for asin
    asin.o(i.asin) refers (Special) to iusefp.o(.text) for __I$use$fp
    asin.o(i.asin) refers to dunder.o(i.__mathlib_dbl_infnan) for __mathlib_dbl_infnan
    asin.o(i.asin) refers to dmul.o(.text) for __aeabi_dmul
    asin.o(i.asin) refers to dadd.o(.text) for __aeabi_dadd
    asin.o(i.asin) refers to errno.o(i.__set_errno) for __set_errno
    asin.o(i.asin) refers to dunder.o(i.__mathlib_dbl_invalid) for __mathlib_dbl_invalid
    asin.o(i.asin) refers to fpclassify.o(i.__ARM_fpclassify) for __ARM_fpclassify
    asin.o(i.asin) refers to dunder.o(i.__mathlib_dbl_underflow) for __mathlib_dbl_underflow
    asin.o(i.asin) refers to poly.o(i.__kernel_poly) for __kernel_poly
    asin.o(i.asin) refers to ddiv.o(.text) for __aeabi_ddiv
    asin.o(i.asin) refers to dscalb.o(.text) for __ARM_scalbn
    asin.o(i.asin) refers to sqrt.o(i.sqrt) for sqrt
    asin.o(i.asin) refers to asin.o(.constdata) for .constdata
    asin.o(.constdata) refers (Special) to iusefp.o(.text) for __I$use$fp
    atan2.o(i.__softfp_atan2) refers (Special) to iusefp.o(.text) for __I$use$fp
    atan2.o(i.__softfp_atan2) refers to atan2.o(i.atan2) for atan2
    atan2.o(i.atan2) refers (Special) to iusefp.o(.text) for __I$use$fp
    atan2.o(i.atan2) refers to dunder.o(i.__mathlib_dbl_infnan2) for __mathlib_dbl_infnan2
    atan2.o(i.atan2) refers to atan.o(i.atan) for atan
    atan2.o(i.atan2) refers to ddiv.o(.text) for __aeabi_ddiv
    atan2.o(i.atan2) refers to dadd.o(.text) for __aeabi_dsub
    atan2.o(i.atan2) refers to cdcmple.o(.text) for __aeabi_cdcmpeq
    atan2.o(i.atan2) refers to errno.o(i.__set_errno) for __set_errno
    atan2.o(i.atan2) refers to qnan.o(.constdata) for __mathlib_zero
    entry.o(.ARM.Collect$$$$00000000) refers (Special) to entry10a.o(.ARM.Collect$$$$0000000D) for __rt_final_cpp
    entry.o(.ARM.Collect$$$$00000000) refers (Special) to entry11a.o(.ARM.Collect$$$$0000000F) for __rt_final_exit
    entry.o(.ARM.Collect$$$$00000000) refers (Special) to entry7b.o(.ARM.Collect$$$$00000008) for _main_clock
    entry.o(.ARM.Collect$$$$00000000) refers (Special) to entry8b.o(.ARM.Collect$$$$0000000A) for _main_cpp_init
    entry.o(.ARM.Collect$$$$00000000) refers (Special) to entry9a.o(.ARM.Collect$$$$0000000B) for _main_init
    entry.o(.ARM.Collect$$$$00000000) refers (Special) to entry5.o(.ARM.Collect$$$$00000004) for _main_scatterload
    entry.o(.ARM.Collect$$$$00000000) refers (Special) to entry2.o(.ARM.Collect$$$$00000001) for _main_stk
    puts.o(i.puts) refers to usart.o(.text.fputc) for fputc
    puts.o(i.puts) refers to printf.o(.bss.__stdout) for __stdout
    puts_e.o(.text) refers to usart.o(.text.fputc) for fputc
    puts_e.o(.text) refers to printf.o(.bss.__stdout) for __stdout
    ldiv.o(.text) refers to uldiv.o(.text) for __aeabi_uldivmod
    printfb.o(i.__0fprintf$bare) refers to printfb.o(i._printf_core) for _printf_core
    printfb.o(i.__0fprintf$bare) refers to usart.o(.text.fputc) for fputc
    printfb.o(i.__0printf$bare) refers to printfb.o(i._printf_core) for _printf_core
    printfb.o(i.__0printf$bare) refers to usart.o(.text.fputc) for fputc
    printfb.o(i.__0printf$bare) refers to printf.o(.bss.__stdout) for __stdout
    printfb.o(i.__0snprintf$bare) refers to printfb.o(i._printf_core) for _printf_core
    printfb.o(i.__0snprintf$bare) refers to printfb.o(i._snputc) for _snputc
    printfb.o(i.__0sprintf$bare) refers to printfb.o(i._printf_core) for _printf_core
    printfb.o(i.__0sprintf$bare) refers to printfb.o(i._sputc) for _sputc
    printfb.o(i.__0vfprintf$bare) refers to printfb.o(i._printf_core) for _printf_core
    printfb.o(i.__0vfprintf$bare) refers to usart.o(.text.fputc) for fputc
    printfb.o(i.__0vprintf$bare) refers to printfb.o(i._printf_core) for _printf_core
    printfb.o(i.__0vprintf$bare) refers to usart.o(.text.fputc) for fputc
    printfb.o(i.__0vprintf$bare) refers to printf.o(.bss.__stdout) for __stdout
    printfb.o(i.__0vsnprintf$bare) refers to printfb.o(i._printf_core) for _printf_core
    printfb.o(i.__0vsnprintf$bare) refers to printfb.o(i._snputc) for _snputc
    printfb.o(i.__0vsprintf$bare) refers to printfb.o(i._printf_core) for _printf_core
    printfb.o(i.__0vsprintf$bare) refers to printfb.o(i._sputc) for _sputc
    printf0.o(i.__0fprintf$0) refers to printf0.o(i._printf_core) for _printf_core
    printf0.o(i.__0fprintf$0) refers to usart.o(.text.fputc) for fputc
    printf0.o(i.__0printf$0) refers to printf0.o(i._printf_core) for _printf_core
    printf0.o(i.__0printf$0) refers to usart.o(.text.fputc) for fputc
    printf0.o(i.__0printf$0) refers to printf.o(.bss.__stdout) for __stdout
    printf0.o(i.__0snprintf$0) refers to printf0.o(i._printf_core) for _printf_core
    printf0.o(i.__0snprintf$0) refers to printf0.o(i._snputc) for _snputc
    printf0.o(i.__0sprintf$0) refers to printf0.o(i._printf_core) for _printf_core
    printf0.o(i.__0sprintf$0) refers to printf0.o(i._sputc) for _sputc
    printf0.o(i.__0vfprintf$0) refers to printf0.o(i._printf_core) for _printf_core
    printf0.o(i.__0vfprintf$0) refers to usart.o(.text.fputc) for fputc
    printf0.o(i.__0vprintf$0) refers to printf0.o(i._printf_core) for _printf_core
    printf0.o(i.__0vprintf$0) refers to usart.o(.text.fputc) for fputc
    printf0.o(i.__0vprintf$0) refers to printf.o(.bss.__stdout) for __stdout
    printf0.o(i.__0vsnprintf$0) refers to printf0.o(i._printf_core) for _printf_core
    printf0.o(i.__0vsnprintf$0) refers to printf0.o(i._snputc) for _snputc
    printf0.o(i.__0vsprintf$0) refers to printf0.o(i._printf_core) for _printf_core
    printf0.o(i.__0vsprintf$0) refers to printf0.o(i._sputc) for _sputc
    printf1.o(i.__0fprintf$1) refers to printf1.o(i._printf_core) for _printf_core
    printf1.o(i.__0fprintf$1) refers to usart.o(.text.fputc) for fputc
    printf1.o(i.__0printf$1) refers to printf1.o(i._printf_core) for _printf_core
    printf1.o(i.__0printf$1) refers to usart.o(.text.fputc) for fputc
    printf1.o(i.__0printf$1) refers to printf.o(.bss.__stdout) for __stdout
    printf1.o(i.__0snprintf$1) refers to printf1.o(i._printf_core) for _printf_core
    printf1.o(i.__0snprintf$1) refers to printf1.o(i._snputc) for _snputc
    printf1.o(i.__0sprintf$1) refers to printf1.o(i._printf_core) for _printf_core
    printf1.o(i.__0sprintf$1) refers to printf1.o(i._sputc) for _sputc
    printf1.o(i.__0vfprintf$1) refers to printf1.o(i._printf_core) for _printf_core
    printf1.o(i.__0vfprintf$1) refers to usart.o(.text.fputc) for fputc
    printf1.o(i.__0vprintf$1) refers to printf1.o(i._printf_core) for _printf_core
    printf1.o(i.__0vprintf$1) refers to usart.o(.text.fputc) for fputc
    printf1.o(i.__0vprintf$1) refers to printf.o(.bss.__stdout) for __stdout
    printf1.o(i.__0vsnprintf$1) refers to printf1.o(i._printf_core) for _printf_core
    printf1.o(i.__0vsnprintf$1) refers to printf1.o(i._snputc) for _snputc
    printf1.o(i.__0vsprintf$1) refers to printf1.o(i._printf_core) for _printf_core
    printf1.o(i.__0vsprintf$1) refers to printf1.o(i._sputc) for _sputc
    printf1.o(i._printf_core) refers to uidiv.o(.text) for __aeabi_uidivmod
    printf2.o(i.__0fprintf$2) refers to printf2.o(i._printf_core) for _printf_core
    printf2.o(i.__0fprintf$2) refers to usart.o(.text.fputc) for fputc
    printf2.o(i.__0printf$2) refers to printf2.o(i._printf_core) for _printf_core
    printf2.o(i.__0printf$2) refers to usart.o(.text.fputc) for fputc
    printf2.o(i.__0printf$2) refers to printf.o(.bss.__stdout) for __stdout
    printf2.o(i.__0snprintf$2) refers to printf2.o(i._printf_core) for _printf_core
    printf2.o(i.__0snprintf$2) refers to printf2.o(i._snputc) for _snputc
    printf2.o(i.__0sprintf$2) refers to printf2.o(i._printf_core) for _printf_core
    printf2.o(i.__0sprintf$2) refers to printf2.o(i._sputc) for _sputc
    printf2.o(i.__0vfprintf$2) refers to printf2.o(i._printf_core) for _printf_core
    printf2.o(i.__0vfprintf$2) refers to usart.o(.text.fputc) for fputc
    printf2.o(i.__0vprintf$2) refers to printf2.o(i._printf_core) for _printf_core
    printf2.o(i.__0vprintf$2) refers to usart.o(.text.fputc) for fputc
    printf2.o(i.__0vprintf$2) refers to printf.o(.bss.__stdout) for __stdout
    printf2.o(i.__0vsnprintf$2) refers to printf2.o(i._printf_core) for _printf_core
    printf2.o(i.__0vsnprintf$2) refers to printf2.o(i._snputc) for _snputc
    printf2.o(i.__0vsprintf$2) refers to printf2.o(i._printf_core) for _printf_core
    printf2.o(i.__0vsprintf$2) refers to printf2.o(i._sputc) for _sputc
    printf3.o(i.__0fprintf$3) refers to printf3.o(i._printf_core) for _printf_core
    printf3.o(i.__0fprintf$3) refers to usart.o(.text.fputc) for fputc
    printf3.o(i.__0printf$3) refers to printf3.o(i._printf_core) for _printf_core
    printf3.o(i.__0printf$3) refers to usart.o(.text.fputc) for fputc
    printf3.o(i.__0printf$3) refers to printf.o(.bss.__stdout) for __stdout
    printf3.o(i.__0snprintf$3) refers to printf3.o(i._printf_core) for _printf_core
    printf3.o(i.__0snprintf$3) refers to printf3.o(i._snputc) for _snputc
    printf3.o(i.__0sprintf$3) refers to printf3.o(i._printf_core) for _printf_core
    printf3.o(i.__0sprintf$3) refers to printf3.o(i._sputc) for _sputc
    printf3.o(i.__0vfprintf$3) refers to printf3.o(i._printf_core) for _printf_core
    printf3.o(i.__0vfprintf$3) refers to usart.o(.text.fputc) for fputc
    printf3.o(i.__0vprintf$3) refers to printf3.o(i._printf_core) for _printf_core
    printf3.o(i.__0vprintf$3) refers to usart.o(.text.fputc) for fputc
    printf3.o(i.__0vprintf$3) refers to printf.o(.bss.__stdout) for __stdout
    printf3.o(i.__0vsnprintf$3) refers to printf3.o(i._printf_core) for _printf_core
    printf3.o(i.__0vsnprintf$3) refers to printf3.o(i._snputc) for _snputc
    printf3.o(i.__0vsprintf$3) refers to printf3.o(i._printf_core) for _printf_core
    printf3.o(i.__0vsprintf$3) refers to printf3.o(i._sputc) for _sputc
    printf3.o(i._printf_core) refers to uidiv.o(.text) for __aeabi_uidivmod
    printf4.o(i.__0fprintf$4) refers to printf4.o(i._printf_core) for _printf_core
    printf4.o(i.__0fprintf$4) refers to usart.o(.text.fputc) for fputc
    printf4.o(i.__0printf$4) refers to printf4.o(i._printf_core) for _printf_core
    printf4.o(i.__0printf$4) refers to usart.o(.text.fputc) for fputc
    printf4.o(i.__0printf$4) refers to printf.o(.bss.__stdout) for __stdout
    printf4.o(i.__0snprintf$4) refers to printf4.o(i._printf_core) for _printf_core
    printf4.o(i.__0snprintf$4) refers to printf4.o(i._snputc) for _snputc
    printf4.o(i.__0sprintf$4) refers to printf4.o(i._printf_core) for _printf_core
    printf4.o(i.__0sprintf$4) refers to printf4.o(i._sputc) for _sputc
    printf4.o(i.__0vfprintf$4) refers to printf4.o(i._printf_core) for _printf_core
    printf4.o(i.__0vfprintf$4) refers to usart.o(.text.fputc) for fputc
    printf4.o(i.__0vprintf$4) refers to printf4.o(i._printf_core) for _printf_core
    printf4.o(i.__0vprintf$4) refers to usart.o(.text.fputc) for fputc
    printf4.o(i.__0vprintf$4) refers to printf.o(.bss.__stdout) for __stdout
    printf4.o(i.__0vsnprintf$4) refers to printf4.o(i._printf_core) for _printf_core
    printf4.o(i.__0vsnprintf$4) refers to printf4.o(i._snputc) for _snputc
    printf4.o(i.__0vsprintf$4) refers to printf4.o(i._printf_core) for _printf_core
    printf4.o(i.__0vsprintf$4) refers to printf4.o(i._sputc) for _sputc
    printf4.o(i._printf_core) refers to uldiv.o(.text) for __aeabi_uldivmod
    printf5.o(i.__0fprintf$5) refers to printf5.o(i._printf_core) for _printf_core
    printf5.o(i.__0fprintf$5) refers to usart.o(.text.fputc) for fputc
    printf5.o(i.__0printf$5) refers to printf5.o(i._printf_core) for _printf_core
    printf5.o(i.__0printf$5) refers to usart.o(.text.fputc) for fputc
    printf5.o(i.__0printf$5) refers to printf.o(.bss.__stdout) for __stdout
    printf5.o(i.__0snprintf$5) refers to printf5.o(i._printf_core) for _printf_core
    printf5.o(i.__0snprintf$5) refers to printf5.o(i._snputc) for _snputc
    printf5.o(i.__0sprintf$5) refers to printf5.o(i._printf_core) for _printf_core
    printf5.o(i.__0sprintf$5) refers to printf5.o(i._sputc) for _sputc
    printf5.o(i.__0vfprintf$5) refers to printf5.o(i._printf_core) for _printf_core
    printf5.o(i.__0vfprintf$5) refers to usart.o(.text.fputc) for fputc
    printf5.o(i.__0vprintf$5) refers to printf5.o(i._printf_core) for _printf_core
    printf5.o(i.__0vprintf$5) refers to usart.o(.text.fputc) for fputc
    printf5.o(i.__0vprintf$5) refers to printf.o(.bss.__stdout) for __stdout
    printf5.o(i.__0vsnprintf$5) refers to printf5.o(i._printf_core) for _printf_core
    printf5.o(i.__0vsnprintf$5) refers to printf5.o(i._snputc) for _snputc
    printf5.o(i.__0vsprintf$5) refers to printf5.o(i._printf_core) for _printf_core
    printf5.o(i.__0vsprintf$5) refers to printf5.o(i._sputc) for _sputc
    printf5.o(i._printf_core) refers to uldiv.o(.text) for __aeabi_uldivmod
    printf6.o(i.__0fprintf$6) refers to printf6.o(i._printf_core) for _printf_core
    printf6.o(i.__0fprintf$6) refers to usart.o(.text.fputc) for fputc
    printf6.o(i.__0printf$6) refers to printf6.o(i._printf_core) for _printf_core
    printf6.o(i.__0printf$6) refers to usart.o(.text.fputc) for fputc
    printf6.o(i.__0printf$6) refers to printf.o(.bss.__stdout) for __stdout
    printf6.o(i.__0snprintf$6) refers to printf6.o(i._printf_core) for _printf_core
    printf6.o(i.__0snprintf$6) refers to printf6.o(i._snputc) for _snputc
    printf6.o(i.__0sprintf$6) refers to printf6.o(i._printf_core) for _printf_core
    printf6.o(i.__0sprintf$6) refers to printf6.o(i._sputc) for _sputc
    printf6.o(i.__0vfprintf$6) refers to printf6.o(i._printf_core) for _printf_core
    printf6.o(i.__0vfprintf$6) refers to usart.o(.text.fputc) for fputc
    printf6.o(i.__0vprintf$6) refers to printf6.o(i._printf_core) for _printf_core
    printf6.o(i.__0vprintf$6) refers to usart.o(.text.fputc) for fputc
    printf6.o(i.__0vprintf$6) refers to printf.o(.bss.__stdout) for __stdout
    printf6.o(i.__0vsnprintf$6) refers to printf6.o(i._printf_core) for _printf_core
    printf6.o(i.__0vsnprintf$6) refers to printf6.o(i._snputc) for _snputc
    printf6.o(i.__0vsprintf$6) refers to printf6.o(i._printf_core) for _printf_core
    printf6.o(i.__0vsprintf$6) refers to printf6.o(i._sputc) for _sputc
    printf6.o(i._printf_core) refers to printf6.o(i._printf_pre_padding) for _printf_pre_padding
    printf6.o(i._printf_core) refers to uidiv.o(.text) for __aeabi_uidivmod
    printf6.o(i._printf_core) refers to printf6.o(i._printf_post_padding) for _printf_post_padding
    printf7.o(i.__0fprintf$7) refers to printf7.o(i._printf_core) for _printf_core
    printf7.o(i.__0fprintf$7) refers to usart.o(.text.fputc) for fputc
    printf7.o(i.__0printf$7) refers to printf7.o(i._printf_core) for _printf_core
    printf7.o(i.__0printf$7) refers to usart.o(.text.fputc) for fputc
    printf7.o(i.__0printf$7) refers to printf.o(.bss.__stdout) for __stdout
    printf7.o(i.__0snprintf$7) refers to printf7.o(i._printf_core) for _printf_core
    printf7.o(i.__0snprintf$7) refers to printf7.o(i._snputc) for _snputc
    printf7.o(i.__0sprintf$7) refers to printf7.o(i._printf_core) for _printf_core
    printf7.o(i.__0sprintf$7) refers to printf7.o(i._sputc) for _sputc
    printf7.o(i.__0vfprintf$7) refers to printf7.o(i._printf_core) for _printf_core
    printf7.o(i.__0vfprintf$7) refers to usart.o(.text.fputc) for fputc
    printf7.o(i.__0vprintf$7) refers to printf7.o(i._printf_core) for _printf_core
    printf7.o(i.__0vprintf$7) refers to usart.o(.text.fputc) for fputc
    printf7.o(i.__0vprintf$7) refers to printf.o(.bss.__stdout) for __stdout
    printf7.o(i.__0vsnprintf$7) refers to printf7.o(i._printf_core) for _printf_core
    printf7.o(i.__0vsnprintf$7) refers to printf7.o(i._snputc) for _snputc
    printf7.o(i.__0vsprintf$7) refers to printf7.o(i._printf_core) for _printf_core
    printf7.o(i.__0vsprintf$7) refers to printf7.o(i._sputc) for _sputc
    printf7.o(i._printf_core) refers to printf7.o(i._printf_pre_padding) for _printf_pre_padding
    printf7.o(i._printf_core) refers to uldiv.o(.text) for __aeabi_uldivmod
    printf7.o(i._printf_core) refers to printf7.o(i._printf_post_padding) for _printf_post_padding
    printf8.o(i.__0fprintf$8) refers to printf8.o(i._printf_core) for _printf_core
    printf8.o(i.__0fprintf$8) refers to usart.o(.text.fputc) for fputc
    printf8.o(i.__0printf$8) refers to printf8.o(i._printf_core) for _printf_core
    printf8.o(i.__0printf$8) refers to usart.o(.text.fputc) for fputc
    printf8.o(i.__0printf$8) refers to printf.o(.bss.__stdout) for __stdout
    printf8.o(i.__0snprintf$8) refers to printf8.o(i._printf_core) for _printf_core
    printf8.o(i.__0snprintf$8) refers to printf8.o(i._snputc) for _snputc
    printf8.o(i.__0sprintf$8) refers to printf8.o(i._printf_core) for _printf_core
    printf8.o(i.__0sprintf$8) refers to printf8.o(i._sputc) for _sputc
    printf8.o(i.__0vfprintf$8) refers to printf8.o(i._printf_core) for _printf_core
    printf8.o(i.__0vfprintf$8) refers to usart.o(.text.fputc) for fputc
    printf8.o(i.__0vprintf$8) refers to printf8.o(i._printf_core) for _printf_core
    printf8.o(i.__0vprintf$8) refers to usart.o(.text.fputc) for fputc
    printf8.o(i.__0vprintf$8) refers to printf.o(.bss.__stdout) for __stdout
    printf8.o(i.__0vsnprintf$8) refers to printf8.o(i._printf_core) for _printf_core
    printf8.o(i.__0vsnprintf$8) refers to printf8.o(i._snputc) for _snputc
    printf8.o(i.__0vsprintf$8) refers to printf8.o(i._printf_core) for _printf_core
    printf8.o(i.__0vsprintf$8) refers to printf8.o(i._sputc) for _sputc
    printf8.o(i._printf_core) refers to printf8.o(i._printf_pre_padding) for _printf_pre_padding
    printf8.o(i._printf_core) refers to uldiv.o(.text) for __aeabi_uldivmod
    printf8.o(i._printf_core) refers to printf8.o(i._printf_post_padding) for _printf_post_padding
    printfa.o(i.__0fprintf) refers (Special) to iusefp.o(.text) for __I$use$fp
    printfa.o(i.__0fprintf) refers to printfa.o(i._printf_core) for _printf_core
    printfa.o(i.__0fprintf) refers to usart.o(.text.fputc) for fputc
    printfa.o(i.__0printf) refers (Special) to iusefp.o(.text) for __I$use$fp
    printfa.o(i.__0printf) refers to printfa.o(i._printf_core) for _printf_core
    printfa.o(i.__0printf) refers to usart.o(.text.fputc) for fputc
    printfa.o(i.__0printf) refers to printf.o(.bss.__stdout) for __stdout
    printfa.o(i.__0snprintf) refers (Special) to iusefp.o(.text) for __I$use$fp
    printfa.o(i.__0snprintf) refers to printfa.o(i._printf_core) for _printf_core
    printfa.o(i.__0snprintf) refers to printfa.o(i._snputc) for _snputc
    printfa.o(i.__0sprintf) refers (Special) to iusefp.o(.text) for __I$use$fp
    printfa.o(i.__0sprintf) refers to printfa.o(i._printf_core) for _printf_core
    printfa.o(i.__0sprintf) refers to printfa.o(i._sputc) for _sputc
    printfa.o(i.__0vfprintf) refers (Special) to iusefp.o(.text) for __I$use$fp
    printfa.o(i.__0vfprintf) refers to printfa.o(i._printf_core) for _printf_core
    printfa.o(i.__0vfprintf) refers to usart.o(.text.fputc) for fputc
    printfa.o(i.__0vprintf) refers (Special) to iusefp.o(.text) for __I$use$fp
    printfa.o(i.__0vprintf) refers to printfa.o(i._printf_core) for _printf_core
    printfa.o(i.__0vprintf) refers to usart.o(.text.fputc) for fputc
    printfa.o(i.__0vprintf) refers to printf.o(.bss.__stdout) for __stdout
    printfa.o(i.__0vsnprintf) refers (Special) to iusefp.o(.text) for __I$use$fp
    printfa.o(i.__0vsnprintf) refers to printfa.o(i._printf_core) for _printf_core
    printfa.o(i.__0vsnprintf) refers to printfa.o(i._snputc) for _snputc
    printfa.o(i.__0vsprintf) refers (Special) to iusefp.o(.text) for __I$use$fp
    printfa.o(i.__0vsprintf) refers to printfa.o(i._printf_core) for _printf_core
    printfa.o(i.__0vsprintf) refers to printfa.o(i._sputc) for _sputc
    printfa.o(i._fp_digits) refers (Special) to iusefp.o(.text) for __I$use$fp
    printfa.o(i._fp_digits) refers to dmul.o(.text) for __aeabi_dmul
    printfa.o(i._fp_digits) refers to ddiv.o(.text) for __aeabi_ddiv
    printfa.o(i._fp_digits) refers to cdrcmple.o(.text) for __aeabi_cdrcmple
    printfa.o(i._fp_digits) refers to dadd.o(.text) for __aeabi_dadd
    printfa.o(i._fp_digits) refers to dfixul.o(.text) for __aeabi_d2ulz
    printfa.o(i._fp_digits) refers to uldiv.o(.text) for __aeabi_uldivmod
    printfa.o(i._printf_core) refers (Special) to iusefp.o(.text) for __I$use$fp
    printfa.o(i._printf_core) refers to printfa.o(i._printf_pre_padding) for _printf_pre_padding
    printfa.o(i._printf_core) refers to uldiv.o(.text) for __aeabi_uldivmod
    printfa.o(i._printf_core) refers to printfa.o(i._printf_post_padding) for _printf_post_padding
    printfa.o(i._printf_core) refers to printfa.o(i._fp_digits) for _fp_digits
    printfa.o(i._printf_core) refers to uidiv.o(.text) for __aeabi_uidivmod
    printfa.o(i._printf_post_padding) refers (Special) to iusefp.o(.text) for __I$use$fp
    printfa.o(i._printf_pre_padding) refers (Special) to iusefp.o(.text) for __I$use$fp
    printfa.o(i._snputc) refers (Special) to iusefp.o(.text) for __I$use$fp
    printfa.o(i._sputc) refers (Special) to iusefp.o(.text) for __I$use$fp
    __0sscanf.o(.text) refers to scanf_char.o(.text) for __vfscanf_char
    __0sscanf.o(.text) refers to _sgetc.o(.text) for _sgetc
    _scanf_int.o(.text) refers to _chval.o(.text) for _chval
    scanf_fp.o(.text) refers (Special) to iusefp.o(.text) for __I$use$fp
    scanf_fp.o(.text) refers to dfltul.o(.text) for __aeabi_ul2d
    scanf_fp.o(.text) refers to dmul.o(.text) for __aeabi_dmul
    scanf_fp.o(.text) refers to ddiv.o(.text) for __aeabi_ddiv
    scanf_fp.o(.text) refers to scanf_fp.o(i._is_digit) for _is_digit
    scanf_fp.o(.text) refers to d2f.o(.text) for __aeabi_d2f
    fadd.o(.text) refers (Special) to iusefp.o(.text) for __I$use$fp
    fadd.o(.text) refers to fepilogue.o(.text) for _float_epilogue
    fmul.o(.text) refers (Special) to iusefp.o(.text) for __I$use$fp
    fdiv.o(.text) refers (Special) to iusefp.o(.text) for __I$use$fp
    fdiv.o(.text) refers to fepilogue.o(.text) for _float_round
    dadd.o(.text) refers (Special) to iusefp.o(.text) for __I$use$fp
    dadd.o(.text) refers to llshl.o(.text) for __aeabi_llsl
    dadd.o(.text) refers to llsshr.o(.text) for __aeabi_lasr
    dadd.o(.text) refers to depilogue.o(.text) for _double_epilogue
    dmul.o(.text) refers (Special) to iusefp.o(.text) for __I$use$fp
    dmul.o(.text) refers to depilogue.o(.text) for _double_epilogue
    ddiv.o(.text) refers (Special) to iusefp.o(.text) for __I$use$fp
    ddiv.o(.text) refers to depilogue.o(.text) for _double_round
    fcmple.o(.text) refers (Special) to iusefp.o(.text) for __I$use$fp
    fcmplt.o(.text) refers (Special) to iusefp.o(.text) for __I$use$fp
    fcmpge.o(.text) refers (Special) to iusefp.o(.text) for __I$use$fp
    fcmpgt.o(.text) refers (Special) to iusefp.o(.text) for __I$use$fp
    fcmpeq.o(.text) refers (Special) to iusefp.o(.text) for __I$use$fp
    dcmplt.o(.text) refers (Special) to iusefp.o(.text) for __I$use$fp
    fflti.o(.text) refers (Special) to iusefp.o(.text) for __I$use$fp
    fflti.o(.text) refers to fepilogue.o(.text) for _float_epilogue
    ffltui.o(.text) refers (Special) to iusefp.o(.text) for __I$use$fp
    ffltui.o(.text) refers to fepilogue.o(.text) for _float_epilogue
    dflti.o(.text) refers (Special) to iusefp.o(.text) for __I$use$fp
    dflti.o(.text) refers to depilogue.o(.text) for _double_epilogue
    ffixi.o(.text) refers (Special) to iusefp.o(.text) for __I$use$fp
    dfixi.o(.text) refers (Special) to iusefp.o(.text) for __I$use$fp
    dfixi.o(.text) refers to llushr.o(.text) for __aeabi_llsr
    f2d.o(.text) refers (Special) to iusefp.o(.text) for __I$use$fp
    d2f.o(.text) refers (Special) to iusefp.o(.text) for __I$use$fp
    d2f.o(.text) refers to fepilogue.o(.text) for _float_round
    atan.o(i.__softfp_atan) refers (Special) to iusefp.o(.text) for __I$use$fp
    atan.o(i.__softfp_atan) refers to atan.o(i.atan) for atan
    atan.o(i.atan) refers (Special) to iusefp.o(.text) for __I$use$fp
    atan.o(i.atan) refers to dunder.o(i.__mathlib_dbl_infnan) for __mathlib_dbl_infnan
    atan.o(i.atan) refers to fpclassify.o(i.__ARM_fpclassify) for __ARM_fpclassify
    atan.o(i.atan) refers to dunder.o(i.__mathlib_dbl_underflow) for __mathlib_dbl_underflow
    atan.o(i.atan) refers to dadd.o(.text) for __aeabi_dadd
    atan.o(i.atan) refers to dscalb.o(.text) for __ARM_scalbn
    atan.o(i.atan) refers to ddiv.o(.text) for __aeabi_ddiv
    atan.o(i.atan) refers to dmul.o(.text) for __aeabi_dmul
    atan.o(i.atan) refers to poly.o(i.__kernel_poly) for __kernel_poly
    atan.o(i.atan) refers to atan.o(.constdata) for .constdata
    atan.o(.constdata) refers (Special) to iusefp.o(.text) for __I$use$fp
    dunder.o(i.__mathlib_dbl_divzero) refers to ddiv.o(.text) for __aeabi_ddiv
    dunder.o(i.__mathlib_dbl_infnan) refers to dscalb.o(.text) for __ARM_scalbn
    dunder.o(i.__mathlib_dbl_infnan2) refers to dadd.o(.text) for __aeabi_dadd
    dunder.o(i.__mathlib_dbl_invalid) refers to ddiv.o(.text) for __aeabi_ddiv
    dunder.o(i.__mathlib_dbl_overflow) refers to dscalb.o(.text) for __ARM_scalbn
    dunder.o(i.__mathlib_dbl_posinfnan) refers to dmul.o(.text) for __aeabi_dmul
    dunder.o(i.__mathlib_dbl_underflow) refers to dscalb.o(.text) for __ARM_scalbn
    fpclassify.o(i.__ARM_fpclassify) refers (Special) to iusefp.o(.text) for __I$use$fp
    poly.o(i.__kernel_poly) refers (Special) to iusefp.o(.text) for __I$use$fp
    poly.o(i.__kernel_poly) refers to dmul.o(.text) for __aeabi_dmul
    poly.o(i.__kernel_poly) refers to dadd.o(.text) for __aeabi_dadd
    qnan.o(.constdata) refers (Special) to iusefp.o(.text) for __I$use$fp
    sqrt.o(i.__softfp_sqrt) refers (Special) to iusefp.o(.text) for __I$use$fp
    sqrt.o(i.__softfp_sqrt) refers to dsqrt.o(.text) for _dsqrt
    sqrt.o(i.__softfp_sqrt) refers to errno.o(i.__set_errno) for __set_errno
    sqrt.o(i.sqrt) refers (Special) to iusefp.o(.text) for __I$use$fp
    sqrt.o(i.sqrt) refers to dsqrt.o(.text) for _dsqrt
    sqrt.o(i.sqrt) refers to errno.o(i.__set_errno) for __set_errno
    entry2.o(.ARM.Collect$$$$00000001) refers to entry2.o(.ARM.Collect$$$$00002712) for __lit__00000000
    entry2.o(.ARM.Collect$$$$00002712) refers to startup_stm32f103xb.o(STACK) for __initial_sp
    entry2.o(__vectab_stack_and_reset_area) refers to startup_stm32f103xb.o(STACK) for __initial_sp
    entry2.o(__vectab_stack_and_reset_area) refers to entry.o(.ARM.Collect$$$$00000000) for __main
    entry5.o(.ARM.Collect$$$$00000004) refers to init.o(.text) for __scatterload
    entry9a.o(.ARM.Collect$$$$0000000B) refers to main.o(.text.main) for main
    entry9b.o(.ARM.Collect$$$$0000000C) refers to main.o(.text.main) for main
    uldiv.o(.text) refers to llushr.o(.text) for __aeabi_llsr
    uldiv.o(.text) refers to llshl.o(.text) for __aeabi_llsl
    errno.o(i.__aeabi_errno_addr) refers to errno.o(.data) for .data
    errno.o(i.__read_errno) refers to errno.o(.data) for .data
    errno.o(i.__set_errno) refers to errno.o(.data) for .data
    scanf_char.o(.text) refers to _scanf.o(.text) for __vfscanf
    scanf_char.o(.text) refers to isspace_c.o(.text) for isspace
    fepilogue.o(.text) refers (Special) to iusefp.o(.text) for __I$use$fp
    depilogue.o(.text) refers (Special) to iusefp.o(.text) for __I$use$fp
    depilogue.o(.text) refers to llshl.o(.text) for __aeabi_llsl
    depilogue.o(.text) refers to llushr.o(.text) for __aeabi_llsr
    dscalb.o(.text) refers (Special) to iusefp.o(.text) for __I$use$fp
    dfltul.o(.text) refers (Special) to iusefp.o(.text) for __I$use$fp
    dfltul.o(.text) refers to depilogue.o(.text) for _double_epilogue
    dfixul.o(.text) refers (Special) to iusefp.o(.text) for __I$use$fp
    dfixul.o(.text) refers to llushr.o(.text) for __aeabi_llsr
    dfixul.o(.text) refers to llshl.o(.text) for __aeabi_llsl
    cdcmple.o(.text) refers (Special) to iusefp.o(.text) for __I$use$fp
    cdrcmple.o(.text) refers (Special) to iusefp.o(.text) for __I$use$fp
    init.o(.text) refers to entry5.o(.ARM.Collect$$$$00000004) for __main_after_scatterload
    isspace_c.o(.text) refers to ctype_c.o(.text) for __ctype_lookup
    _scanf.o(.text) refers (Weak) to scanf_fp.o(.text) for _scanf_real
    _scanf.o(.text) refers (Weak) to _scanf_int.o(.text) for _scanf_int
    dsqrt.o(.text) refers (Special) to iusefp.o(.text) for __I$use$fp
    dsqrt.o(.text) refers to llushr.o(.text) for __aeabi_llsr
    dsqrt.o(.text) refers to depilogue.o(.text) for _double_round
    ctype_c.o(.text) refers to ctype_c.o(.constdata) for .constdata
    scanf_fp.o(i._is_digit) refers (Special) to iusefp.o(.text) for __I$use$fp

