Component: Arm Compiler for Embedded 6.23 Tool: armlink [5f102400]

==============================================================================

Section Cross References

    startup_stm32f103xb.o(RESET) refers to startup_stm32f103xb.o(STACK) for __initial_sp
    startup_stm32f103xb.o(RESET) refers to startup_stm32f103xb.o(.text) for Reset_Handler
    startup_stm32f103xb.o(RESET) refers to stm32f1xx_it.o(.text.NMI_Handler) for NMI_Handler
    startup_stm32f103xb.o(RESET) refers to stm32f1xx_it.o(.text.HardFault_Handler) for HardFault_Handler
    startup_stm32f103xb.o(RESET) refers to stm32f1xx_it.o(.text.MemManage_Handler) for MemManage_Handler
    startup_stm32f103xb.o(RESET) refers to stm32f1xx_it.o(.text.BusFault_Handler) for BusFault_Handler
    startup_stm32f103xb.o(RESET) refers to stm32f1xx_it.o(.text.UsageFault_Handler) for UsageFault_Handler
    startup_stm32f103xb.o(RESET) refers to stm32f1xx_it.o(.text.SVC_Handler) for SVC_Handler
    startup_stm32f103xb.o(RESET) refers to stm32f1xx_it.o(.text.DebugMon_Handler) for DebugMon_Handler
    startup_stm32f103xb.o(RESET) refers to stm32f1xx_it.o(.text.PendSV_Handler) for PendSV_Handler
    startup_stm32f103xb.o(RESET) refers to stm32f1xx_it.o(.text.SysTick_Handler) for SysTick_Handler
    startup_stm32f103xb.o(RESET) refers to stm32f1xx_it.o(.text.EXTI0_IRQHandler) for EXTI0_IRQHandler
    startup_stm32f103xb.o(RESET) refers to stm32f1xx_it.o(.text.TIM1_UP_IRQHandler) for TIM1_UP_IRQHandler
    startup_stm32f103xb.o(RESET) refers to stm32f1xx_it.o(.text.TIM2_IRQHandler) for TIM2_IRQHandler
    startup_stm32f103xb.o(RESET) refers to stm32f1xx_it.o(.text.TIM3_IRQHandler) for TIM3_IRQHandler
    startup_stm32f103xb.o(RESET) refers to stm32f1xx_it.o(.text.USART1_IRQHandler) for USART1_IRQHandler
    startup_stm32f103xb.o(RESET) refers to stm32f1xx_it.o(.text.USART2_IRQHandler) for USART2_IRQHandler
    startup_stm32f103xb.o(.text) refers to system_stm32f1xx.o(.text.SystemInit) for SystemInit
    startup_stm32f103xb.o(.text) refers to entry.o(.ARM.Collect$$$$00000000) for __main
    main.o(.text.main) refers to stm32f1xx_hal.o(.text.HAL_Init) for HAL_Init
    main.o(.text.main) refers to stm32f1xx_hal_rcc.o(.text.HAL_RCC_OscConfig) for HAL_RCC_OscConfig
    main.o(.text.main) refers to stm32f1xx_hal_rcc.o(.text.HAL_RCC_ClockConfig) for HAL_RCC_ClockConfig
    main.o(.text.main) refers to stm32f1xx_hal_rcc_ex.o(.text.HAL_RCCEx_PeriphCLKConfig) for HAL_RCCEx_PeriphCLKConfig
    main.o(.text.main) refers to gpio.o(.text.MX_GPIO_Init) for MX_GPIO_Init
    main.o(.text.main) refers to tim.o(.text.MX_TIM1_Init) for MX_TIM1_Init
    main.o(.text.main) refers to tim.o(.text.MX_TIM2_Init) for MX_TIM2_Init
    main.o(.text.main) refers to tim.o(.text.MX_TIM3_Init) for MX_TIM3_Init
    main.o(.text.main) refers to usart.o(.text.MX_USART1_UART_Init) for MX_USART1_UART_Init
    main.o(.text.main) refers to tim.o(.text.MX_TIM4_Init) for MX_TIM4_Init
    main.o(.text.main) refers to usart.o(.text.MX_USART2_UART_Init) for MX_USART2_UART_Init
    main.o(.text.main) refers to adc.o(.text.MX_ADC1_Init) for MX_ADC1_Init
    main.o(.text.main) refers to delay.o(.text.delay_init) for delay_init
    main.o(.text.main) refers to stm32f1xx_hal_cortex.o(.text.HAL_NVIC_DisableIRQ) for HAL_NVIC_DisableIRQ
    main.o(.text.main) refers to tim.o(.bss.htim4) for htim4
    main.o(.text.main) refers to stm32f1xx_hal_tim.o(.text.HAL_TIM_PWM_Init) for HAL_TIM_PWM_Init
    main.o(.text.main) refers to stm32f1xx_hal_tim.o(.text.HAL_TIM_PWM_Start) for HAL_TIM_PWM_Start
    main.o(.text.main) refers to moto.o(.text.MOTO_init) for MOTO_init
    main.o(.text.main) refers to tim.o(.bss.htim2) for htim2
    main.o(.text.main) refers to stm32f1xx_hal_tim.o(.text.HAL_TIM_Encoder_Start) for HAL_TIM_Encoder_Start
    main.o(.text.main) refers to tim.o(.bss.htim3) for htim3
    main.o(.text.main) refers to tim.o(.bss.htim1) for htim1
    main.o(.text.main) refers to stm32f1xx_hal_tim.o(.text.HAL_TIM_Base_Start_IT) for HAL_TIM_Base_Start_IT
    main.o(.text.main) refers to controlapid.o(.bss.encoder_speed) for encoder_speed
    main.o(.text.main) refers to main.o(.data..L_MergedGlobals) for .L_MergedGlobals
    main.o(.text.main) refers to main.o(.bss..L_MergedGlobals.2) for .L_MergedGlobals.2
    main.o(.text.main) refers to controlapid.o(.bss.bal) for bal
    main.o(.text.main) refers to controlapid.o(.text.pid_init) for pid_init
    main.o(.text.main) refers to controlapid.o(.bss.velo) for velo
    main.o(.text.main) refers to moto.o(.text.Moto_SetPwm) for Moto_SetPwm
    main.o(.text.main) refers to mpu6050.o(.text.MPU6050_initialize) for MPU6050_initialize
    main.o(.text.main) refers to delay.o(.text.delay_ms) for delay_ms
    main.o(.text.main) refers to mpu6050.o(.text.DMP_Init) for DMP_Init
    main.o(.text.main) refers to stm32f1xx_hal_cortex.o(.text.HAL_NVIC_EnableIRQ) for HAL_NVIC_EnableIRQ
    main.o(.text.main) refers to usart.o(.bss.huart2) for huart2
[...]
    _printf_int_dec                          0x00000000   Number         0  printfstubs.o ABSOLUTE
    _printf_l                                0x00000000   Number         0  printfstubs.o ABSOLUTE
    _printf_lc                               0x00000000   Number         0  printfstubs.o ABSOLUTE
    _printf_ll                               0x00000000   Number         0  printfstubs.o ABSOLUTE
    _printf_lld                              0x00000000   Number         0  printfstubs.o ABSOLUTE
    _printf_lli                              0x00000000   Number         0  printfstubs.o ABSOLUTE
    _printf_llo                              0x00000000   Number         0  printfstubs.o ABSOLUTE
    _printf_llu                              0x00000000   Number         0  printfstubs.o ABSOLUTE
    _printf_llx                              0x00000000   Number         0  printfstubs.o ABSOLUTE
    _printf_longlong_dec                     0x00000000   Number         0  printfstubs.o ABSOLUTE
    _printf_longlong_hex                     0x00000000   Number         0  printfstubs.o ABSOLUTE
    _printf_longlong_oct                     0x00000000   Number         0  printfstubs.o ABSOLUTE
    _printf_ls                               0x00000000   Number         0  printfstubs.o ABSOLUTE
    _printf_mbtowc                           0x00000000   Number         0  printfstubs.o ABSOLUTE
    _printf_n                                0x00000000   Number         0  printfstubs.o ABSOLUTE
    _printf_o                                0x00000000   Number         0  printfstubs.o ABSOLUTE
    _printf_p                                0x00000000   Number         0  printfstubs.o ABSOLUTE
    _printf_percent                          0x00000000   Number         0  printfstubs.o ABSOLUTE
    _printf_pre_padding                      0x00000000   Number         0  printfstubs.o ABSOLUTE
    _printf_return_value                     0x00000000   Number         0  printfstubs.o ABSOLUTE
    _printf_s                                0x00000000   Number         0  printfstubs.o ABSOLUTE
    _printf_sizespec                         0x00000000   Number         0  printfstubs.o ABSOLUTE
    _printf_str                              0x00000000   Number         0  printfstubs.o ABSOLUTE
    _printf_truncate_signed                  0x00000000   Number         0  printfstubs.o ABSOLUTE
    _printf_truncate_unsigned                0x00000000   Number         0  printfstubs.o ABSOLUTE
    _printf_u                                0x00000000   Number         0  printfstubs.o ABSOLUTE
    _printf_wc                               0x00000000   Number         0  printfstubs.o ABSOLUTE
    _printf_wctomb                           0x00000000   Number         0  printfstubs.o ABSOLUTE
    _printf_widthprec                        0x00000000   Number         0  printfstubs.o ABSOLUTE
    _printf_x                                0x00000000   Number         0  printfstubs.o ABSOLUTE
    __cpp_initialize__aeabi_                  - Undefined Weak Reference
    __cxa_finalize                            - Undefined Weak Reference
    __decompress                              - Undefined Weak Reference
    _clock_init                               - Undefined Weak Reference
    _microlib_exit                            - Undefined Weak Reference
    _scanf_longlong                           - Undefined Weak Reference
    _scanf_string                             - Undefined Weak Reference
    __Vectors_Size                           0x000000ec   Number         0  startup_stm32f103xb.o ABSOLUTE
    __Vectors                                0x08000000   Data           4  startup_stm32f103xb.o(RESET)
    __Vectors_End                            0x080000ec   Data           0  startup_stm32f103xb.o(RESET)
    __main                                   0x080000ed   Thumb Code     0  entry.o(.ARM.Collect$$$$00000000)
    _main_stk                                0x080000ed   Thumb Code     0  entry2.o(.ARM.Collect$$$$00000001)
    _main_scatterload                        0x080000f1   Thumb Code     0  entry5.o(.ARM.Collect$$$$00000004)
    __main_after_scatterload                 0x080000f5   Thumb Code     0  entry5.o(.ARM.Collect$$$$00000004)
    _main_clock                              0x080000f5   Thumb Code     0  entry7b.o(.ARM.Collect$$$$00000008)
    _main_cpp_init                           0x080000f5   Thumb Code     0  entry8b.o(.ARM.Collect$$$$0000000A)
    _main_init                               0x080000f5   Thumb Code     0  entry9a.o(.ARM.Collect$$$$0000000B)
    __rt_final_cpp                           0x080000fd   Thumb Code     0  entry10a.o(.ARM.Collect$$$$0000000D)
    __rt_final_exit                          0x080000fd   Thumb Code     0  entry11a.o(.ARM.Collect$$$$0000000F)
    Reset_Handler                            0x08000101   Thumb Code     8  startup_stm32f103xb.o(.text)
    ADC1_2_IRQHandler                        0x0800011b   Thumb Code     0  startup_stm32f103xb.o(.text)
    CAN1_RX1_IRQHandler                      0x0800011b   Thumb Code     0  startup_stm32f103xb.o(.text)
    CAN1_SCE_IRQHandler                      0x0800011b   Thumb Code     0  startup_stm32f103xb.o(.text)
    DMA1_Channel1_IRQHandler                 0x0800011b   Thumb Code     0  startup_stm32f103xb.o(.text)
    DMA1_Channel2_IRQHandler                 0x0800011b   Thumb Code     0  startup_stm32f103xb.o(.text)
    DMA1_Channel3_IRQHandler                 0x0800011b   Thumb Code     0  startup_stm32f103xb.o(.text)
    DMA1_Channel4_IRQHandler                 0x0800011b   Thumb Code     0  startup_stm32f103xb.o(.text)
    DMA1_Channel5_IRQHandler                 0x0800011b   Thumb Code     0  startup_stm32f103xb.o(.text)
    DMA1_Channel6_IRQHandler                 0x0800011b   Thumb Code     0  startup_stm32f103xb.o(.text)
    DMA1_Channel7_IRQHandler                 0x0800011b   Thumb Code     0  startup_stm32f103xb.o(.text)
    EXTI15_10_IRQHandler                     0x0800011b   Thumb Code     0  startup_stm32f103xb.o(.text)
    EXTI1_IRQHandler                         0x0800011b   Thumb Code     0  startup_stm32f103xb.o(.text)
    EXTI2_IRQHandler                         0x0800011b   Thumb Code     0  startup_stm32f103xb.o(.text)
    EXTI3_IRQHandler                         0x0800011b   Thumb Code     0  startup_stm32f103xb.o(.text)
    EXTI4_IRQHandler                         0x0800011b   Thumb Code     0  startup_stm32f103xb.o(.text)
    EXTI9_5_IRQHandler                       0x0800011b   Thumb Code     0  startup_stm32f103xb.o(.text)
    FLASH_IRQHandler                         0x0800011b   Thumb Code     0  startup_stm32f103xb.o(.text)
    I2C1_ER_IRQHandler                       0x0800011b   Thumb Code     0  startup_stm32f103xb.o(.text)
    I2C1_EV_IRQHandler                       0x0800011b   Thumb Code     0  startup_stm32f103xb.o(.text)
    I2C2_ER_IRQHandler                       0x0800011b   Thumb Code     0  startup_stm32f103xb.o(.text)
    I2C2_EV_IRQHandler                       0x0800011b   Thumb Code     0  startup_stm32f103xb.o(.text)
    PVD_IRQHandler                           0x0800011b   Thumb Code     0  startup_stm32f103xb.o(.text)
    RCC_IRQHandler                           0x0800011b   Thumb Code     0  startup_stm32f103xb.o(.text)
    RTC_Alarm_IRQHandler                     0x0800011b   Thumb Code     0  startup_stm32f103xb.o(.text)
    RTC_IRQHandler                           0x0800011b   Thumb Code     0  startup_stm32f103xb.o(.text)
    SPI1_IRQHandler                          0x0800011b   Thumb Code     0  startup_stm32f103xb.o(.text)
    SPI2_IRQHandler                          0x0800011b   Thumb Code     0  startup_stm32f103xb.o(.text)
    TAMPER_IRQHandler                        0x0800011b   Thumb Code     0  startup_stm32f103xb.o(.text)
    TIM1_BRK_IRQHandler                      0x0800011b   Thumb Code     0  startup_stm32f103xb.o(.text)
    TIM1_CC_IRQHandler                       0x0800011b   Thumb Code     0  startup_stm32f103xb.o(.text)
    TIM1_TRG_COM_IRQHandler                  0x0800011b   Thumb Code     0  startup_stm32f103xb.o(.text)
    TIM4_IRQHandler                          0x0800011b   Thumb Code     0  startup_stm32f103xb.o(.text)
    USART3_IRQHandler                        0x0800011b   Thumb Code     0  startup_stm32f103xb.o(.text)
    USBWakeUp_IRQHandler                     0x0800011b   Thumb Code     0  startup_stm32f103xb.o(.text)
    USB_HP_CAN1_TX_IRQHandler                0x0800011b   Thumb Code     0  startup_stm32f103xb.o(.text)
    USB_LP_CAN1_RX0_IRQHandler               0x0800011b   Thumb Code     0  startup_stm32f103xb.o(.text)
    WWDG_IRQHandler                          0x0800011b   Thumb Code     0  startup_stm32f103xb.o(.text)
    __aeabi_ldivmod                          0x08000125   Thumb Code    98  ldiv.o(.text)
    strlen                                   0x08000187   Thumb Code    14  strlen.o(.text)
    memcmp                                   0x08000195   Thumb Code    26  memcmp.o(.text)
    __0sscanf                                0x080001b1   Thumb Code    48  __0sscanf.o(.text)
    _scanf_int                               0x080001e9   Thumb Code   332  _scanf_int.o(.text)
    _scanf_real                              0x0800045d   Thumb Code     0  scanf_fp.o(.text)
    _scanf_really_real                       0x0800045d   Thumb Code   556  scanf_fp.o(.text)
    __aeabi_fadd                             0x08000695   Thumb Code   164  fadd.o(.text)
    __aeabi_fsub                             0x08000739   Thumb Code     6  fadd.o(.text)
    __aeabi_frsub                            0x0800073f   Thumb Code     6  fadd.o(.text)
    __aeabi_fmul                             0x08000745   Thumb Code   100  fmul.o(.text)
    __aeabi_fdiv                             0x080007a9   Thumb Code   124  fdiv.o(.text)
    __aeabi_dadd                             0x08000825   Thumb Code   322  dadd.o(.text)
    __aeabi_dsub                             0x08000967   Thumb Code     6  dadd.o(.text)
    __aeabi_drsub                            0x0800096d   Thumb Code     6  dadd.o(.text)
    __aeabi_dmul                             0x08000973   Thumb Code   228  dmul.o(.text)
    __aeabi_ddiv                             0x08000a57   Thumb Code   222  ddiv.o(.text)
    __aeabi_fcmple                           0x08000b35   Thumb Code    28  fcmple.o(.text)
    __aeabi_fcmplt                           0x08000b51   Thumb Code    28  fcmplt.o(.text)
    __aeabi_fcmpgt                           0x08000b6d   Thumb Code    28  fcmpgt.o(.text)
    __aeabi_fcmpeq                           0x08000b89   Thumb Code    28  fcmpeq.o(.text)
    __aeabi_i2f                              0x08000ba5   Thumb Code    18  fflti.o(.text)
    __aeabi_ui2f                             0x08000bb7   Thumb Code    10  ffltui.o(.text)
    __aeabi_i2d                              0x08000bc1   Thumb Code    34  dflti.o(.text)
    __aeabi_f2iz                             0x08000be3   Thumb Code    50  ffixi.o(.text)
    __aeabi_d2iz                             0x08000c15   Thumb Code    62  dfixi.o(.text)
    __aeabi_f2d                              0x08000c53   Thumb Code    38  f2d.o(.text)
    __aeabi_d2f                              0x08000c79   Thumb Code    56  d2f.o(.text)
    __aeabi_uidiv                            0x08000cb1   Thumb Code     0  uidiv.o(.text)
    __aeabi_uidivmod                         0x08000cb1   Thumb Code    44  uidiv.o(.text)
    __aeabi_uldivmod                         0x08000cdd   Thumb Code    98  uldiv.o(.text)
    __aeabi_llsl                             0x08000d3f   Thumb Code    30  llshl.o(.text)
    _ll_shift_l                              0x08000d3f   Thumb Code     0  llshl.o(.text)
    __aeabi_llsr                             0x08000d5d   Thumb Code    32  llushr.o(.text)
    _ll_ushift_r                             0x08000d5d   Thumb Code     0  llushr.o(.text)
    __aeabi_lasr                             0x08000d7d   Thumb Code    36  llsshr.o(.text)
    _ll_sshift_r                             0x08000d7d   Thumb Code     0  llsshr.o(.text)
    _chval                                   0x08000da1   Thumb Code    28  _chval.o(.text)
    __vfscanf_char                           0x08000dc9   Thumb Code    20  scanf_char.o(.text)
    _sgetc                                   0x08000de5   Thumb Code    30  _sgetc.o(.text)
    _sbackspace                              0x08000e03   Thumb Code    34  _sgetc.o(.text)
    __I$use$fp                               0x08000e25   Thumb Code     0  iusefp.o(.text)
    _float_round                             0x08000e25   Thumb Code    18  fepilogue.o(.text)
    _float_epilogue                          0x08000e37   Thumb Code    92  fepilogue.o(.text)
    _double_round                            0x08000e93   Thumb Code    30  depilogue.o(.text)
    _double_epilogue                         0x08000eb1   Thumb Code   156  depilogue.o(.text)
    __ARM_scalbn                             0x08000f4d   Thumb Code    46  dscalb.o(.text)
    scalbn                                   0x08000f4d   Thumb Code     0  dscalb.o(.text)
    __aeabi_ul2d                             0x08000f7b   Thumb Code    24  dfltul.o(.text)
    __aeabi_d2ulz                            0x08000f93   Thumb Code    48  dfixul.o(.text)
    __aeabi_cdcmpeq                          0x08000fc5   Thumb Code     0  cdcmple.o(.text)
    __aeabi_cdcmple                          0x08000fc5   Thumb Code    48  cdcmple.o(.text)
    __aeabi_cdrcmple                         0x08000ff5   Thumb Code    48  cdrcmple.o(.text)
    __scatterload                            0x08001025   Thumb Code    38  init.o(.text)
    __scatterload_rt2                        0x08001025   Thumb Code     0  init.o(.text)
    isspace                                  0x08001055   Thumb Code    10  isspace_c.o(.text)
    __vfscanf                                0x08001061   Thumb Code   808  _scanf.o(.text)
    _dsqrt                                   0x0800138d   Thumb Code   162  dsqrt.o(.text)
    __ctype_lookup                           0x08001431   Thumb Code    34  ctype_c.o(.text)
    ABS_int                                  0x08001459   Thumb Code     8  fun.o(.text.ABS_int)
    BusFault_Handler                         0x08001461   Thumb Code     2  stm32f1xx_it.o(.text.BusFault_Handler)
    DMP_Init                                 0x08001465   Thumb Code   452  mpu6050.o(.text.DMP_Init)
    DebugMon_Handler                         0x080016b1   Thumb Code     2  stm32f1xx_it.o(.text.DebugMon_Handler)
    EXTI0_IRQHandler                         0x080016b5   Thumb Code     6  stm32f1xx_it.o(.text.EXTI0_IRQHandler)
    Error_Handler                            0x080016bd   Thumb Code    10  main.o(.text.Error_Handler)
    Get_Angle                                0x080016c9   Thumb Code   732  filter.o(.text.Get_Angle)
    HAL_ADC_ConfigChannel                    0x080019a5   Thumb Code   318  stm32f1xx_hal_adc.o(.text.HAL_ADC_ConfigChannel)
    HAL_ADC_Init                             0x08001ae5   Thumb Code   344  stm32f1xx_hal_adc.o(.text.HAL_ADC_Init)
    HAL_ADC_MspInit                          0x08001c3d   Thumb Code   102  adc.o(.text.HAL_ADC_MspInit)
    HAL_DMA_Abort                            0x08001ca5   Thumb Code    70  stm32f1xx_hal_dma.o(.text.HAL_DMA_Abort)
    HAL_DMA_Abort_IT                         0x08001ced   Thumb Code   182  stm32f1xx_hal_dma.o(.text.HAL_DMA_Abort_IT)
    HAL_GPIO_EXTI_Callback                   0x08001da5   Thumb Code   182  interrupt.o(.text.HAL_GPIO_EXTI_Callback)
    HAL_GPIO_EXTI_IRQHandler                 0x08001e5d   Thumb Code    22  stm32f1xx_hal_gpio.o(.text.HAL_GPIO_EXTI_IRQHandler)
    HAL_GPIO_Init                            0x08001e75   Thumb Code   526  stm32f1xx_hal_gpio.o(.text.HAL_GPIO_Init)
    HAL_GPIO_ReadPin                         0x08002085   Thumb Code    10  stm32f1xx_hal_gpio.o(.text.HAL_GPIO_ReadPin)
    HAL_GPIO_WritePin                        0x08002091   Thumb Code    10  stm32f1xx_hal_gpio.o(.text.HAL_GPIO_WritePin)
    HAL_GetTick                              0x0800209d   Thumb Code    12  stm32f1xx_hal.o(.text.HAL_GetTick)
    HAL_IncTick                              0x080020a9   Thumb Code    26  stm32f1xx_hal.o(.text.HAL_IncTick)
    HAL_Init                                 0x080020c5   Thumb Code    38  stm32f1xx_hal.o(.text.HAL_Init)
    HAL_InitTick                             0x080020ed   Thumb Code    72  stm32f1xx_hal.o(.text.HAL_InitTick)
    HAL_MspInit                              0x08002135   Thumb Code    66  stm32f1xx_hal_msp.o(.text.HAL_MspInit)
    HAL_NVIC_DisableIRQ                      0x08002179   Thumb Code    42  stm32f1xx_hal_cortex.o(.text.HAL_NVIC_DisableIRQ)
    HAL_NVIC_EnableIRQ                       0x080021a5   Thumb Code    34  stm32f1xx_hal_cortex.o(.text.HAL_NVIC_EnableIRQ)
    HAL_NVIC_SetPriority                     0x080021c9   Thumb Code    86  stm32f1xx_hal_cortex.o(.text.HAL_NVIC_SetPriority)
    HAL_NVIC_SetPriorityGrouping             0x08002221   Thumb Code    32  stm32f1xx_hal_cortex.o(.text.HAL_NVIC_SetPriorityGrouping)
    HAL_RCCEx_PeriphCLKConfig                0x08002241   Thumb Code   258  stm32f1xx_hal_rcc_ex.o(.text.HAL_RCCEx_PeriphCLKConfig)
    HAL_RCC_ClockConfig                      0x08002345   Thumb Code   442  stm32f1xx_hal_rcc.o(.text.HAL_RCC_ClockConfig)
    HAL_RCC_GetPCLK1Freq                     0x08002501   Thumb Code    38  stm32f1xx_hal_rcc.o(.text.HAL_RCC_GetPCLK1Freq)
    HAL_RCC_GetPCLK2Freq                     0x08002529   Thumb Code    38  stm32f1xx_hal_rcc.o(.text.HAL_RCC_GetPCLK2Freq)
    HAL_RCC_OscConfig                        0x08002551   Thumb Code  1024  stm32f1xx_hal_rcc.o(.text.HAL_RCC_OscConfig)
    HAL_SYSTICK_Config                       0x08002951   Thumb Code    44  stm32f1xx_hal_cortex.o(.text.HAL_SYSTICK_Config)
    HAL_TIMEx_BreakCallback                  0x0800297d   Thumb Code     2  stm32f1xx_hal_tim_ex.o(.text.HAL_TIMEx_BreakCallback)
    HAL_TIMEx_CommutCallback                 0x08002981   Thumb Code     2  stm32f1xx_hal_tim_ex.o(.text.HAL_TIMEx_CommutCallback)
    HAL_TIMEx_MasterConfigSynchronization    0x08002985   Thumb Code   126  stm32f1xx_hal_tim_ex.o(.text.HAL_TIMEx_MasterConfigSynchronization)
    HAL_TIM_Base_Init                        0x08002a05   Thumb Code   250  stm32f1xx_hal_tim.o(.text.HAL_TIM_Base_Init)
    HAL_TIM_Base_MspInit                     0x08002b01   Thumb Code   110  tim.o(.text.HAL_TIM_Base_MspInit)
    HAL_TIM_Base_Start_IT                    0x08002b71   Thumb Code   110  stm32f1xx_hal_tim.o(.text.HAL_TIM_Base_Start_IT)
    HAL_TIM_ConfigClockSource                0x08002be1   Thumb Code   416  stm32f1xx_hal_tim.o(.text.HAL_TIM_ConfigClockSource)
    HAL_TIM_Encoder_Init                     0x08002d81   Thumb Code   346  stm32f1xx_hal_tim.o(.text.HAL_TIM_Encoder_Init)
    HAL_TIM_Encoder_MspInit                  0x08002edd   Thumb Code   180  tim.o(.text.HAL_TIM_Encoder_MspInit)
    HAL_TIM_Encoder_Start                    0x08002f91   Thumb Code   188  stm32f1xx_hal_tim.o(.text.HAL_TIM_Encoder_Start)
    HAL_TIM_IC_CaptureCallback               0x0800304d   Thumb Code     2  stm32f1xx_hal_tim.o(.text.HAL_TIM_IC_CaptureCallback)
    HAL_TIM_IRQHandler                       0x08003051   Thumb Code   334  stm32f1xx_hal_tim.o(.text.HAL_TIM_IRQHandler)
    HAL_TIM_OC_DelayElapsedCallback          0x080031a1   Thumb Code     2  stm32f1xx_hal_tim.o(.text.HAL_TIM_OC_DelayElapsedCallback)
    HAL_TIM_PWM_ConfigChannel                0x080031a5   Thumb Code   516  stm32f1xx_hal_tim.o(.text.HAL_TIM_PWM_ConfigChannel)
    HAL_TIM_PWM_Init                         0x080033a9   Thumb Code   250  stm32f1xx_hal_tim.o(.text.HAL_TIM_PWM_Init)
    HAL_TIM_PWM_MspInit                      0x080034a5   Thumb Code     2  stm32f1xx_hal_tim.o(.text.HAL_TIM_PWM_MspInit)
    HAL_TIM_PWM_PulseFinishedCallback        0x080034a9   Thumb Code     2  stm32f1xx_hal_tim.o(.text.HAL_TIM_PWM_PulseFinishedCallback)
    HAL_TIM_PWM_Start                        0x080034ad   Thumb Code   218  stm32f1xx_hal_tim.o(.text.HAL_TIM_PWM_Start)
    HAL_TIM_PeriodElapsedCallback            0x08003589   Thumb Code   232  decoder.o(.text.HAL_TIM_PeriodElapsedCallback)
    HAL_TIM_SlaveConfigSynchro               0x080036c9   Thumb Code    88  stm32f1xx_hal_tim.o(.text.HAL_TIM_SlaveConfigSynchro)
    HAL_TIM_TriggerCallback                  0x08003721   Thumb Code     2  stm32f1xx_hal_tim.o(.text.HAL_TIM_TriggerCallback)
    HAL_UARTEx_RxEventCallback               0x08003725   Thumb Code     2  stm32f1xx_hal_uart.o(.text.HAL_UARTEx_RxEventCallback)
    HAL_UART_ErrorCallback                   0x08003729   Thumb Code     2  stm32f1xx_hal_uart.o(.text.HAL_UART_ErrorCallback)
    HAL_UART_IRQHandler                      0x0800372d   Thumb Code  1392  stm32f1xx_hal_uart.o(.text.HAL_UART_IRQHandler)
    HAL_UART_Init                            0x08003c9d   Thumb Code   226  stm32f1xx_hal_uart.o(.text.HAL_UART_Init)
    HAL_UART_MspInit                         0x08003d81   Thumb Code   214  usart.o(.text.HAL_UART_MspInit)
    HAL_UART_Receive_IT                      0x08003e59   Thumb Code    84  stm32f1xx_hal_uart.o(.text.HAL_UART_Receive_IT)
    HAL_UART_RxCpltCallback                  0x08003ead   Thumb Code   106  interrupt.o(.text.HAL_UART_RxCpltCallback)
    HAL_UART_Transmit                        0x08003f19   Thumb Code   402  stm32f1xx_hal_uart.o(.text.HAL_UART_Transmit)
    HAL_UART_TxCpltCallback                  0x080040ad   Thumb Code     2  stm32f1xx_hal_uart.o(.text.HAL_UART_TxCpltCallback)
    HardFault_Handler                        0x080040b1   Thumb Code     2  stm32f1xx_it.o(.text.HardFault_Handler)
    I2C_ReadOneByte                          0x080040b5   Thumb Code   230  ioi2c.o(.text.I2C_ReadOneByte)
    IIC_Read_Byte                            0x0800419d   Thumb Code   388  ioi2c.o(.text.IIC_Read_Byte)
    IIC_Send_Byte                            0x08004321   Thumb Code   272  ioi2c.o(.text.IIC_Send_Byte)
    IIC_Wait_Ack                             0x08004431   Thumb Code   132  ioi2c.o(.text.IIC_Wait_Ack)
    IICwriteBit                              0x080044b5   Thumb Code    56  ioi2c.o(.text.IICwriteBit)
    IICwriteBits                             0x080044ed   Thumb Code    86  ioi2c.o(.text.IICwriteBits)
    IICwriteBytes                            0x08004545   Thumb Code   174  ioi2c.o(.text.IICwriteBytes)
    Kalman_Filter                            0x080045f5   Thumb Code   426  filter.o(.text.Kalman_Filter)
    Location                                 0x080047a1   Thumb Code   114  controlapid.o(.text.Location)
    MOTO_init                                0x08004815   Thumb Code    92  moto.o(.text.MOTO_init)
    MPU6050_initialize                       0x08004871   Thumb Code   112  mpu6050.o(.text.MPU6050_initialize)
    MX_ADC1_Init                             0x080048e1   Thumb Code    88  adc.o(.text.MX_ADC1_Init)
    MX_GPIO_Init                             0x08004939   Thumb Code   358  gpio.o(.text.MX_GPIO_Init)
    MX_TIM1_Init                             0x08004aa1   Thumb Code   166  tim.o(.text.MX_TIM1_Init)
    MX_TIM2_Init                             0x08004b49   Thumb Code   102  tim.o(.text.MX_TIM2_Init)
    MX_TIM3_Init                             0x08004bb1   Thumb Code   106  tim.o(.text.MX_TIM3_Init)
    MX_TIM4_Init                             0x08004c1d   Thumb Code   284  tim.o(.text.MX_TIM4_Init)
    MX_USART1_UART_Init                      0x08004d39   Thumb Code    60  usart.o(.text.MX_USART1_UART_Init)
    MX_USART2_UART_Init                      0x08004d75   Thumb Code    60  usart.o(.text.MX_USART2_UART_Init)
    MemManage_Handler                        0x08004db1   Thumb Code     2  stm32f1xx_it.o(.text.MemManage_Handler)
    Moto_SetPwm                              0x08004db5   Thumb Code   256  moto.o(.text.Moto_SetPwm)
    NMI_Handler                              0x08004eb5   Thumb Code     2  stm32f1xx_it.o(.text.NMI_Handler)
    PendSV_Handler                           0x08004eb9   Thumb Code     2  stm32f1xx_it.o(.text.PendSV_Handler)
    Read_DMP                                 0x08004ebd   Thumb Code   328  mpu6050.o(.text.Read_DMP)
    Read_Temperature                         0x08005005   Thumb Code   106  mpu6050.o(.text.Read_Temperature)
    Read_Velocity_L                          0x08005071   Thumb Code    60  decoder.o(.text.Read_Velocity_L)
    Read_Velocity_R                          0x080050ad   Thumb Code    58  decoder.o(.text.Read_Velocity_R)
    SVC_Handler                              0x080050e9   Thumb Code     2  stm32f1xx_it.o(.text.SVC_Handler)
    SysTick_Handler                          0x080050ed   Thumb Code     4  stm32f1xx_it.o(.text.SysTick_Handler)
    SystemInit                               0x080050f1   Thumb Code     2  system_stm32f1xx.o(.text.SystemInit)
    TIM1_UP_IRQHandler                       0x080050f5   Thumb Code    12  stm32f1xx_it.o(.text.TIM1_UP_IRQHandler)
    TIM2_IRQHandler                          0x08005101   Thumb Code    12  stm32f1xx_it.o(.text.TIM2_IRQHandler)
    TIM3_IRQHandler                          0x0800510d   Thumb Code    12  stm32f1xx_it.o(.text.TIM3_IRQHandler)
    USART1_IRQHandler                        0x08005321   Thumb Code    12  stm32f1xx_it.o(.text.USART1_IRQHandler)
    USART2_IRQHandler                        0x0800532d   Thumb Code    12  stm32f1xx_it.o(.text.USART2_IRQHandler)
    UsageFault_Handler                       0x08005339   Thumb Code     2  stm32f1xx_it.o(.text.UsageFault_Handler)
    Xianfu_pwm                               0x0800533d   Thumb Code    18  moto.o(.text.Xianfu_pwm)
    balance                                  0x0800537d   Thumb Code    88  controlapid.o(.text.balance)
    delay_init                               0x080053d5   Thumb Code    22  delay.o(.text.delay_init)
    delay_ms                                 0x080053ed   Thumb Code   176  delay.o(.text.delay_ms)
    delay_us                                 0x0800549d   Thumb Code   156  delay.o(.text.delay_us)
    dmp_enable_feature                       0x08005539   Thumb Code   672  inv_mpu_dmp_motion_driver.o(.text.dmp_enable_feature)
    dmp_load_motion_driver_firmware          0x080057d9   Thumb Code    22  inv_mpu_dmp_motion_driver.o(.text.dmp_load_motion_driver_firmware)
    dmp_read_fifo                            0x080057f1   Thumb Code   440  inv_mpu_dmp_motion_driver.o(.text.dmp_read_fifo)
    dmp_set_accel_bias                       0x080059a9   Thumb Code   192  inv_mpu_dmp_motion_driver.o(.text.dmp_set_accel_bias)
    dmp_set_fifo_rate                        0x08005a69   Thumb Code   112  inv_mpu_dmp_motion_driver.o(.text.dmp_set_fifo_rate)
    dmp_set_gyro_bias                        0x08005ad9   Thumb Code   224  inv_mpu_dmp_motion_driver.o(.text.dmp_set_gyro_bias)
    dmp_set_orientation                      0x08005bb9   Thumb Code   232  inv_mpu_dmp_motion_driver.o(.text.dmp_set_orientation)
    dmp_set_tap_thresh                       0x08005ca1   Thumb Code   294  inv_mpu_dmp_motion_driver.o(.text.dmp_set_tap_thresh)
    fputc                                    0x08005dc9   Thumb Code    32  usart.o(.text.fputc)
    i2cRead                                  0x08006119   Thumb Code   318  ioi2c.o(.text.i2cRead)
    i2cWrite                                 0x08006259   Thumb Code   228  ioi2c.o(.text.i2cWrite)
    key_proc                                 0x0800633d   Thumb Code    58  proc.o(.text.key_proc)
    main                                     0x08006379   Thumb Code   528  main.o(.text.main)
    mpu_configure_fifo                       0x0800659d   Thumb Code   164  inv_mpu.o(.text.mpu_configure_fifo)
    mpu_get_accel_fsr                        0x08006641   Thumb Code    54  inv_mpu.o(.text.mpu_get_accel_fsr)
    mpu_get_accel_sens                       0x08006679   Thumb Code    48  inv_mpu.o(.text.mpu_get_accel_sens)
    mpu_get_gyro_sens                        0x080066b9   Thumb Code    78  inv_mpu.o(.text.mpu_get_gyro_sens)
    mpu_init                                 0x08006709   Thumb Code   380  inv_mpu.o(.text.mpu_init)
    mpu_load_firmware                        0x080068cd   Thumb Code   306  inv_mpu.o(.text.mpu_load_firmware)
    mpu_lp_accel_mode                        0x08006a01   Thumb Code   556  inv_mpu.o(.text.mpu_lp_accel_mode)
    mpu_read_fifo_stream                     0x08006c2d   Thumb Code   190  inv_mpu.o(.text.mpu_read_fifo_stream)
    mpu_reset_fifo                           0x08006ced   Thumb Code   364  inv_mpu.o(.text.mpu_reset_fifo)
    mpu_run_self_test                        0x08006e59   Thumb Code  2156  inv_mpu.o(.text.mpu_run_self_test)
    mpu_set_accel_fsr                        0x080076e5   Thumb Code   110  inv_mpu.o(.text.mpu_set_accel_fsr)
    mpu_set_bypass                           0x08007755   Thumb Code   238  inv_mpu.o(.text.mpu_set_bypass)
    mpu_set_dmp_state                        0x08007845   Thumb Code   224  inv_mpu.o(.text.mpu_set_dmp_state)
    mpu_set_lpf                              0x08007925   Thumb Code   156  inv_mpu.o(.text.mpu_set_lpf)
    mpu_set_sample_rate                      0x080079c1   Thumb Code   328  inv_mpu.o(.text.mpu_set_sample_rate)
    mpu_set_sensors                          0x08007b09   Thumb Code   228  inv_mpu.o(.text.mpu_set_sensors)
    mpu_write_mem                            0x08007bed   Thumb Code   128  inv_mpu.o(.text.mpu_write_mem)
    myget_ms                                 0x08007c6d   Thumb Code     2  inv_mpu.o(.text.myget_ms)
    pid_init                                 0x08007c71   Thumb Code    34  controlapid.o(.text.pid_init)
    rx1_proc                                 0x08007c95   Thumb Code   552  proc.o(.text.rx1_proc)
    rx_proc                                  0x08007f39   Thumb Code   126  proc.o(.text.rx_proc)
    turnInit                                 0x08007fb9   Thumb Code    68  controlapid.o(.text.turnInit)
    velocitydir2                             0x08007ffd   Thumb Code   206  controlapid.o(.text.velocitydir2)
    __0printf                                0x080080cd   Thumb Code    22  printfa.o(i.__0printf)
    __1printf                                0x080080cd   Thumb Code     0  printfa.o(i.__0printf)
    __2printf                                0x080080cd   Thumb Code     0  printfa.o(i.__0printf)
    __c89printf                              0x080080cd   Thumb Code     0  printfa.o(i.__0printf)
    printf                                   0x080080cd   Thumb Code     0  printfa.o(i.__0printf)
    __ARM_fpclassify                         0x080080ed   Thumb Code    40  fpclassify.o(i.__ARM_fpclassify)
    __kernel_poly                            0x08008115   Thumb Code   170  poly.o(i.__kernel_poly)
    __mathlib_dbl_infnan                     0x080081bf   Thumb Code     6  dunder.o(i.__mathlib_dbl_infnan)
    __mathlib_dbl_infnan2                    0x080081c5   Thumb Code     4  dunder.o(i.__mathlib_dbl_infnan2)
    __mathlib_dbl_invalid                    0x080081c9   Thumb Code    12  dunder.o(i.__mathlib_dbl_invalid)
    __mathlib_dbl_underflow                  0x080081d5   Thumb Code    10  dunder.o(i.__mathlib_dbl_underflow)
    __scatterload_copy                       0x080081e5   Thumb Code    14  handlers.o(i.__scatterload_copy)
    __scatterload_null                       0x080081f3   Thumb Code     2  handlers.o(i.__scatterload_null)
    __scatterload_zeroinit                   0x080081f5   Thumb Code    14  handlers.o(i.__scatterload_zeroinit)
    __set_errno                              0x08008205   Thumb Code     6  errno.o(i.__set_errno)
    _is_digit                                0x08008395   Thumb Code    14  scanf_fp.o(i._is_digit)
    asin                                     0x08008ad5   Thumb Code   572  asin.o(i.asin)
    atan                                     0x08008d45   Thumb Code   474  atan.o(i.atan)
    atan2                                    0x08008f65   Thumb Code   374  atan2.o(i.atan2)
    puts                                     0x08009101   Thumb Code    30  puts.o(i.puts)
    sqrt                                     0x08009125   Thumb Code    76  sqrt.o(i.sqrt)
    __mathlib_zero                           0x08009258   Data           8  qnan.o(.constdata)
    __ctype_categories                       0x08009260   Data          64  ctype_c.o(.constdata)
    AHBPrescTable                            0x080092a6   Data          16  system_stm32f1xx.o(.rodata.AHBPrescTable)
    APBPrescTable                            0x080092b6   Data           8  system_stm32f1xx.o(.rodata.APBPrescTable)
    hw                                       0x08009ede   Data          12  inv_mpu.o(.rodata.hw)
    reg                                      0x08009eea   Data          27  inv_mpu.o(.rodata.reg)
    test                                     0x0800a0b8   Data          40  inv_mpu.o(.rodata.test)
    Region$$Table$$Base                      0x0800a0e0   Number         0  anon$$obj.o(Region$$Table)
    Region$$Table$$Limit                     0x0800a100   Number         0  anon$$obj.o(Region$$Table)
    bal_kp                                   0x20000004   Data           4  main.o(.data..L_MergedGlobals)
    bal_kd                                   0x20000008   Data           4  main.o(.data..L_MergedGlobals)
    velo_kp                                  0x2000000c   Data           4  main.o(.data..L_MergedGlobals)
    velo_ki                                  0x20000010   Data           4  main.o(.data..L_MergedGlobals)
    uwTickFreq                               0x20000014   Data           1  stm32f1xx_hal.o(.data..L_MergedGlobals)
    uwTickPrio                               0x20000018   Data           4  stm32f1xx_hal.o(.data..L_MergedGlobals)
    C_0                                      0x2000001c   Data           1  filter.o(.data..L_MergedGlobals)
    Q_angle                                  0x20000020   Data           4  filter.o(.data..L_MergedGlobals)
    Q_gyro                                   0x20000024   Data           4  filter.o(.data..L_MergedGlobals)
    R_angle                                  0x20000028   Data           4  filter.o(.data..L_MergedGlobals)
    dt                                       0x2000002c   Data           4  filter.o(.data..L_MergedGlobals)
    PP                                       0x20000030   Data          16  filter.o(.data..L_MergedGlobals)
    direct                                   0x20000040   Data           1  controlapid.o(.data..L_MergedGlobals)
    xiuzheng                                 0x20000044   Data           4  controlapid.o(.data..L_MergedGlobals)
    K1                                       0x20000048   Data           4  filter.o(.data.K1)
    SystemCoreClock                          0x2000004c   Data           4  system_stm32f1xx.o(.data.SystemCoreClock)
    ZhongZhi                                 0x20000050   Data           4  main.o(.data.ZhongZhi)
    q0                                       0x20000054   Data           4  mpu6050.o(.data.q0)
    turn_kd                                  0x20000084   Data           4  main.o(.data.turn_kd)
    turn_kp                                  0x20000088   Data           4  main.o(.data.turn_kp)
    counter_pull                             0x20000090   Data           1  decoder.o(.bss..L_MergedGlobals)
    oledUpdateFlag                           0x20000091   Data           1  decoder.o(.bss..L_MergedGlobals)
    oledCount                                0x20000092   Data           1  decoder.o(.bss..L_MergedGlobals)
    lock_flag                                0x20000094   Data           1  decoder.o(.bss..L_MergedGlobals)
    k1                                       0x200000a0   Data           5  decoder.o(.bss..L_MergedGlobals)
    left                                     0x200000a8   Data          20  decoder.o(.bss..L_MergedGlobals)
    right                                    0x200000bc   Data          20  decoder.o(.bss..L_MergedGlobals)
    moto_lock_flag                           0x200000d4   Data           1  moto.o(.bss..L_MergedGlobals)
    moto_flow_times                          0x200000d5   Data           1  moto.o(.bss..L_MergedGlobals)
    moto_dead_zone                           0x200000d8   Data           4  moto.o(.bss..L_MergedGlobals)
    INT_FLAG                                 0x200000dc   Data           1  interrupt.o(.bss..L_MergedGlobals)
    rx1_pointer                              0x200000dd   Data           1  interrupt.o(.bss..L_MergedGlobals)
    rx2_pointer                              0x200000de   Data           1  interrupt.o(.bss..L_MergedGlobals)
    rxdat                                    0x200000df   Data           1  interrupt.o(.bss..L_MergedGlobals)
    rxdat_1                                  0x200000e0   Data           1  interrupt.o(.bss..L_MergedGlobals)
    vl                                       0x200000e4   Data           4  interrupt.o(.bss..L_MergedGlobals)
    vr                                       0x200000e8   Data           4  interrupt.o(.bss..L_MergedGlobals)
    Balance_Pwm                              0x200000ec   Data           4  interrupt.o(.bss..L_MergedGlobals)
    Velocity_Pwm                             0x200000f0   Data           4  interrupt.o(.bss..L_MergedGlobals)
    Turn_Pwm                                 0x200000f4   Data           4  interrupt.o(.bss..L_MergedGlobals)
    temp_rx_1                                0x200000f8   Data          30  interrupt.o(.bss..L_MergedGlobals)
    temp_rx                                  0x20000116   Data          30  interrupt.o(.bss..L_MergedGlobals)
    interrupt_allow_flag                     0x20000134   Data           1  proc.o(.bss..L_MergedGlobals)
    start_flag                               0x20000135   Data           1  proc.o(.bss..L_MergedGlobals)
    sensors                                  0x20000148   Data           2  mpu6050.o(.bss..L_MergedGlobals)
    q1                                       0x2000014c   Data           4  mpu6050.o(.bss..L_MergedGlobals)
    q2                                       0x20000150   Data           4  mpu6050.o(.bss..L_MergedGlobals)
    q3                                       0x20000154   Data           4  mpu6050.o(.bss..L_MergedGlobals)
    Pitch                                    0x20000158   Data           4  mpu6050.o(.bss..L_MergedGlobals)
    Roll                                     0x2000015c   Data           4  mpu6050.o(.bss..L_MergedGlobals)
    gyro                                     0x20000160   Data           6  mpu6050.o(.bss..L_MergedGlobals)
    accel                                    0x20000166   Data           6  mpu6050.o(.bss..L_MergedGlobals)
    Q_bias                                   0x2000016c   Data           4  filter.o(.bss..L_MergedGlobals.1)
    angle                                    0x20000170   Data           4  filter.o(.bss..L_MergedGlobals.1)
    Angle_err                                0x20000174   Data           4  filter.o(.bss..L_MergedGlobals.1)
    PCt_0                                    0x20000178   Data           4  filter.o(.bss..L_MergedGlobals.1)
    PCt_1                                    0x2000017c   Data           4  filter.o(.bss..L_MergedGlobals.1)
    E                                        0x20000180   Data           4  filter.o(.bss..L_MergedGlobals.1)
    K_0                                      0x20000184   Data           4  filter.o(.bss..L_MergedGlobals.1)
    K_1                                      0x20000188   Data           4  filter.o(.bss..L_MergedGlobals.1)
    t_0                                      0x2000018c   Data           4  filter.o(.bss..L_MergedGlobals.1)
    t_1                                      0x20000190   Data           4  filter.o(.bss..L_MergedGlobals.1)
    angle_dot                                0x20000194   Data           4  filter.o(.bss..L_MergedGlobals.1)
    Gyro_Y                                   0x20000198   Data           4  filter.o(.bss..L_MergedGlobals.1)
    Gyro_Z                                   0x2000019c   Data           4  filter.o(.bss..L_MergedGlobals.1)
    Accel_X                                  0x200001a0   Data           4  filter.o(.bss..L_MergedGlobals.1)
    Accel_Z                                  0x200001a4   Data           4  filter.o(.bss..L_MergedGlobals.1)
    Accel_Angle                              0x200001a8   Data           4  filter.o(.bss..L_MergedGlobals.1)
    Pdot                                     0x200001ac   Data          16  filter.o(.bss..L_MergedGlobals.1)
    bal_ki                                   0x200001bc   Data           4  main.o(.bss..L_MergedGlobals.2)
    velo_kd                                  0x200001c0   Data           4  main.o(.bss..L_MergedGlobals.2)
    cflag_found                              0x200001c4   Data           1  task.o(.bss..L_MergedGlobals.32)
    cflag_foundd                             0x200001c5   Data           1  task.o(.bss..L_MergedGlobals.32)
    START_FLAG                               0x200001c6   Data           1  task.o(.bss..L_MergedGlobals.32)
    STATE                                    0x200001c7   Data           1  task.o(.bss..L_MergedGlobals.32)
    cflag_right                              0x200001c8   Data           1  task.o(.bss..L_MergedGlobals.32)
    cflag_left                               0x200001c9   Data           1  task.o(.bss..L_MergedGlobals.32)
    cflag_tn180                              0x200001ca   Data           1  task.o(.bss..L_MergedGlobals.32)
    cflag_up                                 0x200001cb   Data           1  task.o(.bss..L_MergedGlobals.32)
    length                                   0x200001cc   Data           4  task.o(.bss..L_MergedGlobals.32)
    find_exit2                               0x200001d0   Data           4  task.o(.bss..L_MergedGlobals.32)
    ab_direction                             0x200001d4   Data           4  task.o(.bss..L_MergedGlobals.32)
    g_t                                      0x200001d8   Data           4  task.o(.bss..L_MergedGlobals.32)
    go                                       0x200001dc   Data           4  task.o(.bss..L_MergedGlobals.32)
    all_point                                0x200001e0   Data           4  task.o(.bss..L_MergedGlobals.32)
    distance_t                               0x200001e4   Data           4  task.o(.bss..L_MergedGlobals.32)
    distance_min_t                           0x200001e8   Data           4  task.o(.bss..L_MergedGlobals.32)
    p_t                                      0x200001ec   Data           4  task.o(.bss..L_MergedGlobals.32)
    i_t                                      0x200001f0   Data           4  task.o(.bss..L_MergedGlobals.32)
    last                                     0x200001f4   Data           4  task.o(.bss..L_MergedGlobals.32)
    p_point                                  0x200001f8   Data           4  task.o(.bss..L_MergedGlobals.32)
    now                                      0x200001fc   Data           4  task.o(.bss..L_MergedGlobals.32)
    new_point                                0x20000200   Data           4  task.o(.bss..L_MergedGlobals.32)
    tail                                     0x20000204   Data           4  task.o(.bss..L_MergedGlobals.32)
    n_t                                      0x20000208   Data           4  task.o(.bss..L_MergedGlobals.32)
    nomin                                    0x2000020c   Data           4  task.o(.bss..L_MergedGlobals.32)
    hp                                       0x20000210   Data           4  task.o(.bss..L_MergedGlobals.32)
    now2                                     0x20000214   Data           4  task.o(.bss..L_MergedGlobals.32)
    save                                     0x20000218   Data          40  task.o(.bss..L_MergedGlobals.32)
    ab_x                                     0x20000240   Data           1  controlapid.o(.bss..L_MergedGlobals.4)
    ab_fx                                    0x20000241   Data           1  controlapid.o(.bss..L_MergedGlobals.4)
    ab_y                                     0x20000242   Data           1  controlapid.o(.bss..L_MergedGlobals.4)
    ab_fy                                    0x20000243   Data           1  controlapid.o(.bss..L_MergedGlobals.4)
    turn_in_progress                         0x20000244   Data           1  controlapid.o(.bss..L_MergedGlobals.4)
    Flag_Left                                0x20000245   Data           1  controlapid.o(.bss..L_MergedGlobals.4)
    Flag_Right                               0x20000246   Data           1  controlapid.o(.bss..L_MergedGlobals.4)
    Flag_Qian                                0x20000247   Data           1  controlapid.o(.bss..L_MergedGlobals.4)
    Flag_Hou                                 0x20000248   Data           1  controlapid.o(.bss..L_MergedGlobals.4)
    Flag_Stop                                0x20000249   Data           1  controlapid.o(.bss..L_MergedGlobals.4)
    Movement                                 0x20000254   Data           4  controlapid.o(.bss..L_MergedGlobals.4)
    Integral                                 0x20000258   Data           4  controlapid.o(.bss..L_MergedGlobals.4)
    LocX                                     0x2000025c   Data           4  controlapid.o(.bss..L_MergedGlobals.4)
    LocY                                     0x20000260   Data           4  controlapid.o(.bss..L_MergedGlobals.4)
    RE_LocX                                  0x20000264   Data           4  controlapid.o(.bss..L_MergedGlobals.4)
    RE_LocY                                  0x20000268   Data           4  controlapid.o(.bss..L_MergedGlobals.4)
    Tmax                                     0x2000027c   Data           4  controlapid.o(.bss..L_MergedGlobals.4)
    rerror                                   0x20000280   Data           4  controlapid.o(.bss..L_MergedGlobals.4)
    lerror                                   0x20000284   Data           4  controlapid.o(.bss..L_MergedGlobals.4)
    turni                                    0x20000288   Data           4  controlapid.o(.bss..L_MergedGlobals.4)
    turnj                                    0x2000028c   Data           4  controlapid.o(.bss..L_MergedGlobals.4)
    Tmaxslow                                 0x20000290   Data           4  controlapid.o(.bss..L_MergedGlobals.4)
    rerrorslow                               0x20000294   Data           4  controlapid.o(.bss..L_MergedGlobals.4)
    lerrorslow                               0x20000298   Data           4  controlapid.o(.bss..L_MergedGlobals.4)
    turnislow                                0x2000029c   Data           4  controlapid.o(.bss..L_MergedGlobals.4)
    turnjslow                                0x200002a0   Data           4  controlapid.o(.bss..L_MergedGlobals.4)
    Acceleration_Z                           0x200002a8   Data           4  main.o(.bss.Acceleration_Z)
    Angle_Balance                            0x200002ac   Data           4  main.o(.bss.Angle_Balance)
    Gyro_Balance                             0x200002b0   Data           4  main.o(.bss.Gyro_Balance)
    Gyro_Turn                                0x200002b4   Data           4  main.o(.bss.Gyro_Turn)
    __stdout                                 0x200002b8   Data          84  printf.o(.bss.__stdout)
    bal                                      0x2000030c   Data          44  controlapid.o(.bss.bal)
    encoder_speed                            0x20000340   Data           4  controlapid.o(.bss.encoder_speed)
    hadc1                                    0x20000344   Data          48  adc.o(.bss.hadc1)
    htim1                                    0x20000374   Data          72  tim.o(.bss.htim1)
    htim2                                    0x200003bc   Data          72  tim.o(.bss.htim2)
    htim3                                    0x20000404   Data          72  tim.o(.bss.htim3)
    htim4                                    0x2000044c   Data          72  tim.o(.bss.htim4)
    huart1                                   0x20000494   Data          72  usart.o(.bss.huart1)
    huart2                                   0x200004dc   Data          72  usart.o(.bss.huart2)
    moto_pwm_l                               0x20000524   Data           4  main.o(.bss.moto_pwm_l)
    moto_pwm_r                               0x20000528   Data           4  main.o(.bss.moto_pwm_r)
    setAngleForward                          0x2000052c   Data           4  main.o(.bss.setAngleForward)
    temp                                     0x20000530   Data           4  main.o(.bss.temp)
    uwTick                                   0x20000534   Data           4  stm32f1xx_hal.o(.bss.uwTick)
    velo                                     0x20000538   Data          44  controlapid.o(.bss.velo)
    __initial_sp                             0x20000968   Data           0  startup_stm32f103xb.o(STACK)



==============================================================================

Memory Map of the image

  Image Entry point : 0x080000ed

  Load Region LR_IROM1 (Base: 0x08000000, Size: 0x0000a190, Max: 0x00010000, ABSOLUTE)

    Execution Region ER_IROM1 (Exec base: 0x08000000, Load base: 0x08000000, Size: 0x0000a100, Max: 0x00010000, ABSOLUTE)

    Exec Addr    Load Addr    Size         Type   Attr      Idx    E Section Name        Object

    0x08000000   0x08000000   0x000000ec   Data   RO            3    RESET               startup_stm32f103xb.o
    0x080000ec   0x080000ec   0x00000000   Code   RO         1727  * .ARM.Collect$$$$00000000  mc_w.l(entry.o)
    0x080000ec   0x080000ec   0x00000004   Code   RO         2093    .ARM.Collect$$$$00000001  mc_w.l(entry2.o)
    0x080000f0   0x080000f0   0x00000004   Code   RO         2096    .ARM.Collect$$$$00000004  mc_w.l(entry5.o)
    0x080000f4   0x080000f4   0x00000000   Code   RO         2098    .ARM.Collect$$$$00000008  mc_w.l(entry7b.o)
    0x080000f4   0x080000f4   0x00000000   Code   RO         2100    .ARM.Collect$$$$0000000A  mc_w.l(entry8b.o)
    0x080000f4   0x080000f4   0x00000008   Code   RO         2101    .ARM.Collect$$$$0000000B  mc_w.l(entry9a.o)
    0x080000fc   0x080000fc   0x00000000   Code   RO         2103    .ARM.Collect$$$$0000000D  mc_w.l(entry10a.o)
    0x080000fc   0x080000fc   0x00000000   Code   RO         2105    .ARM.Collect$$$$0000000F  mc_w.l(entry11a.o)
    0x080000fc   0x080000fc   0x00000004   Code   RO         2094    .ARM.Collect$$$$00002712  mc_w.l(entry2.o)
    0x08000100   0x08000100   0x00000024   Code   RO            4    .text               startup_stm32f103xb.o
    0x08000124   0x08000124   0x00000062   Code   RO         1736    .text               mc_w.l(ldiv.o)
    0x08000186   0x08000186   0x0000000e   Code   RO         1742    .text               mc_w.l(strlen.o)
    0x08000194   0x08000194   0x0000001a   Code   RO         1746    .text               mc_w.l(memcmp.o)
    0x080001ae   0x080001ae   0x00000002   PAD
    0x080001b0   0x080001b0   0x00000038   Code   RO         2011    .text               mc_w.l(__0sscanf.o)
    0x080001e8   0x080001e8   0x0000014c   Code   RO         2013    .text               mc_w.l(_scanf_int.o)
    0x08000334   0x08000334   0x00000360   Code   RO         2015    .text               mc_w.l(scanf_fp.o)
    0x08000694   0x08000694   0x000000b0   Code   RO         2019    .text               mf_w.l(fadd.o)
    0x08000744   0x08000744   0x00000064   Code   RO         2021    .text               mf_w.l(fmul.o)
    0x080007a8   0x080007a8   0x0000007c   Code   RO         2023    .text               mf_w.l(fdiv.o)
    0x08000824   0x08000824   0x0000014e   Code   RO         2025    .text               mf_w.l(dadd.o)
    0x08000972   0x08000972   0x000000e4   Code   RO         2027    .text               mf_w.l(dmul.o)
    0x08000a56   0x08000a56   0x000000de   Code   RO         2029    .text               mf_w.l(ddiv.o)
    0x08000b34   0x08000b34   0x0000001c   Code   RO         2031    .text               mf_w.l(fcmple.o)
    0x08000b50   0x08000b50   0x0000001c   Code   RO         2033    .text               mf_w.l(fcmplt.o)
    0x08000b6c   0x08000b6c   0x0000001c   Code   RO         2037    .text               mf_w.l(fcmpgt.o)
    0x08000b88   0x08000b88   0x0000001c   Code   RO         2039    .text               mf_w.l(fcmpeq.o)
    0x08000ba4   0x08000ba4   0x00000012   Code   RO         2047    .text               mf_w.l(fflti.o)
    0x08000bb6   0x08000bb6   0x0000000a   Code   RO         2049    .text               mf_w.l(ffltui.o)
    0x08000bc0   0x08000bc0   0x00000022   Code   RO         2051    .text               mf_w.l(dflti.o)
    0x08000be2   0x08000be2   0x00000032   Code   RO         2055    .text               mf_w.l(ffixi.o)
    0x08000c14   0x08000c14   0x0000003e   Code   RO         2057    .text               mf_w.l(dfixi.o)
    0x08000c52   0x08000c52   0x00000026   Code   RO         2061    .text               mf_w.l(f2d.o)
    0x08000c78   0x08000c78   0x00000038   Code   RO         2063    .text               mf_w.l(d2f.o)
    0x08000cb0   0x08000cb0   0x0000002c   Code   RO         2116    .text               mc_w.l(uidiv.o)
    0x08000cdc   0x08000cdc   0x00000062   Code   RO         2118    .text               mc_w.l(uldiv.o)
    0x08000d3e   0x08000d3e   0x0000001e   Code   RO         2120    .text               mc_w.l(llshl.o)
    0x08000d5c   0x08000d5c   0x00000020   Code   RO         2122    .text               mc_w.l(llushr.o)
    0x08000d7c   0x08000d7c   0x00000024   Code   RO         2124    .text               mc_w.l(llsshr.o)
    0x08000da0   0x08000da0   0x0000001c   Code   RO         2133    .text               mc_w.l(_chval.o)
    0x08000dbc   0x08000dbc   0x00000028   Code   RO         2135    .text               mc_w.l(scanf_char.o)
    0x08000de4   0x08000de4   0x00000040   Code   RO         2137    .text               mc_w.l(_sgetc.o)
    0x08000e24   0x08000e24   0x00000000   Code   RO         2139    .text               mc_w.l(iusefp.o)
    0x08000e24   0x08000e24   0x0000006e   Code   RO         2140    .text               mf_w.l(fepilogue.o)
    0x08000e92   0x08000e92   0x000000ba   Code   RO         2142    .text               mf_w.l(depilogue.o)
    0x08000f4c   0x08000f4c   0x0000002e   Code   RO         2144    .text               mf_w.l(dscalb.o)
    0x08000f7a   0x08000f7a   0x00000018   Code   RO         2146    .text               mf_w.l(dfltul.o)
    0x08000f92   0x08000f92   0x00000030   Code   RO         2148    .text               mf_w.l(dfixul.o)
    0x08000fc2   0x08000fc2   0x00000002   PAD
    0x08000fc4   0x08000fc4   0x00000030   Code   RO         2150    .text               mf_w.l(cdcmple.o)
    0x08000ff4   0x08000ff4   0x00000030   Code   RO         2152    .text               mf_w.l(cdrcmple.o)
    0x08001024   0x08001024   0x00000030   Code   RO         2154    .text               mc_w.l(init.o)
    0x08001054   0x08001054   0x0000000a   Code   RO         2156    .text               mc_w.l(isspace_c.o)
    0x0800105e   0x0800105e   0x00000002   PAD
    0x08001060   0x08001060   0x0000032c   Code   RO         2158    .text               mc_w.l(_scanf.o)
    0x0800138c   0x0800138c   0x000000a2   Code   RO         2160    .text               mf_w.l(dsqrt.o)
    0x0800142e   0x0800142e   0x00000002   PAD
    0x08001430   0x08001430   0x00000028   Code   RO         2162    .text               mc_w.l(ctype_c.o)
    0x08001458   0x08001458   0x00000008   Code   RO         1159    .text.ABS_int       fun.o
    0x08001460   0x08001460   0x00000002   Code   RO          130    .text.BusFault_Handler  stm32f1xx_it.o
    0x08001462   0x08001462   0x00000002   PAD
    0x08001464   0x08001464   0x0000024c   Code   RO         1603    .text.DMP_Init      mpu6050.o
    0x080016b0   0x080016b0   0x00000002   Code   RO          136    .text.DebugMon_Handler  stm32f1xx_it.o
    0x080016b2   0x080016b2   0x00000002   PAD
    0x080016b4   0x080016b4   0x00000006   Code   RO          142    .text.EXTI0_IRQHandler  stm32f1xx_it.o
    0x080016ba   0x080016ba   0x00000002   PAD
    0x080016bc   0x080016bc   0x0000000a   Code   RO           15    .text.Error_Handler  main.o
    0x080016c6   0x080016c6   0x00000002   PAD
    0x080016c8   0x080016c8   0x000002dc   Code   RO         1179    .text.Get_Angle     filter.o
    0x080019a4   0x080019a4   0x0000013e   Code   RO          230    .text.HAL_ADC_ConfigChannel  stm32f1xx_hal_adc.o
    0x08001ae2   0x08001ae2   0x00000002   PAD
    0x08001ae4   0x08001ae4   0x00000158   Code   RO          184    .text.HAL_ADC_Init  stm32f1xx_hal_adc.o
    0x08001c3c   0x08001c3c   0x00000066   Code   RO           61    .text.HAL_ADC_MspInit  adc.o
    0x08001ca2   0x08001ca2   0x00000002   PAD
    0x08001ca4   0x08001ca4   0x00000046   Code   RO          424    .text.HAL_DMA_Abort  stm32f1xx_hal_dma.o
    0x08001cea   0x08001cea   0x00000002   PAD
    0x08001cec   0x08001cec   0x000000b6   Code   RO          426    .text.HAL_DMA_Abort_IT  stm32f1xx_hal_dma.o
    0x08001da2   0x08001da2   0x00000002   PAD
    0x08001da4   0x08001da4   0x000000b6   Code   RO         1142    .text.HAL_GPIO_EXTI_Callback  interrupt.o
    0x08001e5a   0x08001e5a   0x00000002   PAD
    0x08001e5c   0x08001e5c   0x00000016   Code   RO          404    .text.HAL_GPIO_EXTI_IRQHandler  stm32f1xx_hal_gpio.o
    0x08001e72   0x08001e72   0x00000002   PAD
    0x08001e74   0x08001e74   0x0000020e   Code   RO          392    .text.HAL_GPIO_Init  stm32f1xx_hal_gpio.o
    0x08002082   0x08002082   0x00000002   PAD
    0x08002084   0x08002084   0x0000000a   Code   RO          396    .text.HAL_GPIO_ReadPin  stm32f1xx_hal_gpio.o
    0x0800208e   0x0800208e   0x00000002   PAD
    0x08002090   0x08002090   0x0000000a   Code   RO          398    .text.HAL_GPIO_WritePin  stm32f1xx_hal_gpio.o
    0x0800209a   0x0800209a   0x00000002   PAD
    0x0800209c   0x0800209c   0x0000000c   Code   RO          292    .text.HAL_GetTick   stm32f1xx_hal.o
    0x080020a8   0x080020a8   0x0000001a   Code   RO          290    .text.HAL_IncTick   stm32f1xx_hal.o
    0x080020c2   0x080020c2   0x00000002   PAD
    0x080020c4   0x080020c4   0x00000026   Code   RO          280    .text.HAL_Init      stm32f1xx_hal.o
    0x080020ea   0x080020ea   0x00000002   PAD
    0x080020ec   0x080020ec   0x00000048   Code   RO          282    .text.HAL_InitTick  stm32f1xx_hal.o
    0x08002134   0x08002134   0x00000042   Code   RO          161    .text.HAL_MspInit   stm32f1xx_hal_msp.o
    0x08002176   0x08002176   0x00000002   PAD
    0x08002178   0x08002178   0x0000002a   Code   RO          454    .text.HAL_NVIC_DisableIRQ  stm32f1xx_hal_cortex.o
    0x080021a2   0x080021a2   0x00000002   PAD
    0x080021a4   0x080021a4   0x00000022   Code   RO          452    .text.HAL_NVIC_EnableIRQ  stm32f1xx_hal_cortex.o
    0x080021c6   0x080021c6   0x00000002   PAD
    0x080021c8   0x080021c8   0x00000056   Code   RO          450    .text.HAL_NVIC_SetPriority  stm32f1xx_hal_cortex.o
    0x0800221e   0x0800221e   0x00000002   PAD
    0x08002220   0x08002220   0x00000020   Code   RO          448    .text.HAL_NVIC_SetPriorityGrouping  stm32f1xx_hal_cortex.o
    0x08002240   0x08002240   0x00000102   Code   RO          378    .text.HAL_RCCEx_PeriphCLKConfig  stm32f1xx_hal_rcc_ex.o
    0x08002342   0x08002342   0x00000002   PAD
    0x08002344   0x08002344   0x000001ba   Code   RO          344    .text.HAL_RCC_ClockConfig  stm32f1xx_hal_rcc.o
    0x080024fe   0x080024fe   0x00000002   PAD
    0x08002500   0x08002500   0x00000026   Code   RO          356    .text.HAL_RCC_GetPCLK1Freq  stm32f1xx_hal_rcc.o
    0x08002526   0x08002526   0x00000002   PAD
    0x08002528   0x08002528   0x00000026   Code   RO          358    .text.HAL_RCC_GetPCLK2Freq  stm32f1xx_hal_rcc.o
    0x0800254e   0x0800254e   0x00000002   PAD
    0x08002550   0x08002550   0x00000400   Code   RO          342    .text.HAL_RCC_OscConfig  stm32f1xx_hal_rcc.o
    0x08002950   0x08002950   0x0000002c   Code   RO          460    .text.HAL_SYSTICK_Config  stm32f1xx_hal_cortex.o
    0x0800297c   0x0800297c   0x00000002   Code   RO          918    .text.HAL_TIMEx_BreakCallback  stm32f1xx_hal_tim_ex.o
    0x0800297e   0x0800297e   0x00000002   PAD
    0x08002980   0x08002980   0x00000002   Code   RO          914    .text.HAL_TIMEx_CommutCallback  stm32f1xx_hal_tim_ex.o
    0x08002982   0x08002982   0x00000002   PAD
    0x08002984   0x08002984   0x0000007e   Code   RO          908    .text.HAL_TIMEx_MasterConfigSynchronization  stm32f1xx_hal_tim_ex.o
    0x08002a02   0x08002a02   0x00000002   PAD
    0x08002a04   0x08002a04   0x000000fa   Code   RO          613    .text.HAL_TIM_Base_Init  stm32f1xx_hal_tim.o
    0x08002afe   0x08002afe   0x00000002   PAD
    0x08002b00   0x08002b00   0x0000006e   Code   RO           84    .text.HAL_TIM_Base_MspInit  tim.o
    0x08002b6e   0x08002b6e   0x00000002   PAD
    0x08002b70   0x08002b70   0x0000006e   Code   RO          627    .text.HAL_TIM_Base_Start_IT  stm32f1xx_hal_tim.o
    0x08002bde   0x08002bde   0x00000002   PAD
    0x08002be0   0x08002be0   0x000001a0   Code   RO          793    .text.HAL_TIM_ConfigClockSource  stm32f1xx_hal_tim.o
    0x08002d80   0x08002d80   0x0000015a   Code   RO          727    .text.HAL_TIM_Encoder_Init  stm32f1xx_hal_tim.o
    0x08002eda   0x08002eda   0x00000002   PAD
    0x08002edc   0x08002edc   0x000000b4   Code   RO           86    .text.HAL_TIM_Encoder_MspInit  tim.o
    0x08002f90   0x08002f90   0x000000bc   Code   RO          735    .text.HAL_TIM_Encoder_Start  stm32f1xx_hal_tim.o
    0x0800304c   0x0800304c   0x00000002   Code   RO          749    .text.HAL_TIM_IC_CaptureCallback  stm32f1xx_hal_tim.o
    0x0800304e   0x0800304e   0x00000002   PAD
    0x08003050   0x08003050   0x0000014e   Code   RO          747    .text.HAL_TIM_IRQHandler  stm32f1xx_hal_tim.o
    0x0800319e   0x0800319e   0x00000002   PAD
    0x080031a0   0x080031a0   0x00000002   Code   RO          751    .text.HAL_TIM_OC_DelayElapsedCallback  stm32f1xx_hal_tim.o
    0x080031a2   0x080031a2   0x00000002   PAD
    0x080031a4   0x080031a4   0x00000204   Code   RO          767    .text.HAL_TIM_PWM_ConfigChannel  stm32f1xx_hal_tim.o
    0x080033a8   0x080033a8   0x000000fa   Code   RO          667    .text.HAL_TIM_PWM_Init  stm32f1xx_hal_tim.o
    0x080034a2   0x080034a2   0x00000002   PAD
    0x080034a4   0x080034a4   0x00000002   Code   RO          669    .text.HAL_TIM_PWM_MspInit  stm32f1xx_hal_tim.o
    0x080034a6   0x080034a6   0x00000002   PAD
    0x080034a8   0x080034a8   0x00000002   Code   RO          753    .text.HAL_TIM_PWM_PulseFinishedCallback  stm32f1xx_hal_tim.o
    0x080034aa   0x080034aa   0x00000002   PAD
    0x080034ac   0x080034ac   0x000000da   Code   RO          675    .text.HAL_TIM_PWM_Start  stm32f1xx_hal_tim.o
    0x08003586   0x08003586   0x00000002   PAD
    0x08003588   0x08003588   0x00000140   Code   RO         1067    .text.HAL_TIM_PeriodElapsedCallback  decoder.o
    0x080036c8   0x080036c8   0x00000058   Code   RO          797    .text.HAL_TIM_SlaveConfigSynchro  stm32f1xx_hal_tim.o
    0x08003720   0x08003720   0x00000002   Code   RO          757    .text.HAL_TIM_TriggerCallback  stm32f1xx_hal_tim.o
    0x08003722   0x08003722   0x00000002   PAD
    0x08003724   0x08003724   0x00000002   Code   RO         1016    .text.HAL_UARTEx_RxEventCallback  stm32f1xx_hal_uart.o
    0x08003726   0x08003726   0x00000002   PAD
    0x08003728   0x08003728   0x00000002   Code   RO         1014    .text.HAL_UART_ErrorCallback  stm32f1xx_hal_uart.o
    0x0800372a   0x0800372a   0x00000002   PAD
    0x0800372c   0x0800372c   0x00000570   Code   RO         1008    .text.HAL_UART_IRQHandler  stm32f1xx_hal_uart.o
    0x08003c9c   0x08003c9c   0x000000e2   Code   RO          932    .text.HAL_UART_Init  stm32f1xx_hal_uart.o
    0x08003d7e   0x08003d7e   0x00000002   PAD
    0x08003d80   0x08003d80   0x000000d6   Code   RO          110    .text.HAL_UART_MspInit  usart.o
    0x08003e56   0x08003e56   0x00000002   PAD
    0x08003e58   0x08003e58   0x00000054   Code   RO          952    .text.HAL_UART_Receive_IT  stm32f1xx_hal_uart.o
    0x08003eac   0x08003eac   0x0000006a   Code   RO         1144    .text.HAL_UART_RxCpltCallback  interrupt.o
    0x08003f16   0x08003f16   0x00000002   PAD
    0x08003f18   0x08003f18   0x00000192   Code   RO          946    .text.HAL_UART_Transmit  stm32f1xx_hal_uart.o
    0x080040aa   0x080040aa   0x00000002   PAD
    0x080040ac   0x080040ac   0x00000002   Code   RO         1018    .text.HAL_UART_TxCpltCallback  stm32f1xx_hal_uart.o
    0x080040ae   0x080040ae   0x00000002   PAD
    0x080040b0   0x080040b0   0x00000002   Code   RO          126    .text.HardFault_Handler  stm32f1xx_it.o
    0x080040b2   0x080040b2   0x00000002   PAD
    0x080040b4   0x080040b4   0x000000e6   Code   RO         1561    .text.I2C_ReadOneByte  ioi2c.o
    0x0800419a   0x0800419a   0x00000002   PAD
    0x0800419c   0x0800419c   0x00000184   Code   RO         1559    .text.IIC_Read_Byte  ioi2c.o
    0x08004320   0x08004320   0x00000110   Code   RO         1553    .text.IIC_Send_Byte  ioi2c.o
    0x08004430   0x08004430   0x00000084   Code   RO         1547    .text.IIC_Wait_Ack  ioi2c.o
    0x080044b4   0x080044b4   0x00000038   Code   RO         1573    .text.IICwriteBit   ioi2c.o
    0x080044ec   0x080044ec   0x00000056   Code   RO         1571    .text.IICwriteBits  ioi2c.o
    0x08004542   0x08004542   0x00000002   PAD
    0x08004544   0x08004544   0x000000ae   Code   RO         1565    .text.IICwriteBytes  ioi2c.o
    0x080045f2   0x080045f2   0x00000002   PAD
    0x080045f4   0x080045f4   0x000001aa   Code   RO         1175    .text.Kalman_Filter  filter.o
    0x0800479e   0x0800479e   0x00000002   PAD
    0x080047a0   0x080047a0   0x00000072   Code   RO         1270    .text.Location      controlapid.o
    0x08004812   0x08004812   0x00000002   PAD
    0x08004814   0x08004814   0x0000005c   Code   RO         1109    .text.MOTO_init     moto.o
    0x08004870   0x08004870   0x00000070   Code   RO         1601    .text.MPU6050_initialize  mpu6050.o
    0x080048e0   0x080048e0   0x00000058   Code   RO           59    .text.MX_ADC1_Init  adc.o
    0x08004938   0x08004938   0x00000166   Code   RO           50    .text.MX_GPIO_Init  gpio.o
    0x08004a9e   0x08004a9e   0x00000002   PAD
    0x08004aa0   0x08004aa0   0x000000a6   Code   RO           74    .text.MX_TIM1_Init  tim.o
    0x08004b46   0x08004b46   0x00000002   PAD
    0x08004b48   0x08004b48   0x00000066   Code   RO           76    .text.MX_TIM2_Init  tim.o
    0x08004bae   0x08004bae   0x00000002   PAD
    0x08004bb0   0x08004bb0   0x0000006a   Code   RO           78    .text.MX_TIM3_Init  tim.o
    0x08004c1a   0x08004c1a   0x00000002   PAD
    0x08004c1c   0x08004c1c   0x0000011c   Code   RO           80    .text.MX_TIM4_Init  tim.o
    0x08004d38   0x08004d38   0x0000003c   Code   RO          106    .text.MX_USART1_UART_Init  usart.o
    0x08004d74   0x08004d74   0x0000003c   Code   RO          108    .text.MX_USART2_UART_Init  usart.o
    0x08004db0   0x08004db0   0x00000002   Code   RO          128    .text.MemManage_Handler  stm32f1xx_it.o
    0x08004db2   0x08004db2   0x00000002   PAD
    0x08004db4   0x08004db4   0x00000100   Code   RO         1111    .text.Moto_SetPwm   moto.o
    0x08004eb4   0x08004eb4   0x00000002   Code   RO          124    .text.NMI_Handler   stm32f1xx_it.o
    0x08004eb6   0x08004eb6   0x00000002   PAD
    0x08004eb8   0x08004eb8   0x00000002   Code   RO          138    .text.PendSV_Handler  stm32f1xx_it.o
    0x08004eba   0x08004eba   0x00000002   PAD
    0x08004ebc   0x08004ebc   0x00000148   Code   RO         1607    .text.Read_DMP      mpu6050.o
    0x08005004   0x08005004   0x0000006a   Code   RO         1609    .text.Read_Temperature  mpu6050.o
    0x0800506e   0x0800506e   0x00000002   PAD
    0x08005070   0x08005070   0x0000003c   Code   RO         1069    .text.Read_Velocity_L  decoder.o
    0x080050ac   0x080050ac   0x0000003a   Code   RO         1071    .text.Read_Velocity_R  decoder.o
    0x080050e6   0x080050e6   0x00000002   PAD
    0x080050e8   0x080050e8   0x00000002   Code   RO          134    .text.SVC_Handler   stm32f1xx_it.o
    0x080050ea   0x080050ea   0x00000002   PAD
    0x080050ec   0x080050ec   0x00000004   Code   RO          140    .text.SysTick_Handler  stm32f1xx_it.o
    0x080050f0   0x080050f0   0x00000002   Code   RO         1052    .text.SystemInit    system_stm32f1xx.o
    0x080050f2   0x080050f2   0x00000002   PAD
    0x080050f4   0x080050f4   0x0000000c   Code   RO          144    .text.TIM1_UP_IRQHandler  stm32f1xx_it.o
    0x08005100   0x08005100   0x0000000c   Code   RO          146    .text.TIM2_IRQHandler  stm32f1xx_it.o
    0x0800510c   0x0800510c   0x0000000c   Code   RO          148    .text.TIM3_IRQHandler  stm32f1xx_it.o
    0x08005118   0x08005118   0x000000fa   Code   RO          799    .text.TIM_SlaveTimer_SetConfig  stm32f1xx_hal_tim.o
    0x08005212   0x08005212   0x00000002   PAD
    0x08005214   0x08005214   0x0000000c   Code   RO         1012    .text.UART_DMAAbortOnError  stm32f1xx_hal_uart.o
    0x08005220   0x08005220   0x000000fe   Code   RO         1010    .text.UART_Receive_IT  stm32f1xx_hal_uart.o
    0x0800531e   0x0800531e   0x00000002   PAD
    0x08005320   0x08005320   0x0000000c   Code   RO          150    .text.USART1_IRQHandler  stm32f1xx_it.o
    0x0800532c   0x0800532c   0x0000000c   Code   RO          152    .text.USART2_IRQHandler  stm32f1xx_it.o
    0x08005338   0x08005338   0x00000002   Code   RO          132    .text.UsageFault_Handler  stm32f1xx_it.o
    0x0800533a   0x0800533a   0x00000002   PAD
    0x0800533c   0x0800533c   0x00000012   Code   RO         1113    .text.Xianfu_pwm    moto.o
    0x0800534e   0x0800534e   0x00000002   PAD
    0x08005350   0x08005350   0x0000002a   Code   RO         1605    .text.__NVIC_SystemReset  mpu6050.o
    0x0800537a   0x0800537a   0x00000002   PAD
    0x0800537c   0x0800537c   0x00000058   Code   RO         1240    .text.balance       controlapid.o
    0x080053d4   0x080053d4   0x00000016   Code   RO         1086    .text.delay_init    delay.o
    0x080053ea   0x080053ea   0x00000002   PAD
    0x080053ec   0x080053ec   0x000000b0   Code   RO         1090    .text.delay_ms      delay.o
    0x0800549c   0x0800549c   0x0000009c   Code   RO         1088    .text.delay_us      delay.o
    0x08005538   0x08005538   0x000002a0   Code   RO         1505    .text.dmp_enable_feature  inv_mpu_dmp_motion_driver.o
    0x080057d8   0x080057d8   0x00000016   Code   RO         1469    .text.dmp_load_motion_driver_firmware  inv_mpu_dmp_motion_driver.o
    0x080057ee   0x080057ee   0x00000002   PAD
    0x080057f0   0x080057f0   0x000001b8   Code   RO         1517    .text.dmp_read_fifo  inv_mpu_dmp_motion_driver.o
    0x080059a8   0x080059a8   0x000000c0   Code   RO         1475    .text.dmp_set_accel_bias  inv_mpu_dmp_motion_driver.o
    0x08005a68   0x08005a68   0x00000070   Code   RO         1477    .text.dmp_set_fifo_rate  inv_mpu_dmp_motion_driver.o
    0x08005ad8   0x08005ad8   0x000000e0   Code   RO         1473    .text.dmp_set_gyro_bias  inv_mpu_dmp_motion_driver.o
    0x08005bb8   0x08005bb8   0x000000e8   Code   RO         1471    .text.dmp_set_orientation  inv_mpu_dmp_motion_driver.o
    0x08005ca0   0x08005ca0   0x00000126   Code   RO         1481    .text.dmp_set_tap_thresh  inv_mpu_dmp_motion_driver.o
    0x08005dc6   0x08005dc6   0x00000002   PAD
    0x08005dc8   0x08005dc8   0x00000020   Code   RO          104    .text.fputc         usart.o
    0x08005de8   0x08005de8   0x0000032e   Code   RO         1438    .text.get_st_biases  inv_mpu.o
    0x08006116   0x08006116   0x00000002   PAD
    0x08006118   0x08006118   0x0000013e   Code   RO         1557    .text.i2cRead       ioi2c.o
    0x08006256   0x08006256   0x00000002   PAD
    0x08006258   0x08006258   0x000000e4   Code   RO         1555    .text.i2cWrite      ioi2c.o
    0x0800633c   0x0800633c   0x0000003a   Code   RO         1223    .text.key_proc      proc.o
    0x08006376   0x08006376   0x00000002   PAD
    0x08006378   0x08006378   0x00000224   Code   RO           11    .text.main          main.o
    0x0800659c   0x0800659c   0x000000a4   Code   RO         1384    .text.mpu_configure_fifo  inv_mpu.o
    0x08006640   0x08006640   0x00000036   Code   RO         1408    .text.mpu_get_accel_fsr  inv_mpu.o
    0x08006676   0x08006676   0x00000002   PAD
    0x08006678   0x08006678   0x00000040   Code   RO         1420    .text.mpu_get_accel_sens  inv_mpu.o
    0x080066b8   0x080066b8   0x0000004e   Code   RO         1418    .text.mpu_get_gyro_sens  inv_mpu.o
    0x08006706   0x08006706   0x00000002   PAD
    0x08006708   0x08006708   0x000001c4   Code   RO         1374    .text.mpu_init      inv_mpu.o
    0x080068cc   0x080068cc   0x00000132   Code   RO         1444    .text.mpu_load_firmware  inv_mpu.o
    0x080069fe   0x080069fe   0x00000002   PAD
    0x08006a00   0x08006a00   0x0000022c   Code   RO         1390    .text.mpu_lp_accel_mode  inv_mpu.o
    0x08006c2c   0x08006c2c   0x000000be   Code   RO         1430    .text.mpu_read_fifo_stream  inv_mpu.o
    0x08006cea   0x08006cea   0x00000002   PAD
    0x08006cec   0x08006cec   0x0000016c   Code   RO         1404    .text.mpu_reset_fifo  inv_mpu.o
    0x08006e58   0x08006e58   0x0000088c   Code   RO         1434    .text.mpu_run_self_test  inv_mpu.o
    0x080076e4   0x080076e4   0x0000006e   Code   RO         1378    .text.mpu_set_accel_fsr  inv_mpu.o
    0x08007752   0x08007752   0x00000002   PAD
    0x08007754   0x08007754   0x000000ee   Code   RO         1386    .text.mpu_set_bypass  inv_mpu.o
    0x08007842   0x08007842   0x00000002   PAD
    0x08007844   0x08007844   0x000000e0   Code   RO         1436    .text.mpu_set_dmp_state  inv_mpu.o
    0x08007924   0x08007924   0x0000009c   Code   RO         1380    .text.mpu_set_lpf   inv_mpu.o
    0x080079c0   0x080079c0   0x00000148   Code   RO         1382    .text.mpu_set_sample_rate  inv_mpu.o
    0x08007b08   0x08007b08   0x000000e4   Code   RO         1388    .text.mpu_set_sensors  inv_mpu.o
    0x08007bec   0x08007bec   0x00000080   Code   RO         1440    .text.mpu_write_mem  inv_mpu.o
    0x08007c6c   0x08007c6c   0x00000002   Code   RO         1396    .text.myget_ms      inv_mpu.o
    0x08007c6e   0x08007c6e   0x00000002   PAD
    0x08007c70   0x08007c70   0x00000022   Code   RO         1236    .text.pid_init      controlapid.o
    0x08007c92   0x08007c92   0x00000002   PAD
    0x08007c94   0x08007c94   0x000002a4   Code   RO         1221    .text.rx1_proc      proc.o
    0x08007f38   0x08007f38   0x0000007e   Code   RO         1217    .text.rx_proc       proc.o
    0x08007fb6   0x08007fb6   0x00000002   PAD
    0x08007fb8   0x08007fb8   0x00000044   Code   RO         1250    .text.turnInit      controlapid.o
    0x08007ffc   0x08007ffc   0x000000ce   Code   RO         1242    .text.velocitydir2  controlapid.o
    0x080080ca   0x080080ca   0x00000002   PAD
    0x080080cc   0x080080cc   0x00000020   Code   RO         1983    i.__0printf         mc_w.l(printfa.o)
    0x080080ec   0x080080ec   0x00000028   Code   RO         2084    i.__ARM_fpclassify  m_ws.l(fpclassify.o)
    0x08008114   0x08008114   0x000000aa   Code   RO         2086    i.__kernel_poly     m_ws.l(poly.o)
    0x080081be   0x080081be   0x00000006   Code   RO         2071    i.__mathlib_dbl_infnan  m_ws.l(dunder.o)
    0x080081c4   0x080081c4   0x00000004   Code   RO         2072    i.__mathlib_dbl_infnan2  m_ws.l(dunder.o)
    0x080081c8   0x080081c8   0x0000000c   Code   RO         2073    i.__mathlib_dbl_invalid  m_ws.l(dunder.o)
    0x080081d4   0x080081d4   0x00000010   Code   RO         2076    i.__mathlib_dbl_underflow  m_ws.l(dunder.o)
    0x080081e4   0x080081e4   0x0000000e   Code   RO         2167    i.__scatterload_copy  mc_w.l(handlers.o)
    0x080081f2   0x080081f2   0x00000002   Code   RO         2168    i.__scatterload_null  mc_w.l(handlers.o)
    0x080081f4   0x080081f4   0x0000000e   Code   RO         2169    i.__scatterload_zeroinit  mc_w.l(handlers.o)
    0x08008202   0x08008202   0x00000002   PAD
    0x08008204   0x08008204   0x0000000c   Code   RO         2128    i.__set_errno       mc_w.l(errno.o)
    0x08008210   0x08008210   0x00000184   Code   RO         1990    i._fp_digits        mc_w.l(printfa.o)
    0x08008394   0x08008394   0x0000000e   Code   RO         2017    i._is_digit         mc_w.l(scanf_fp.o)
    0x080083a2   0x080083a2   0x00000002   PAD
    0x080083a4   0x080083a4   0x000006dc   Code   RO         1991    i._printf_core      mc_w.l(printfa.o)
    0x08008a80   0x08008a80   0x00000024   Code   RO         1992    i._printf_post_padding  mc_w.l(printfa.o)
    0x08008aa4   0x08008aa4   0x0000002e   Code   RO         1993    i._printf_pre_padding  mc_w.l(printfa.o)
    0x08008ad2   0x08008ad2   0x00000002   PAD
    0x08008ad4   0x08008ad4   0x00000270   Code   RO         1719    i.asin              m_ws.l(asin.o)
    0x08008d44   0x08008d44   0x00000220   Code   RO         2066    i.atan              m_ws.l(atan.o)
    0x08008f64   0x08008f64   0x0000019c   Code   RO         1724    i.atan2             m_ws.l(atan2.o)
    0x08009100   0x08009100   0x00000024   Code   RO         1730    i.puts              mc_w.l(puts.o)
    0x08009124   0x08009124   0x0000004c   Code   RO         2090    i.sqrt              m_ws.l(sqrt.o)
    0x08009170   0x08009170   0x00000050   Data   RO         1720    .constdata          m_ws.l(asin.o)
    0x080091c0   0x080091c0   0x00000098   Data   RO         2067    .constdata          m_ws.l(atan.o)
    0x08009258   0x08009258   0x00000008   Data   RO         2088    .constdata          m_ws.l(qnan.o)
    0x08009260   0x08009260   0x00000040   Data   RO         2163    .constdata          mc_w.l(ctype_c.o)
    0x080092a0   0x080092a0   0x00000003   Data   RO         1525    .rodata..L__const.dmp_set_orientation.accel_axes  inv_mpu_dmp_motion_driver.o
    0x080092a3   0x080092a3   0x00000003   Data   RO         1524    .rodata..L__const.dmp_set_orientation.gyro_axes  inv_mpu_dmp_motion_driver.o
    0x080092a6   0x080092a6   0x00000010   Data   RO         1057    .rodata.AHBPrescTable  system_stm32f1xx.o
    0x080092b6   0x080092b6   0x00000008   Data   RO         1058    .rodata.APBPrescTable  system_stm32f1xx.o
    0x080092be   0x080092be   0x00000002   Data   RO          369    .rodata.HAL_RCC_GetSysClockFreq.aPredivFactorTable  stm32f1xx_hal_rcc.o
    0x080092c0   0x080092c0   0x00000010   Data   RO          368    .rodata.cst16       stm32f1xx_hal_rcc.o
    0x080092d0   0x080092d0   0x00000018   Data   RO         1459    .rodata.cst8        inv_mpu.o
    0x080092e8   0x080092e8   0x00000bf6   Data   RO         1523    .rodata.dmp_memory  inv_mpu_dmp_motion_driver.o
    0x08009ede   0x08009ede   0x0000000c   Data   RO         1454    .rodata.hw          inv_mpu.o
    0x08009eea   0x08009eea   0x0000001b   Data   RO         1455    .rodata.reg         inv_mpu.o
    0x08009f05   0x08009f05   0x00000094   Data   RO         1226    .rodata.str1.1      proc.o
    0x08009f99   0x08009f99   0x0000004d   Data   RO         1458    .rodata.str1.1      inv_mpu.o
    0x08009fe6   0x08009fe6   0x000000d0   Data   RO         1617    .rodata.str1.1      mpu6050.o
    0x0800a0b6   0x0800a0b6   0x00000002   PAD
    0x0800a0b8   0x0800a0b8   0x00000028   Data   RO         1456    .rodata.test        inv_mpu.o
    0x0800a0e0   0x0800a0e0   0x00000020   Data   RO         2166    Region$$Table       anon$$obj.o


    Execution Region RW_IRAM1 (Exec base: 0x20000000, Load base: 0x0800a100, Size: 0x00000968, Max: 0x00005000, ABSOLUTE)

    Exec Addr    Load Addr    Size         Type   Attr      Idx    E Section Name        Object

    0x20000000   0x0800a100   0x00000004   Data   RW         2129    .data               mc_w.l(errno.o)
    0x20000004   0x0800a104   0x00000010   Data   RW           40    .data..L_MergedGlobals  main.o
    0x20000014   0x0800a114   0x00000008   Data   RW          331    .data..L_MergedGlobals  stm32f1xx_hal.o
    0x2000001c   0x0800a11c   0x00000024   Data   RW         1184    .data..L_MergedGlobals  filter.o
    0x20000040   0x0800a140   0x00000008   Data   RW         1299    .data..L_MergedGlobals  controlapid.o
    0x20000048   0x0800a148   0x00000004   Data   RW         1181    .data.K1            filter.o
    0x2000004c   0x0800a14c   0x00000004   Data   RW         1056    .data.SystemCoreClock  system_stm32f1xx.o
    0x20000050   0x0800a150   0x00000004   Data   RW           17    .data.ZhongZhi      main.o
    0x20000054   0x0800a154   0x00000004   Data   RW         1611    .data.q0            mpu6050.o
    0x20000058   0x0800a158   0x0000002c   Data   RW         1457    .data.st            inv_mpu.o
    0x20000084   0x0800a184   0x00000004   Data   RW           21    .data.turn_kd       main.o
    0x20000088   0x0800a188   0x00000004   Data   RW           19    .data.turn_kp       main.o
    0x2000008c   0x0800a18c   0x00000004   PAD
    0x20000090        -       0x00000040   Zero   RW         1077    .bss..L_MergedGlobals  decoder.o
    0x200000d0        -       0x00000004   Zero   RW         1092    .bss..L_MergedGlobals  delay.o
    0x200000d4        -       0x00000008   Zero   RW         1115    .bss..L_MergedGlobals  moto.o
    0x200000dc        -       0x00000058   Zero   RW         1150    .bss..L_MergedGlobals  interrupt.o
    0x20000134        -       0x00000002   Zero   RW         1227    .bss..L_MergedGlobals  proc.o
    0x20000136   0x0800a18c   0x00000002   PAD
    0x20000138        -       0x00000010   Zero   RW         1532    .bss..L_MergedGlobals  inv_mpu_dmp_motion_driver.o
    0x20000148        -       0x00000024   Zero   RW         1618    .bss..L_MergedGlobals  mpu6050.o
    0x2000016c        -       0x00000050   Zero   RW         1185    .bss..L_MergedGlobals.1  filter.o
    0x200001bc        -       0x00000008   Zero   RW           41    .bss..L_MergedGlobals.2  main.o
    0x200001c4        -       0x0000007c   Zero   RW         1347    .bss..L_MergedGlobals.32  task.o
    0x20000240        -       0x00000068   Zero   RW         1300    .bss..L_MergedGlobals.4  controlapid.o
    0x200002a8        -       0x00000004   Zero   RW           35    .bss.Acceleration_Z  main.o
    0x200002ac        -       0x00000004   Zero   RW           32    .bss.Angle_Balance  main.o
    0x200002b0        -       0x00000004   Zero   RW           33    .bss.Gyro_Balance   main.o
    0x200002b4        -       0x00000004   Zero   RW           34    .bss.Gyro_Turn      main.o
    0x200002b8        -       0x00000054   Zero   RW         1135    .bss.__stdout       printf.o
    0x2000030c        -       0x0000002c   Zero   RW         1290    .bss.bal            controlapid.o
    0x20000338        -       0x00000002   Zero   RW         1526    .bss.dmp.2          inv_mpu_dmp_motion_driver.o
    0x2000033a   0x0800a18c   0x00000002   PAD
    0x2000033c        -       0x00000002   Zero   RW         1527    .bss.dmp.4          inv_mpu_dmp_motion_driver.o
    0x2000033e   0x0800a18c   0x00000002   PAD
    0x20000340        -       0x00000004   Zero   RW         1296    .bss.encoder_speed  controlapid.o
    0x20000344        -       0x00000030   Zero   RW           65    .bss.hadc1          adc.o
    0x20000374        -       0x00000048   Zero   RW           92    .bss.htim1          tim.o
    0x200003bc        -       0x00000048   Zero   RW           93    .bss.htim2          tim.o
    0x20000404        -       0x00000048   Zero   RW           94    .bss.htim3          tim.o
    0x2000044c        -       0x00000048   Zero   RW           95    .bss.htim4          tim.o
    0x20000494        -       0x00000048   Zero   RW          114    .bss.huart1         usart.o
    0x200004dc        -       0x00000048   Zero   RW          115    .bss.huart2         usart.o
    0x20000524        -       0x00000004   Zero   RW           37    .bss.moto_pwm_l     main.o
    0x20000528        -       0x00000004   Zero   RW           38    .bss.moto_pwm_r     main.o
    0x2000052c        -       0x00000004   Zero   RW           18    .bss.setAngleForward  main.o
    0x20000530        -       0x00000004   Zero   RW           31    .bss.temp           main.o
    0x20000534        -       0x00000004   Zero   RW          330    .bss.uwTick         stm32f1xx_hal.o
    0x20000538        -       0x0000002c   Zero   RW         1291    .bss.velo           controlapid.o
    0x20000564   0x0800a18c   0x00000004   PAD
    0x20000568        -       0x00000400   Zero   RW            1    STACK               startup_stm32f103xb.o


==============================================================================

Image component sizes


      Code (inc. data)   RO Data    RW Data    ZI Data      Debug   Object Name

       190          0          0          0         48       4121   adc.o
       510          6          0          8        196      10114   controlapid.o
       438         88          0          0         64       5180   decoder.o
       354          0          0          0          4       1679   delay.o
      1158          0          0         40         80       2708   filter.o
         8          0          0          0          0       1324   fun.o
       358          0          0          0          0       2793   gpio.o
       288          0          0          0         88       4255   interrupt.o
      6644        126        180         44          0      29272   inv_mpu.o
      2188          8       3068          0         20      11565   inv_mpu_dmp_motion_driver.o
      1884          0          0          0          0       8369   ioi2c.o
       558         20          0         28         40       6697   main.o
       366          0          0          0          8       2826   moto.o
      1176        136        208          4         36       7357   mpu6050.o
         0          0          0          0         84        703   printf.o
       860        132        148          0          2       2594   proc.o
        36          8        236          0       1024        772   startup_stm32f103xb.o
       148          0          0          8          4       5740   stm32f1xx_hal.o
       662          0          0          0          0      13511   stm32f1xx_hal_adc.o
       238          0          0          0          0       8395   stm32f1xx_hal_cortex.o
       252          0          0          0          0       8543   stm32f1xx_hal_dma.o
       568         22          0          0          0       4737   stm32f1xx_hal_gpio.o
        66          0          0          0          0       1181   stm32f1xx_hal_msp.o
      1542          0         18          0          0       8048   stm32f1xx_hal_rcc.o
       258          0          0          0          0       3652   stm32f1xx_hal_rcc_ex.o
      2976         16          0          0          0      58552   stm32f1xx_hal_tim.o
       130          0          0          0          0      21193   stm32f1xx_hal_tim_ex.o
      2376          0          0          0          0      33133   stm32f1xx_hal_uart.o
        86          0          0          0          0       6012   stm32f1xx_it.o
         2          0         24          4          0       1559   system_stm32f1xx.o
         0          0          0          0        124      15910   task.o
       948          0          0          0        288       9699   tim.o
       366          0          0          0        144       6247   usart.o

    ----------------------------------------------------------------------
     27800        562       3916        136       2268     308441   Object Totals
         0          0         32          0          0          0   (incl. Generated)
       166          0          2          0         14          0   (incl. Padding)

    ----------------------------------------------------------------------

      Code (inc. data)   RO Data    RW Data    ZI Data      Debug   Library Member Name

       624         52         80          0          0        168   asin.o
       544         70        152          0          0        124   atan.o
       412         38          0          0          0        144   atan2.o
        38          6          0          0          0        272   dunder.o
        40          0          0          0          0         68   fpclassify.o
       170          0          0          0          0         96   poly.o
         0          0          8          0          0          0   qnan.o
        76          0          0          0          0         84   sqrt.o
        56          8          0          0          0         84   __0sscanf.o
        28          0          0          0          0         68   _chval.o
       812          4          0          0          0        112   _scanf.o
       332          0          0          0          0         96   _scanf_int.o
        64          0          0          0          0         84   _sgetc.o
        40          6         64          0          0         68   ctype_c.o
         0          0          0          0          0          0   entry.o
         0          0          0          0          0          0   entry10a.o
         0          0          0          0          0          0   entry11a.o
         8          4          0          0          0          0   entry2.o
         4          0          0          0          0          0   entry5.o
         0          0          0          0          0          0   entry7b.o
         0          0          0          0          0          0   entry8b.o
         8          4          0          0          0          0   entry9a.o
        12          6          0          4          0         68   errno.o
        30          0          0          0          0          0   handlers.o
        48         10          0          0          0         68   init.o
        10          0          0          0          0         68   isspace_c.o
         0          0          0          0          0          0   iusefp.o
        98          0          0          0          0         84   ldiv.o
        30          0          0          0          0         68   llshl.o
        36          0          0          0          0         68   llsshr.o
        32          0          0          0          0         68   llushr.o
        26          0          0          0          0         80   memcmp.o
      2258         90          0          0          0        452   printfa.o
        36          6          0          0          0         80   puts.o
        40          8          0          0          0         84   scanf_char.o
       878         12          0          0          0        216   scanf_fp.o
        14          0          0          0          0         68   strlen.o
        44          0          0          0          0         80   uidiv.o
        98          0          0          0          0         92   uldiv.o
        48          0          0          0          0         68   cdcmple.o
        48          0          0          0          0         68   cdrcmple.o
        56          0          0          0          0         88   d2f.o
       334          0          0          0          0        148   dadd.o
       222          0          0          0          0        100   ddiv.o
       186          0          0          0          0        176   depilogue.o
        62          0          0          0          0         80   dfixi.o
        48          0          0          0          0         68   dfixul.o
        34          0          0          0          0         76   dflti.o
        24          0          0          0          0         76   dfltul.o
       228          0          0          0          0         96   dmul.o
        46          0          0          0          0         80   dscalb.o
       162          0          0          0          0        100   dsqrt.o
        38          0          0          0          0         68   f2d.o
       176          0          0          0          0        140   fadd.o
        28          0          0          0          0         68   fcmpeq.o
        28          0          0          0          0         68   fcmpgt.o
        28          0          0          0          0         68   fcmple.o
        28          0          0          0          0         68   fcmplt.o
       124          0          0          0          0         88   fdiv.o
       110          0          0          0          0        168   fepilogue.o
        50          0          0          0          0         68   ffixi.o
        18          0          0          0          0         68   fflti.o
        10          0          0          0          0         68   ffltui.o
       100          0          0          0          0         76   fmul.o

    ----------------------------------------------------------------------
      9196        324        304          4          0       5352   Library Totals
        14          0          0          0          0          0   (incl. Padding)

    ----------------------------------------------------------------------

      Code (inc. data)   RO Data    RW Data    ZI Data      Debug   Library Name

      1904        166        240          0          0        956   m_ws.l
      5042        158         64          4          0       2156   mc_w.l
      2236          0          0          0          0       2240   mf_w.l

    ----------------------------------------------------------------------
      9196        324        304          4          0       5352   Library Totals

    ----------------------------------------------------------------------

==============================================================================


      Code (inc. data)   RO Data    RW Data    ZI Data      Debug   

     36996        886       4220        140       2268     310349   Grand Totals
     36996        886       4220        140       2268     310349   ELF Image Totals
     36996        886       4220        140          0          0   ROM Totals

==============================================================================

    Total RO  Size (Code + RO Data)                41216 (  40.25kB)
    Total RW  Size (RW Data + ZI Data)              2408 (   2.35kB)
    Total ROM Size (Code + RO Data + RW Data)      41356 (  40.39kB)

==============================================================================

